[  0%] Built target bs2_default
[  1%] Built target bs2_default_library
[ 20%] Built target freertos_kernel_port
[ 20%] Built target pico_node_dshot_pio_h
[ 20%] Built target pico_node_telemetry_pio_h
[ 41%] Built target freertos_kernel
Consolidate compiler generated dependencies of target pico_node
[ 42%] Building C object CMakeFiles/pico_node.dir/src/pico_node.c.o
In file included from /home/konn/altair_project/software/pico_firmware/build/_deps/freertos-kernel-src/include/./FreeRTOS.h:64,
                 from /home/konn/altair_project/software/pico_firmware/src/pico_node.h:5,
                 from /home/konn/altair_project/software/pico_firmware/src/pico_node.c:1:
/home/konn/altair_project/software/pico_firmware/src/FreeRTOSConfig.h:4:9: note: '#pragma message: Using Custom FreeRTOSConfig.h'
    4 | #pragma message "Using Custom FreeRTOSConfig.h"
      |         ^~~~~~~
/home/konn/altair_project/software/pico_firmware/src/pico_node.c:30:1: error: unknown type name 'std_msgs__msg__Float32MultiArray'
   30 | std_msgs__msg__Float32MultiArray motor_msg;
      | ^~~~~~~~~~~~~~~~~~~~~~~~~~~~~~~~
/home/konn/altair_project/software/pico_firmware/src/pico_node.c:31:1: error: unknown type name 'sensor_msgs__msg__Imu'
   31 | sensor_msgs__msg__Imu imu_msg;
      | ^~~~~~~~~~~~~~~~~~~~~
/home/konn/altair_project/software/pico_firmware/src/pico_node.c:32:1: error: unknown type name 'std_msgs__msg__Float32MultiArray'
   32 | std_msgs__msg__Float32MultiArray esc_msg;
      | ^~~~~~~~~~~~~~~~~~~~~~~~~~~~~~~~
/home/konn/altair_project/software/pico_firmware/src/pico_node.c: In function 'motor_callback':
/home/konn/altair_project/software/pico_firmware/src/pico_node.c:42:11: error: unknown type name 'std_msgs__msg__Float32MultiArray'
   42 |     const std_msgs__msg__Float32MultiArray * msg = (const std_msgs__msg__Float32MultiArray *)msgin;
      |           ^~~~~~~~~~~~~~~~~~~~~~~~~~~~~~~~
/home/konn/altair_project/software/pico_firmware/src/pico_node.c:42:59: error: unknown type name 'std_msgs__msg__Float32MultiArray'
   42 |     const std_msgs__msg__Float32MultiArray * msg = (const std_msgs__msg__Float32MultiArray *)msgin;
      |                                                           ^~~~~~~~~~~~~~~~~~~~~~~~~~~~~~~~
/home/konn/altair_project/software/pico_firmware/src/pico_node.c:44:12: error: request for member 'data' in something not a structure or union
   44 |     if (msg->data.size == 6) {
      |            ^~
/home/konn/altair_project/software/pico_firmware/src/pico_node.c:47:42: error: request for member 'data' in something not a structure or union
   47 |             g_motor_state.motors[i] = msg->data.data[i];
      |                                          ^~
/home/konn/altair_project/software/pico_firmware/src/pico_node.c: In function 'task_microros':
/home/konn/altair_project/software/pico_firmware/src/pico_node.c:120:5: warning: implicit declaration of function 'rmw_uros_set_custom_transport' [-Wimplicit-function-declaration]
  120 |     rmw_uros_set_custom_transport(
      |     ^~~~~~~~~~~~~~~~~~~~~~~~~~~~~
/home/konn/altair_project/software/pico_firmware/src/pico_node.c:123:9: error: 'pico_serial_transport_open' undeclared (first use in this function)
  123 |         pico_serial_transport_open,
      |         ^~~~~~~~~~~~~~~~~~~~~~~~~~
/home/konn/altair_project/software/pico_firmware/src/pico_node.c:123:9: note: each undeclared identifier is reported only once for each function it appears in
/home/konn/altair_project/software/pico_firmware/src/pico_node.c:124:9: error: 'pico_serial_transport_close' undeclared (first use in this function)
  124 |         pico_serial_transport_close,
      |         ^~~~~~~~~~~~~~~~~~~~~~~~~~~
/home/konn/altair_project/software/pico_firmware/src/pico_node.c:125:9: error: 'pico_serial_transport_write' undeclared (first use in this function)
  125 |         pico_serial_transport_write,
      |         ^~~~~~~~~~~~~~~~~~~~~~~~~~~
/home/konn/altair_project/software/pico_firmware/src/pico_node.c:126:9: error: 'pico_serial_transport_read' undeclared (first use in this function)
  126 |         pico_serial_transport_read
      |         ^~~~~~~~~~~~~~~~~~~~~~~~~~
/home/konn/altair_project/software/pico_firmware/src/pico_node.c:136:12: warning: implicit declaration of function 'rmw_uros_ping_agent' [-Wimplicit-function-declaration]
  136 |     while (rmw_uros_ping_agent(100, 1) != RMW_RET_OK) {
      |            ^~~~~~~~~~~~~~~~~~~
In file included from /home/konn/altair_project/software/pico_firmware/build/_deps/pico_micro_ros-src/libmicroros/include/rosidl_runtime_c/message_type_support_struct.h:22,
                 from /home/konn/altair_project/software/pico_firmware/build/_deps/pico_micro_ros-src/libmicroros/include/rosidl_runtime_c/action_type_support_struct.h:18,
                 from /home/konn/altair_project/software/pico_firmware/build/_deps/pico_micro_ros-src/libmicroros/include/type_description_interfaces/srv/detail/get_type_description__functions.h:19,
                 from /home/konn/altair_project/software/pico_firmware/build/_deps/pico_micro_ros-src/libmicroros/include/type_description_interfaces/srv/get_type_description.h:9,
                 from /home/konn/altair_project/software/pico_firmware/build/_deps/pico_micro_ros-src/libmicroros/include/rcl/node.h:38,
                 from /home/konn/altair_project/software/pico_firmware/build/_deps/pico_micro_ros-src/libmicroros/include/rcl/rcl.h:77,
                 from /home/konn/altair_project/software/pico_firmware/src/pico_node.c:8:
/home/konn/altair_project/software/pico_firmware/build/_deps/pico_micro_ros-src/libmicroros/include/rosidl_runtime_c/message_type_support_struct.h:100:5: warning: implicit declaration of function 'rosidl_typesupport_c__get_message_type_support_handle__sensor_msgs__msg__Imu'; did you mean 'rosidl_typesupport_c__get_message_type_support_handle__std_msgs__msg__Int8'? [-Wimplicit-function-declaration]
  100 |     rosidl_typesupport_c, PkgName, MsgSubfolder, MsgName)()
      |     ^~~~~~~~~~~~~~~~~~~~
/home/konn/altair_project/software/pico_firmware/build/_deps/pico_micro_ros-src/libmicroros/include/rosidl_typesupport_interface/macros.h:26:3: note: in definition of macro 'ROSIDL_TYPESUPPORT_INTERFACE__SYMBOL_NAME'
   26 |   typesupport_name ## __ ## function_name ## __ ## \
      |   ^~~~~~~~~~~~~~~~
/home/konn/altair_project/software/pico_firmware/build/_deps/pico_micro_ros-src/libmicroros/include/rosidl_runtime_c/message_type_support_struct.h:99:3: note: in expansion of macro 'ROSIDL_TYPESUPPORT_INTERFACE__MESSAGE_SYMBOL_NAME'
   99 |   ROSIDL_TYPESUPPORT_INTERFACE__MESSAGE_SYMBOL_NAME( \
      |   ^~~~~~~~~~~~~~~~~~~~~~~~~~~~~~~~~~~~~~~~~~~~~~~~~
/home/konn/altair_project/software/pico_firmware/src/pico_node.c:146:9: note: in expansion of macro 'ROSIDL_GET_MSG_TYPE_SUPPORT'
  146 |         ROSIDL_GET_MSG_TYPE_SUPPORT(sensor_msgs, msg, Imu),
      |         ^~~~~~~~~~~~~~~~~~~~~~~~~~~
/home/konn/altair_project/software/pico_firmware/build/_deps/pico_micro_ros-src/libmicroros/include/rosidl_runtime_c/message_type_support_struct.h:100:5: warning: passing argument 3 of 'rclc_publisher_init_best_effort' makes pointer from integer without a cast [-Wint-conversion]
  100 |     rosidl_typesupport_c, PkgName, MsgSubfolder, MsgName)()
      |     ^
      |     |
      |     int
/home/konn/altair_project/software/pico_firmware/build/_deps/pico_micro_ros-src/libmicroros/include/rosidl_typesupport_interface/macros.h:26:3: note: in definition of macro 'ROSIDL_TYPESUPPORT_INTERFACE__SYMBOL_NAME'
   26 |   typesupport_name ## __ ## function_name ## __ ## \
      |   ^~~~~~~~~~~~~~~~
/home/konn/altair_project/software/pico_firmware/build/_deps/pico_micro_ros-src/libmicroros/include/rosidl_runtime_c/message_type_support_struct.h:99:3: note: in expansion of macro 'ROSIDL_TYPESUPPORT_INTERFACE__MESSAGE_SYMBOL_NAME'
   99 |   ROSIDL_TYPESUPPORT_INTERFACE__MESSAGE_SYMBOL_NAME( \
      |   ^~~~~~~~~~~~~~~~~~~~~~~~~~~~~~~~~~~~~~~~~~~~~~~~~
/home/konn/altair_project/software/pico_firmware/src/pico_node.c:146:9: note: in expansion of macro 'ROSIDL_GET_MSG_TYPE_SUPPORT'
  146 |         ROSIDL_GET_MSG_TYPE_SUPPORT(sensor_msgs, msg, Imu),
      |         ^~~~~~~~~~~~~~~~~~~~~~~~~~~
In file included from /home/konn/altair_project/software/pico_firmware/build/_deps/pico_micro_ros-src/libmicroros/include/rclc/rclc.h:30,
                 from /home/konn/altair_project/software/pico_firmware/src/pico_node.c:10:
/home/konn/altair_project/software/pico_firmware/build/_deps/pico_micro_ros-src/libmicroros/include/rclc/publisher.h:80:41: note: expected 'const rosidl_message_type_support_t *' but argument is of type 'int'
   80 |   const rosidl_message_type_support_t * type_support,
      |   ~~~~~~~~~~~~~~~~~~~~~~~~~~~~~~~~~~~~~~^~~~~~~~~~~~
In file included from /home/konn/altair_project/software/pico_firmware/build/_deps/pico_micro_ros-src/libmicroros/include/rosidl_runtime_c/message_type_support_struct.h:22,
                 from /home/konn/altair_project/software/pico_firmware/build/_deps/pico_micro_ros-src/libmicroros/include/rosidl_runtime_c/action_type_support_struct.h:18,
                 from /home/konn/altair_project/software/pico_firmware/build/_deps/pico_micro_ros-src/libmicroros/include/type_description_interfaces/srv/detail/get_type_description__functions.h:19,
                 from /home/konn/altair_project/software/pico_firmware/build/_deps/pico_micro_ros-src/libmicroros/include/type_description_interfaces/srv/get_type_description.h:9,
                 from /home/konn/altair_project/software/pico_firmware/build/_deps/pico_micro_ros-src/libmicroros/include/rcl/node.h:38,
                 from /home/konn/altair_project/software/pico_firmware/build/_deps/pico_micro_ros-src/libmicroros/include/rcl/rcl.h:77,
                 from /home/konn/altair_project/software/pico_firmware/src/pico_node.c:8:
/home/konn/altair_project/software/pico_firmware/build/_deps/pico_micro_ros-src/libmicroros/include/rosidl_runtime_c/message_type_support_struct.h:100:5: warning: implicit declaration of function 'rosidl_typesupport_c__get_message_type_support_handle__std_msgs__msg__Float32MultiArray'; did you mean 'rosidl_typesupport_c__get_message_type_support_handle__action_msgs__msg__GoalStatusArray'? [-Wimplicit-function-declaration]
  100 |     rosidl_typesupport_c, PkgName, MsgSubfolder, MsgName)()
      |     ^~~~~~~~~~~~~~~~~~~~
/home/konn/altair_project/software/pico_firmware/build/_deps/pico_micro_ros-src/libmicroros/include/rosidl_typesupport_interface/macros.h:26:3: note: in definition of macro 'ROSIDL_TYPESUPPORT_INTERFACE__SYMBOL_NAME'
   26 |   typesupport_name ## __ ## function_name ## __ ## \
      |   ^~~~~~~~~~~~~~~~
/home/konn/altair_project/software/pico_firmware/build/_deps/pico_micro_ros-src/libmicroros/include/rosidl_runtime_c/message_type_support_struct.h:99:3: note: in expansion of macro 'ROSIDL_TYPESUPPORT_INTERFACE__MESSAGE_SYMBOL_NAME'
   99 |   ROSIDL_TYPESUPPORT_INTERFACE__MESSAGE_SYMBOL_NAME( \
      |   ^~~~~~~~~~~~~~~~~~~~~~~~~~~~~~~~~~~~~~~~~~~~~~~~~
/home/konn/altair_project/software/pico_firmware/src/pico_node.c:153:9: note: in expansion of macro 'ROSIDL_GET_MSG_TYPE_SUPPORT'
  153 |         ROSIDL_GET_MSG_TYPE_SUPPORT(std_msgs, msg, Float32MultiArray),
      |         ^~~~~~~~~~~~~~~~~~~~~~~~~~~
/home/konn/altair_project/software/pico_firmware/build/_deps/pico_micro_ros-src/libmicroros/include/rosidl_runtime_c/message_type_support_struct.h:100:5: warning: passing argument 3 of 'rclc_publisher_init_best_effort' makes pointer from integer without a cast [-Wint-conversion]
  100 |     rosidl_typesupport_c, PkgName, MsgSubfolder, MsgName)()
      |     ^
      |     |
      |     int
/home/konn/altair_project/software/pico_firmware/build/_deps/pico_micro_ros-src/libmicroros/include/rosidl_typesupport_interface/macros.h:26:3: note: in definition of macro 'ROSIDL_TYPESUPPORT_INTERFACE__SYMBOL_NAME'
   26 |   typesupport_name ## __ ## function_name ## __ ## \
      |   ^~~~~~~~~~~~~~~~
/home/konn/altair_project/software/pico_firmware/build/_deps/pico_micro_ros-src/libmicroros/include/rosidl_runtime_c/message_type_support_struct.h:99:3: note: in expansion of macro 'ROSIDL_TYPESUPPORT_INTERFACE__MESSAGE_SYMBOL_NAME'
   99 |   ROSIDL_TYPESUPPORT_INTERFACE__MESSAGE_SYMBOL_NAME( \
      |   ^~~~~~~~~~~~~~~~~~~~~~~~~~~~~~~~~~~~~~~~~~~~~~~~~
/home/konn/altair_project/software/pico_firmware/src/pico_node.c:153:9: note: in expansion of macro 'ROSIDL_GET_MSG_TYPE_SUPPORT'
  153 |         ROSIDL_GET_MSG_TYPE_SUPPORT(std_msgs, msg, Float32MultiArray),
      |         ^~~~~~~~~~~~~~~~~~~~~~~~~~~
In file included from /home/konn/altair_project/software/pico_firmware/build/_deps/pico_micro_ros-src/libmicroros/include/rclc/rclc.h:30,
                 from /home/konn/altair_project/software/pico_firmware/src/pico_node.c:10:
/home/konn/altair_project/software/pico_firmware/build/_deps/pico_micro_ros-src/libmicroros/include/rclc/publisher.h:80:41: note: expected 'const rosidl_message_type_support_t *' but argument is of type 'int'
   80 |   const rosidl_message_type_support_t * type_support,
      |   ~~~~~~~~~~~~~~~~~~~~~~~~~~~~~~~~~~~~~~^~~~~~~~~~~~
In file included from /home/konn/altair_project/software/pico_firmware/build/_deps/pico_micro_ros-src/libmicroros/include/rosidl_runtime_c/message_type_support_struct.h:22,
                 from /home/konn/altair_project/software/pico_firmware/build/_deps/pico_micro_ros-src/libmicroros/include/rosidl_runtime_c/action_type_support_struct.h:18,
                 from /home/konn/altair_project/software/pico_firmware/build/_deps/pico_micro_ros-src/libmicroros/include/type_description_interfaces/srv/detail/get_type_description__functions.h:19,
                 from /home/konn/altair_project/software/pico_firmware/build/_deps/pico_micro_ros-src/libmicroros/include/type_description_interfaces/srv/get_type_description.h:9,
                 from /home/konn/altair_project/software/pico_firmware/build/_deps/pico_micro_ros-src/libmicroros/include/rcl/node.h:38,
                 from /home/konn/altair_project/software/pico_firmware/build/_deps/pico_micro_ros-src/libmicroros/include/rcl/rcl.h:77,
                 from /home/konn/altair_project/software/pico_firmware/src/pico_node.c:8:
/home/konn/altair_project/software/pico_firmware/build/_deps/pico_micro_ros-src/libmicroros/include/rosidl_runtime_c/message_type_support_struct.h:100:5: warning: passing argument 3 of 'rclc_subscription_init_best_effort' makes pointer from integer without a cast [-Wint-conversion]
  100 |     rosidl_typesupport_c, PkgName, MsgSubfolder, MsgName)()
      |     ^
      |     |
      |     int
/home/konn/altair_project/software/pico_firmware/build/_deps/pico_micro_ros-src/libmicroros/include/rosidl_typesupport_interface/macros.h:26:3: note: in definition of macro 'ROSIDL_TYPESUPPORT_INTERFACE__SYMBOL_NAME'
   26 |   typesupport_name ## __ ## function_name ## __ ## \
      |   ^~~~~~~~~~~~~~~~
/home/konn/altair_project/software/pico_firmware/build/_deps/pico_micro_ros-src/libmicroros/include/rosidl_runtime_c/message_type_support_struct.h:99:3: note: in expansion of macro 'ROSIDL_TYPESUPPORT_INTERFACE__MESSAGE_SYMBOL_NAME'
   99 |   ROSIDL_TYPESUPPORT_INTERFACE__MESSAGE_SYMBOL_NAME( \
      |   ^~~~~~~~~~~~~~~~~~~~~~~~~~~~~~~~~~~~~~~~~~~~~~~~~
/home/konn/altair_project/software/pico_firmware/src/pico_node.c:160:9: note: in expansion of macro 'ROSIDL_GET_MSG_TYPE_SUPPORT'
  160 |         ROSIDL_GET_MSG_TYPE_SUPPORT(std_msgs, msg, Float32MultiArray),
      |         ^~~~~~~~~~~~~~~~~~~~~~~~~~~
In file included from /home/konn/altair_project/software/pico_firmware/build/_deps/pico_micro_ros-src/libmicroros/include/rclc/rclc.h:31,
                 from /home/konn/altair_project/software/pico_firmware/src/pico_node.c:10:
/home/konn/altair_project/software/pico_firmware/build/_deps/pico_micro_ros-src/libmicroros/include/rclc/subscription.h:78:41: note: expected 'const rosidl_message_type_support_t *' but argument is of type 'int'
   78 |   const rosidl_message_type_support_t * type_support,
      |   ~~~~~~~~~~~~~~~~~~~~~~~~~~~~~~~~~~~~~~^~~~~~~~~~~~
/home/konn/altair_project/software/pico_firmware/src/pico_node.c:177:14: error: request for member 'data' in something not a structure or union
  177 |     motor_msg.data.capacity = 6;
      |              ^
/home/konn/altair_project/software/pico_firmware/src/pico_node.c:178:14: error: request for member 'data' in something not a structure or union
  178 |     motor_msg.data.data = (float*) malloc(6 * sizeof(float));
      |              ^
/home/konn/altair_project/software/pico_firmware/src/pico_node.c:179:14: error: request for member 'data' in something not a structure or union
  179 |     motor_msg.data.size = 0;
      |              ^
/home/konn/altair_project/software/pico_firmware/src/pico_node.c:181:12: error: request for member 'data' in something not a structure or union
  181 |     esc_msg.data.capacity = 6;
      |            ^
/home/konn/altair_project/software/pico_firmware/src/pico_node.c:182:12: error: request for member 'data' in something not a structure or union
  182 |     esc_msg.data.data = (float*) malloc(6 * sizeof(float));
      |            ^
/home/konn/altair_project/software/pico_firmware/src/pico_node.c:183:12: error: request for member 'data' in something not a structure or union
  183 |     esc_msg.data.size = 6;
      |            ^
/home/konn/altair_project/software/pico_firmware/src/pico_node.c:186:5: warning: implicit declaration of function 'sensor_msgs__msg__Imu__init'; did you mean 'std_msgs__msg__Int8__init'? [-Wimplicit-function-declaration]
  186 |     sensor_msgs__msg__Imu__init(&imu_msg);
      |     ^~~~~~~~~~~~~~~~~~~~~~~~~~~
      |     std_msgs__msg__Int8__init
/home/konn/altair_project/software/pico_firmware/src/pico_node.c:187:5: warning: implicit declaration of function 'rosidl_runtime_c__String__assign' [-Wimplicit-function-declaration]
  187 |     rosidl_runtime_c__String__assign(&imu_msg.header.frame_id, "imu_link");
      |     ^~~~~~~~~~~~~~~~~~~~~~~~~~~~~~~~
/home/konn/altair_project/software/pico_firmware/src/pico_node.c:187:46: error: request for member 'header' in something not a structure or union
  187 |     rosidl_runtime_c__String__assign(&imu_msg.header.frame_id, "imu_link");
      |                                              ^
/home/konn/altair_project/software/pico_firmware/src/pico_node.c:195:20: error: request for member 'data' in something not a structure or union
  195 |             esc_msg.data.data[i] = g_sensor_state.esc_rpm[i];
      |                    ^
/home/konn/altair_project/software/pico_firmware/src/pico_node.c:200:16: error: request for member 'linear_acceleration' in something not a structure or union
  200 |         imu_msg.linear_acceleration.x = (double)imu_data.accel_x;
      |                ^
/home/konn/altair_project/software/pico_firmware/src/pico_node.c:201:16: error: request for member 'linear_acceleration' in something not a structure or union
  201 |         imu_msg.linear_acceleration.y = (double)imu_data.accel_y;
      |                ^
/home/konn/altair_project/software/pico_firmware/src/pico_node.c:202:16: error: request for member 'linear_acceleration' in something not a structure or union
  202 |         imu_msg.linear_acceleration.z = (double)imu_data.accel_z;
      |                ^
/home/konn/altair_project/software/pico_firmware/src/pico_node.c:203:16: error: request for member 'angular_velocity' in something not a structure or union
  203 |         imu_msg.angular_velocity.x = (double)imu_data.gyro_x;
      |                ^
/home/konn/altair_project/software/pico_firmware/src/pico_node.c:204:16: error: request for member 'angular_velocity' in something not a structure or union
  204 |         imu_msg.angular_velocity.y = (double)imu_data.gyro_y;
      |                ^
/home/konn/altair_project/software/pico_firmware/src/pico_node.c:205:16: error: request for member 'angular_velocity' in something not a structure or union
  205 |         imu_msg.angular_velocity.z = (double)imu_data.gyro_z;
      |                ^
make[2]: *** [CMakeFiles/pico_node.dir/build.make:90: CMakeFiles/pico_node.dir/src/pico_node.c.o] Error 1
make[1]: *** [CMakeFiles/Makefile2:1911: CMakeFiles/pico_node.dir/all] Error 2
make: *** [Makefile:91: all] Error 2
