Archive member included to satisfy reference by file (symbol)

c:/progra~2/armgnu~1/12977f~1.2mp/bin/../lib/gcc/arm-none-eabi/12.2.1/thumb/v8-m.main+fp/softfp\libm.a(libm_a-wf_sqrt.o)
                              CMakeFiles/pico_spi_diag.dir/_deps/pico_sdk-src/src/rp2_common/pico_float/float_math.c.obj (sqrtf)
c:/progra~2/armgnu~1/12977f~1.2mp/bin/../lib/gcc/arm-none-eabi/12.2.1/thumb/v8-m.main+fp/softfp\libm.a(libm_a-ef_sqrt.o)
                              c:/progra~2/armgnu~1/12977f~1.2mp/bin/../lib/gcc/arm-none-eabi/12.2.1/thumb/v8-m.main+fp/softfp\libm.a(libm_a-wf_sqrt.o) (__ieee754_sqrtf)
c:/progra~2/armgnu~1/12977f~1.2mp/bin/../lib/gcc/arm-none-eabi/12.2.1/thumb/v8-m.main+fp/softfp\libgcc.a(_arm_addsubdf3.o)
                              CMakeFiles/pico_spi_diag.dir/_deps/pico_sdk-src/src/rp2_common/pico_float/float_math.c.obj (__aeabi_f2d)
c:/progra~2/armgnu~1/12977f~1.2mp/bin/../lib/gcc/arm-none-eabi/12.2.1/thumb/v8-m.main+fp/softfp\libgcc.a(_aeabi_ldivmod.o)
                              CMakeFiles/pico_spi_diag.dir/_deps/pico_sdk-src/src/common/pico_time/time.c.obj (__aeabi_ldivmod)
c:/progra~2/armgnu~1/12977f~1.2mp/bin/../lib/gcc/arm-none-eabi/12.2.1/thumb/v8-m.main+fp/softfp\libgcc.a(_aeabi_uldivmod.o)
                              CMakeFiles/pico_spi_diag.dir/_deps/pico_sdk-src/src/rp2_common/hardware_clocks/clocks.c.obj (__aeabi_uldivmod)
c:/progra~2/armgnu~1/12977f~1.2mp/bin/../lib/gcc/arm-none-eabi/12.2.1/thumb/v8-m.main+fp/softfp\libgcc.a(_udivmoddi4.o)
                              c:/progra~2/armgnu~1/12977f~1.2mp/bin/../lib/gcc/arm-none-eabi/12.2.1/thumb/v8-m.main+fp/softfp\libgcc.a(_aeabi_ldivmod.o) (__udivmoddi4)
c:/progra~2/armgnu~1/12977f~1.2mp/bin/../lib/gcc/arm-none-eabi/12.2.1/thumb/v8-m.main+fp/softfp\libgcc.a(_dvmd_tls.o)
                              c:/progra~2/armgnu~1/12977f~1.2mp/bin/../lib/gcc/arm-none-eabi/12.2.1/thumb/v8-m.main+fp/softfp\libgcc.a(_aeabi_ldivmod.o) (__aeabi_ldiv0)
c:/progra~2/armgnu~1/12977f~1.2mp/bin/../lib/gcc/arm-none-eabi/12.2.1/thumb/v8-m.main+fp/softfp\libg.a(libc_a-calloc.o)
                              CMakeFiles/pico_spi_diag.dir/_deps/pico_sdk-src/src/rp2_common/pico_malloc/malloc.c.obj (calloc)
c:/progra~2/armgnu~1/12977f~1.2mp/bin/../lib/gcc/arm-none-eabi/12.2.1/thumb/v8-m.main+fp/softfp\libg.a(libc_a-callocr.o)
                              c:/progra~2/armgnu~1/12977f~1.2mp/bin/../lib/gcc/arm-none-eabi/12.2.1/thumb/v8-m.main+fp/softfp\libg.a(libc_a-calloc.o) (_calloc_r)
c:/progra~2/armgnu~1/12977f~1.2mp/bin/../lib/gcc/arm-none-eabi/12.2.1/thumb/v8-m.main+fp/softfp\libg.a(libc_a-malloc.o)
                              CMakeFiles/pico_spi_diag.dir/_deps/pico_sdk-src/src/rp2_common/pico_malloc/malloc.c.obj (malloc)
c:/progra~2/armgnu~1/12977f~1.2mp/bin/../lib/gcc/arm-none-eabi/12.2.1/thumb/v8-m.main+fp/softfp\libg.a(libc_a-mallocr.o)
                              c:/progra~2/armgnu~1/12977f~1.2mp/bin/../lib/gcc/arm-none-eabi/12.2.1/thumb/v8-m.main+fp/softfp\libg.a(libc_a-callocr.o) (_malloc_r)
c:/progra~2/armgnu~1/12977f~1.2mp/bin/../lib/gcc/arm-none-eabi/12.2.1/thumb/v8-m.main+fp/softfp\libg.a(libc_a-mlock.o)
                              c:/progra~2/armgnu~1/12977f~1.2mp/bin/../lib/gcc/arm-none-eabi/12.2.1/thumb/v8-m.main+fp/softfp\libg.a(libc_a-mallocr.o) (__malloc_lock)
c:/progra~2/armgnu~1/12977f~1.2mp/bin/../lib/gcc/arm-none-eabi/12.2.1/thumb/v8-m.main+fp/softfp\libg.a(libc_a-realloc.o)
                              CMakeFiles/pico_spi_diag.dir/_deps/pico_sdk-src/src/rp2_common/pico_malloc/malloc.c.obj (realloc)
c:/progra~2/armgnu~1/12977f~1.2mp/bin/../lib/gcc/arm-none-eabi/12.2.1/thumb/v8-m.main+fp/softfp\libg.a(libc_a-reallocr.o)
                              c:/progra~2/armgnu~1/12977f~1.2mp/bin/../lib/gcc/arm-none-eabi/12.2.1/thumb/v8-m.main+fp/softfp\libg.a(libc_a-realloc.o) (_realloc_r)
c:/progra~2/armgnu~1/12977f~1.2mp/bin/../lib/gcc/arm-none-eabi/12.2.1/thumb/v8-m.main+fp/softfp\libg.a(libc_a-memcmp.o)
                              CMakeFiles/pico_spi_diag.dir/_deps/pico_sdk-src/src/rp2_common/pico_atomic/atomic.c.obj (memcmp)
c:/progra~2/armgnu~1/12977f~1.2mp/bin/../lib/gcc/arm-none-eabi/12.2.1/thumb/v8-m.main+fp/softfp\libg.a(libc_a-memmove.o)
                              c:/progra~2/armgnu~1/12977f~1.2mp/bin/../lib/gcc/arm-none-eabi/12.2.1/thumb/v8-m.main+fp/softfp\libg.a(libc_a-reallocr.o) (memmove)
c:/progra~2/armgnu~1/12977f~1.2mp/bin/../lib/gcc/arm-none-eabi/12.2.1/thumb/v8-m.main+fp/softfp\libg.a(libc_a-memset.o)
                              c:/progra~2/armgnu~1/12977f~1.2mp/bin/../lib/gcc/arm-none-eabi/12.2.1/thumb/v8-m.main+fp/softfp/crt0.o (memset)
c:/progra~2/armgnu~1/12977f~1.2mp/bin/../lib/gcc/arm-none-eabi/12.2.1/thumb/v8-m.main+fp/softfp\libg.a(libc_a-lcltime_r.o)
                              CMakeFiles/pico_spi_diag.dir/_deps/pico_sdk-src/src/common/pico_util/datetime.c.obj (localtime_r)
c:/progra~2/armgnu~1/12977f~1.2mp/bin/../lib/gcc/arm-none-eabi/12.2.1/thumb/v8-m.main+fp/softfp\libg.a(libc_a-mktime.o)
[...]
Memory Configuration

Name             Origin             Length             Attributes
FLASH            0x10000000         0x00400000         xr
RAM              0x20000000         0x00080000         xrw
SCRATCH_X        0x20080000         0x00001000         xrw
SCRATCH_Y        0x20081000         0x00001000         xrw
*default*        0x00000000         0xffffffff

Linker script and memory map

LOAD c:/progra~2/armgnu~1/12977f~1.2mp/bin/../lib/gcc/arm-none-eabi/12.2.1/thumb/v8-m.main+fp/softfp/crti.o
LOAD c:/progra~2/armgnu~1/12977f~1.2mp/bin/../lib/gcc/arm-none-eabi/12.2.1/thumb/v8-m.main+fp/softfp/crtbegin.o
LOAD c:/progra~2/armgnu~1/12977f~1.2mp/bin/../lib/gcc/arm-none-eabi/12.2.1/thumb/v8-m.main+fp/softfp/crt0.o

.flash_begin    0x10000000        0x0
                0x10000000                        __flash_binary_start = .

.text           0x10000000     0x1cfc
                0x10000000                        __logical_binary_start = .
 *(.vectors)
 .vectors       0x10000000      0x124 CMakeFiles/pico_spi_diag.dir/_deps/pico_sdk-src/src/rp2_common/pico_crt0/crt0.S.obj
                0x10000000                __VECTOR_TABLE
                0x10000000                __vectors
                0x10000110                __unhandled_user_irq
                0x10000110                isr_irq49
                0x10000110                isr_irq13
                0x10000110                isr_irq43
                0x10000110                isr_irq45
                0x10000110                isr_irq27
                0x10000110                isr_irq32
                0x10000110                isr_irq31
                0x10000110                isr_irq12
                0x10000110                isr_irq5
                0x10000110                isr_irq11
                0x10000110                isr_irq3
                0x10000110                isr_irq23
                0x10000110                isr_usagefault
                0x10000110                isr_irq48
                0x10000110                isr_irq30
                0x10000110                isr_irq18
                0x10000110                isr_irq50
                0x10000110                isr_irq33
                0x10000110                isr_irq40
                0x10000110                isr_irq28
                0x10000110                isr_irq19
                0x10000110                isr_irq36
                0x10000110                isr_irq41
                0x10000110                isr_irq0
                0x10000110                isr_irq6
                0x10000110                isr_irq26
                0x10000110                isr_irq29
                0x10000110                isr_memmanage
                0x10000110                isr_irq37
                0x10000110                isr_irq42
                0x10000110                isr_irq22
                0x10000110                isr_irq35
                0x10000110                isr_irq17
                0x10000110                isr_irq38
                0x10000110                isr_irq14
                0x10000110                __vectors_end
                0x10000110                __default_isrs_start
                0x10000110                isr_irq2
                0x10000110                isr_irq10
                0x10000110                isr_irq8
                0x10000110                isr_debugmonitor
                0x10000110                isr_irq24
                0x10000110                isr_irq46
                0x10000110                isr_irq1
                0x10000110                isr_irq47
                0x10000110                isr_irq51
                0x10000110                isr_irq7
                0x10000110                isr_irq21
                0x10000110                isr_irq39
                0x10000110                isr_irq20
                0x10000110                isr_irq15
                0x10000110                isr_irq25
                0x10000110                isr_irq34
                0x10000110                isr_irq44
                0x10000110                isr_securefault
                0x10000110                isr_irq4
                0x10000110                isr_busfault
                0x10000110                isr_irq16
                0x10000110                isr_irq9
                0x10000116                unhandled_user_irq_num_in_r0
                0x10000118                isr_invalid
                0x1000011a                isr_nmi
                0x1000011c                isr_hardfault
                0x1000011e                isr_svcall
                0x10000120                isr_pendsv
                0x10000122                isr_systick
                0x10000124                __default_isrs_end
 *(.binary_info_header)
 .binary_info_header
                0x10000124       0x14 CMakeFiles/pico_spi_diag.dir/_deps/pico_sdk-src/src/rp2_common/pico_crt0/crt0.S.obj
                0x10000138                        __binary_info_header_end = .
 *(.embedded_block)
 .embedded_block
                0x10000138       0x14 CMakeFiles/pico_spi_diag.dir/_deps/pico_sdk-src/src/rp2_common/pico_crt0/crt0.S.obj
                0x1000014c                        __embedded_block_end = .
 *(.reset)
 .reset         0x1000014c       0x98 CMakeFiles/pico_spi_diag.dir/_deps/pico_sdk-src/src/rp2_common/pico_crt0/crt0.S.obj
                0x1000014c                _entry_point
 *(.init)
 .init          0x100001e4        0x4 c:/progra~2/armgnu~1/12977f~1.2mp/bin/../lib/gcc/arm-none-eabi/12.2.1/thumb/v8-m.main+fp/softfp/crti.o
                0x100001e4                _init
 *libgcc.a:cmse_nonsecure_call.o()
 *(EXCLUDE_FILE(*libm.a: *libc.a:*lib_a-mem*.o *libgcc.a:) .text*)
 .text.register_tm_clones
                0x100001e8       0x28 c:/progra~2/armgnu~1/12977f~1.2mp/bin/../lib/gcc/arm-none-eabi/12.2.1/thumb/v8-m.main+fp/softfp/crtbegin.o
 .text.frame_dummy
                0x10000210       0x24 c:/progra~2/armgnu~1/12977f~1.2mp/bin/../lib/gcc/arm-none-eabi/12.2.1/thumb/v8-m.main+fp/softfp/crtbegin.o
 .text.startup.main
                0x10000234       0xd8 CMakeFiles/pico_spi_diag.dir/src/pico_spi_diag.c.obj
                0x10000234                main
 .text.gpio_set_function
                0x1000030c       0x3c CMakeFiles/pico_spi_diag.dir/_deps/pico_sdk-src/src/rp2_common/hardware_gpio/gpio.c.obj
                0x1000030c                gpio_set_function
 .text.gpio_set_pulls
                0x10000348       0x28 CMakeFiles/pico_spi_diag.dir/_deps/pico_sdk-src/src/rp2_common/hardware_gpio/gpio.c.obj
                0x10000348                gpio_set_pulls
 .text.gpio_init
                0x10000370       0x48 CMakeFiles/pico_spi_diag.dir/_deps/pico_sdk-src/src/rp2_common/hardware_gpio/gpio.c.obj
                0x10000370                gpio_init
 .text.panic    0x100003b8       0x30 CMakeFiles/pico_spi_diag.dir/_deps/pico_sdk-src/src/rp2_common/pico_platform_panic/panic.c.obj
                0x100003b8                panic
 .text.hw_claim_or_assert
                0x100003e8       0x58 CMakeFiles/pico_spi_diag.dir/_deps/pico_sdk-src/src/common/hardware_claim/claim.c.obj
                0x100003e8                hw_claim_or_assert
 .text.next_striped_spin_lock_num
                0x10000440       0x18 CMakeFiles/pico_spi_diag.dir/_deps/pico_sdk-src/src/rp2_common/hardware_sync/sync.c.obj
                0x10000440                next_striped_spin_lock_num
 .text.spinlock_set_extexclall
                0x10000458       0x10 CMakeFiles/pico_spi_diag.dir/_deps/pico_sdk-src/src/rp2_common/hardware_sync_spin_lock/sync_spin_lock.c.obj
 .text.spin_locks_reset
                0x10000468       0x18 CMakeFiles/pico_spi_diag.dir/_deps/pico_sdk-src/src/rp2_common/hardware_sync_spin_lock/sync_spin_lock.c.obj
                0x10000468                spin_locks_reset
 .text.runtime_init_per_core_irq_priorities
                0x10000480       0x40 CMakeFiles/pico_spi_diag.dir/_deps/pico_sdk-src/src/rp2_common/hardware_irq/irq.c.obj
                0x10000480                runtime_init_per_core_irq_priorities
 .text.irq_set_enabled
                0x100004c0       0x2c CMakeFiles/pico_spi_diag.dir/_deps/pico_sdk-src/src/rp2_common/hardware_irq/irq.c.obj
                0x100004c0                irq_set_enabled
 .text.irq_set_exclusive_handler
                0x100004ec       0x60 CMakeFiles/pico_spi_diag.dir/_deps/pico_sdk-src/src/rp2_common/hardware_irq/irq.c.obj
                0x100004ec                irq_set_exclusive_handler
 .text.irq_remove_handler
                0x1000054c      0x1fc CMakeFiles/pico_spi_diag.dir/_deps/pico_sdk-src/src/rp2_common/hardware_irq/irq.c.obj
                0x1000054c                irq_remove_handler
 .text.irq_add_tail_to_free_list
                0x10000748       0xbc CMakeFiles/pico_spi_diag.dir/_deps/pico_sdk-src/src/rp2_common/hardware_irq/irq.c.obj
                0x10000748                irq_add_tail_to_free_list
 .text.lock_init
                0x10000804        0xc CMakeFiles/pico_spi_diag.dir/_deps/pico_sdk-src/src/common/pico_sync/lock_core.c.obj
                0x10000804                lock_init
 .text.runtime_init_mutex
                0x10000810       0x5c CMakeFiles/pico_spi_diag.dir/_deps/pico_sdk-src/src/common/pico_sync/mutex.c.obj
                0x10000810                runtime_init_mutex
 .text.sleep_until_callback
                0x1000086c       0x3c CMakeFiles/pico_spi_diag.dir/_deps/pico_sdk-src/src/common/pico_time/time.c.obj
 .text.alarm_pool_irq_handler
                0x100008a8      0x2e8 CMakeFiles/pico_spi_diag.dir/_deps/pico_sdk-src/src/common/pico_time/time.c.obj
 .text.runtime_init_default_alarm_pool
                0x10000b90      0x100 CMakeFiles/pico_spi_diag.dir/_deps/pico_sdk-src/src/common/pico_time/time.c.obj
                0x10000b90                runtime_init_default_alarm_pool
 .text.alarm_pool_add_alarm_at_force_in_context
                0x10000c90       0xc8 CMakeFiles/pico_spi_diag.dir/_deps/pico_sdk-src/src/common/pico_time/time.c.obj
                0x10000c90                alarm_pool_add_alarm_at_force_in_context
 .text.alarm_pool_cancel_alarm
                0x10000d58       0x80 CMakeFiles/pico_spi_diag.dir/_deps/pico_sdk-src/src/common/pico_time/time.c.obj
                0x10000d58                alarm_pool_cancel_alarm
 .text.sleep_until
                0x10000dd8       0xbc CMakeFiles/pico_spi_diag.dir/_deps/pico_sdk-src/src/common/pico_time/time.c.obj
                0x10000dd8                sleep_until
 .text.sleep_ms
                0x10000e94       0x2c CMakeFiles/pico_spi_diag.dir/_deps/pico_sdk-src/src/common/pico_time/time.c.obj
                0x10000e94                sleep_ms
 .text.best_effort_wfe_or_timeout
                0x10000ec0       0xbc CMakeFiles/pico_spi_diag.dir/_deps/pico_sdk-src/src/common/pico_time/time.c.obj
                0x10000ec0                best_effort_wfe_or_timeout
 .text.timer_hardware_alarm_claim
                0x10000f7c       0x24 CMakeFiles/pico_spi_diag.dir/_deps/pico_sdk-src/src/rp2_common/hardware_timer/timer.c.obj
                0x10000f7c                timer_hardware_alarm_claim
 .text.timer_time_us_64
                0x10000fa0       0x10 CMakeFiles/pico_spi_diag.dir/_deps/pico_sdk-src/src/rp2_common/hardware_timer/timer.c.obj
                0x10000fa0                timer_time_us_64
 .text.time_us_64
                0x10000fb0       0x14 CMakeFiles/pico_spi_diag.dir/_deps/pico_sdk-src/src/rp2_common/hardware_timer/timer.c.obj
                0x10000fb0                time_us_64
 .text.busy_wait_us
                0x10000fc4       0x5c CMakeFiles/pico_spi_diag.dir/_deps/pico_sdk-src/src/rp2_common/hardware_timer/timer.c.obj
                0x10000fc4                busy_wait_us
 .text.busy_wait_until
                0x10001020       0x24 CMakeFiles/pico_spi_diag.dir/_deps/pico_sdk-src/src/rp2_common/hardware_timer/timer.c.obj
                0x10001020                busy_wait_until
 .text.uart_init
                0x10001044      0x104 CMakeFiles/pico_spi_diag.dir/_deps/pico_sdk-src/src/rp2_common/hardware_uart/uart.c.obj
                0x10001044                uart_init
 .text.clock_configure_undivided
                0x10001148       0xcc CMakeFiles/pico_spi_diag.dir/_deps/pico_sdk-src/src/rp2_common/hardware_clocks/clocks.c.obj
                0x10001148                clock_configure_undivided
 .text.clock_get_hz
                0x10001214        0xc CMakeFiles/pico_spi_diag.dir/_deps/pico_sdk-src/src/rp2_common/hardware_clocks/clocks.c.obj
                0x10001214                clock_get_hz
 .text.pll_init
                0x10001220       0x8c CMakeFiles/pico_spi_diag.dir/_deps/pico_sdk-src/src/rp2_common/hardware_pll/pll.c.obj
                0x10001220                pll_init
 .text.tick_start
                0x100012ac       0x18 CMakeFiles/pico_spi_diag.dir/_deps/pico_sdk-src/src/rp2_common/hardware_ticks/ticks.c.obj
                0x100012ac                tick_start
 .text.rom_func_lookup
                0x100012c4       0x18 CMakeFiles/pico_spi_diag.dir/_deps/pico_sdk-src/src/rp2_common/pico_bootrom/bootrom.c.obj
                0x100012c4                rom_func_lookup
 .text.runtime_init_bootrom_locking_enable
                0x100012dc       0x14 CMakeFiles/pico_spi_diag.dir/_deps/pico_sdk-src/src/rp2_common/pico_bootrom/bootrom_lock.c.obj
                0x100012dc                runtime_init_bootrom_locking_enable
 .text.runtime_init_boot_locks_reset
                0x100012f0       0x1c CMakeFiles/pico_spi_diag.dir/_deps/pico_sdk-src/src/rp2_common/hardware_boot_lock/boot_lock.c.obj
                0x100012f0                runtime_init_boot_locks_reset
 .text.xosc_init
                0x1000130c       0x30 CMakeFiles/pico_spi_diag.dir/_deps/pico_sdk-src/src/rp2_common/hardware_xosc/xosc.c.obj
                0x1000130c                xosc_init
 .text.first_per_core_initializer
                0x1000133c        0x4 CMakeFiles/pico_spi_diag.dir/_deps/pico_sdk-src/src/rp2_common/pico_runtime/runtime.c.obj
 .text.hard_assertion_failure
                0x10001340        0xc CMakeFiles/pico_spi_diag.dir/_deps/pico_sdk-src/src/rp2_common/pico_runtime/runtime.c.obj
                0x10001340                hard_assertion_failure
 .text.runtime_run_initializers
                0x1000134c       0x20 CMakeFiles/pico_spi_diag.dir/_deps/pico_sdk-src/src/rp2_common/pico_runtime/runtime.c.obj
                0x1000134c                runtime_run_initializers
 .text.runtime_init_early_resets
                0x1000136c       0x34 CMakeFiles/pico_spi_diag.dir/_deps/pico_sdk-src/src/rp2_common/pico_runtime_init/runtime_init.c.obj
                0x1000136c                runtime_init_early_resets
 .text.runtime_init_usb_power_down
                0x100013a0       0x1c CMakeFiles/pico_spi_diag.dir/_deps/pico_sdk-src/src/rp2_common/pico_runtime_init/runtime_init.c.obj
                0x100013a0                runtime_init_usb_power_down
 .text.runtime_init_per_core_enable_coprocessors
                0x100013bc       0x1c CMakeFiles/pico_spi_diag.dir/_deps/pico_sdk-src/src/rp2_common/pico_runtime_init/runtime_init.c.obj
                0x100013bc                runtime_init_per_core_enable_coprocessors
 .text.runtime_init_post_clock_resets
                0x100013d8       0x20 CMakeFiles/pico_spi_diag.dir/_deps/pico_sdk-src/src/rp2_common/pico_runtime_init/runtime_init.c.obj
                0x100013d8                runtime_init_post_clock_resets
 .text.runtime_init_bootrom_reset
                0x100013f8       0x14 CMakeFiles/pico_spi_diag.dir/_deps/pico_sdk-src/src/rp2_common/pico_runtime_init/runtime_init.c.obj
                0x100013f8                runtime_init_bootrom_reset
 .text.runtime_init_per_core_bootrom_reset
                0x1000140c       0x14 CMakeFiles/pico_spi_diag.dir/_deps/pico_sdk-src/src/rp2_common/pico_runtime_init/runtime_init.c.obj
                0x1000140c                runtime_init_per_core_bootrom_reset
 .text.runtime_init_spin_locks_reset
                0x10001420        0x4 CMakeFiles/pico_spi_diag.dir/_deps/pico_sdk-src/src/rp2_common/pico_runtime_init/runtime_init.c.obj
                0x10001420                runtime_init_spin_locks_reset
 .text.runtime_init_install_ram_vector_table
                0x10001424       0x74 CMakeFiles/pico_spi_diag.dir/_deps/pico_sdk-src/src/rp2_common/pico_runtime_init/runtime_init.c.obj
                0x10001424                runtime_init_install_ram_vector_table
 .text.runtime_init_clocks
                0x10001498       0xdc CMakeFiles/pico_spi_diag.dir/_deps/pico_sdk-src/src/rp2_common/pico_runtime_init/runtime_init_clocks.c.obj
                0x10001498                runtime_init_clocks
 .text._out_char
                0x10001574        0x8 CMakeFiles/pico_spi_diag.dir/_deps/pico_sdk-src/src/rp2_common/pico_printf/printf.c.obj
 .text.weak_raw_vprintf
                0x1000157c       0x30 CMakeFiles/pico_spi_diag.dir/_deps/pico_sdk-src/src/rp2_common/pico_printf/printf.c.obj
                0x1000157c                weak_raw_vprintf
 .text._exit    0x100015ac        0x4 CMakeFiles/pico_spi_diag.dir/_deps/pico_sdk-src/src/rp2_common/pico_clib_interface/newlib_interface.c.obj
                0x100015ac                _exit
 .text.exit     0x100015b0        0x8 CMakeFiles/pico_spi_diag.dir/_deps/pico_sdk-src/src/rp2_common/pico_clib_interface/newlib_interface.c.obj
                0x100015b0                exit
 .text.runtime_init
                0x100015b8       0x24 CMakeFiles/pico_spi_diag.dir/_deps/pico_sdk-src/src/rp2_common/pico_clib_interface/newlib_interface.c.obj
                0x100015b8                runtime_init
 .text.stdio_out_chars_no_crlf
                0x100015dc        0x8 CMakeFiles/pico_spi_diag.dir/_deps/pico_sdk-src/src/rp2_common/pico_stdio/stdio.c.obj
 .text.stdio_out_chars_crlf
                0x100015e4       0xa4 CMakeFiles/pico_spi_diag.dir/_deps/pico_sdk-src/src/rp2_common/pico_stdio/stdio.c.obj
 .text.stdio_put_string
                0x10001688       0xf0 CMakeFiles/pico_spi_diag.dir/_deps/pico_sdk-src/src/rp2_common/pico_stdio/stdio.c.obj
                0x10001688                stdio_put_string
 .text.stdio_set_driver_enabled
                0x10001778       0x28 CMakeFiles/pico_spi_diag.dir/_deps/pico_sdk-src/src/rp2_common/pico_stdio/stdio.c.obj
                0x10001778                stdio_set_driver_enabled
 .text.stdio_init_all
                0x100017a0        0xc CMakeFiles/pico_spi_diag.dir/_deps/pico_sdk-src/src/rp2_common/pico_stdio/stdio.c.obj
                0x100017a0                stdio_init_all
 .text.__wrap_putchar
                0x100017ac       0x84 CMakeFiles/pico_spi_diag.dir/_deps/pico_sdk-src/src/rp2_common/pico_stdio/stdio.c.obj
                0x100017ac                __wrap_putchar
                0x100017ac                stdio_putchar
 .text.__wrap_puts
                0x10001830       0x3c CMakeFiles/pico_spi_diag.dir/_deps/pico_sdk-src/src/rp2_common/pico_stdio/stdio.c.obj
                0x10001830                stdio_puts
                0x10001830                __wrap_puts
 .text.stdio_uart_out_chars
                0x1000186c       0x50 CMakeFiles/pico_spi_diag.dir/_deps/pico_sdk-src/src/rp2_common/pico_stdio_uart/stdio_uart.c.obj
 .text.stdio_uart_in_chars
                0x100018bc       0x94 CMakeFiles/pico_spi_diag.dir/_deps/pico_sdk-src/src/rp2_common/pico_stdio_uart/stdio_uart.c.obj
                0x100018bc                stdio_uart_in_chars
 .text.on_uart_rx
                0x10001950       0x24 CMakeFiles/pico_spi_diag.dir/_deps/pico_sdk-src/src/rp2_common/pico_stdio_uart/stdio_uart.c.obj
 .text.stdio_uart_out_flush
                0x10001974       0x10 CMakeFiles/pico_spi_diag.dir/_deps/pico_sdk-src/src/rp2_common/pico_stdio_uart/stdio_uart.c.obj
 .text.stdio_uart_set_chars_available_callback
                0x10001984       0x88 CMakeFiles/pico_spi_diag.dir/_deps/pico_sdk-src/src/rp2_common/pico_stdio_uart/stdio_uart.c.obj
 .text.stdio_uart_init
                0x10001a0c       0x54 CMakeFiles/pico_spi_diag.dir/_deps/pico_sdk-src/src/rp2_common/pico_stdio_uart/stdio_uart.c.obj
                0x10001a0c                stdio_uart_init
 .text.spi_init
                0x10001a60       0xf8 CMakeFiles/pico_spi_diag.dir/_deps/pico_sdk-src/src/rp2_common/hardware_spi/spi.c.obj
                0x10001a60                spi_init
 .text          0x10001b58       0xec c:/progra~2/armgnu~1/12977f~1.2mp/bin/../lib/gcc/arm-none-eabi/12.2.1/thumb/v8-m.main+fp/softfp\libg.a(libc_a-memcpy.o)
                0x10001b58                memcpy
 .text.strlen   0x10001c44       0x5c c:/progra~2/armgnu~1/12977f~1.2mp/bin/../lib/gcc/arm-none-eabi/12.2.1/thumb/v8-m.main+fp/softfp\libg.a(libc_a-strlen-stub.o)
                0x10001c44                strlen
 *(.fini)
 .fini          0x10001ca0        0x4 c:/progra~2/armgnu~1/12977f~1.2mp/bin/../lib/gcc/arm-none-eabi/12.2.1/thumb/v8-m.main+fp/softfp/crti.o
                0x10001ca0                _fini
 *fill*         0x10001ca4        0x4 
 .fini.__stub   0x10001ca8       0x10 linker stubs
 *crtbegin.o(.ctors)
 *crtbegin?.o(.ctors)
 *(EXCLUDE_FILE(*crtend.o *crtend?.o) .ctors)
 *(SORT_BY_NAME(.ctors.*))
 *(.ctors)
 *crtbegin.o(.dtors)
 *crtbegin?.o(.dtors)
 *(EXCLUDE_FILE(*crtend.o *crtend?.o) .dtors)
 *(SORT_BY_NAME(.dtors.*))
 *(.dtors)
                0x10001cb8                        . = ALIGN (0x4)
                0x10001cb8                        PROVIDE (__preinit_array_start = .)
 *(SORT_BY_NAME(.preinit_array.*))
 .preinit_array.00050
                0x10001cb8        0x4 CMakeFiles/pico_spi_diag.dir/_deps/pico_sdk-src/src/rp2_common/pico_runtime_init/runtime_init.c.obj
                0x10001cb8                __pre_init_runtime_init_bootrom_reset
 .preinit_array.00100
                0x10001cbc        0x4 CMakeFiles/pico_spi_diag.dir/_deps/pico_sdk-src/src/rp2_common/pico_runtime_init/runtime_init.c.obj
                0x10001cbc                __pre_init_runtime_init_early_resets
 .preinit_array.00101
                0x10001cc0        0x4 CMakeFiles/pico_spi_diag.dir/_deps/pico_sdk-src/src/rp2_common/pico_runtime_init/runtime_init.c.obj
                0x10001cc0                __pre_init_runtime_init_usb_power_down
 .preinit_array.00500
                0x10001cc4        0x4 CMakeFiles/pico_spi_diag.dir/_deps/pico_sdk-src/src/rp2_common/pico_runtime_init/runtime_init.c.obj
                0x10001cc4                __pre_init_runtime_init_clocks
 .preinit_array.00600
                0x10001cc8        0x4 CMakeFiles/pico_spi_diag.dir/_deps/pico_sdk-src/src/rp2_common/pico_runtime_init/runtime_init.c.obj
                0x10001cc8                __pre_init_runtime_init_post_clock_resets
 .preinit_array.01000
                0x10001ccc        0x4 CMakeFiles/pico_spi_diag.dir/_deps/pico_sdk-src/src/rp2_common/hardware_boot_lock/boot_lock.c.obj
                0x10001ccc                __pre_init_runtime_init_boot_locks_reset
 .preinit_array.01000
                0x10001cd0        0x4 CMakeFiles/pico_spi_diag.dir/_deps/pico_sdk-src/src/rp2_common/pico_runtime_init/runtime_init.c.obj
                0x10001cd0                __pre_init_runtime_init_spin_locks_reset
 .preinit_array.01010
                0x10001cd4        0x4 CMakeFiles/pico_spi_diag.dir/_deps/pico_sdk-src/src/rp2_common/pico_bootrom/bootrom_lock.c.obj
                0x10001cd4                __pre_init_runtime_init_bootrom_locking_enable
 .preinit_array.01100
                0x10001cd8        0x4 CMakeFiles/pico_spi_diag.dir/_deps/pico_sdk-src/src/common/pico_sync/mutex.c.obj
                0x10001cd8                __pre_init_runtime_init_mutex
 .preinit_array.10080
                0x10001cdc        0x4 CMakeFiles/pico_spi_diag.dir/_deps/pico_sdk-src/src/rp2_common/pico_runtime_init/runtime_init.c.obj
                0x10001cdc                __pre_init_runtime_init_install_ram_vector_table
 .preinit_array.11000
                0x10001ce0        0x4 CMakeFiles/pico_spi_diag.dir/_deps/pico_sdk-src/src/common/pico_time/time.c.obj
                0x10001ce0                __pre_init_runtime_init_default_alarm_pool
 .preinit_array.YYYYY
                0x10001ce4        0x4 CMakeFiles/pico_spi_diag.dir/_deps/pico_sdk-src/src/rp2_common/pico_runtime/runtime.c.obj
                0x10001ce4                __pre_init_first_per_core_initializer
 .preinit_array.ZZZZZ.00051
                0x10001ce8        0x4 CMakeFiles/pico_spi_diag.dir/_deps/pico_sdk-src/src/rp2_common/pico_runtime_init/runtime_init.c.obj
                0x10001ce8                __pre_init_runtime_init_per_core_bootrom_reset
 .preinit_array.ZZZZZ.00200
                0x10001cec        0x4 CMakeFiles/pico_spi_diag.dir/_deps/pico_sdk-src/src/rp2_common/pico_runtime_init/runtime_init.c.obj
                0x10001cec                __pre_init_runtime_init_per_core_enable_coprocessors
 .preinit_array.ZZZZZ.01000
                0x10001cf0        0x4 CMakeFiles/pico_spi_diag.dir/_deps/pico_sdk-src/src/rp2_common/hardware_sync_spin_lock/sync_spin_lock.c.obj
                0x10001cf0                __pre_init_spinlock_set_extexclall
 .preinit_array.ZZZZZ.01200
                0x10001cf4        0x4 CMakeFiles/pico_spi_diag.dir/_deps/pico_sdk-src/src/rp2_common/hardware_irq/irq.c.obj
                0x10001cf4                __pre_init_runtime_init_per_core_irq_priorities
 *(.preinit_array)
                0x10001cf8                        PROVIDE (__preinit_array_end = .)
                0x10001cf8                        . = ALIGN (0x4)
                0x10001cf8                        PROVIDE (__init_array_start = .)
 *(SORT_BY_NAME(.init_array.*))
 *(.init_array)
 .init_array    0x10001cf8        0x4 c:/progra~2/armgnu~1/12977f~1.2mp/bin/../lib/gcc/arm-none-eabi/12.2.1/thumb/v8-m.main+fp/softfp/crtbegin.o
                0x10001cfc                        PROVIDE (__init_array_end = .)
                0x10001cfc                        . = ALIGN (0x4)
                [!provide]                        PROVIDE (__fini_array_start = .)
 *(SORT_BY_NAME(.fini_array.*))
 *(.fini_array)
                [!provide]                        PROVIDE (__fini_array_end = .)
 *(.eh_frame*)
 .eh_frame      0x10001cfc        0x0 c:/progra~2/armgnu~1/12977f~1.2mp/bin/../lib/gcc/arm-none-eabi/12.2.1/thumb/v8-m.main+fp/softfp/crtbegin.o
                0x10001cfc                        . = ALIGN (0x4)

.glue_7         0x10001cfc        0x0
 .glue_7        0x10001cfc        0x0 linker stubs

.glue_7t        0x10001cfc        0x0
 .glue_7t       0x10001cfc        0x0 linker stubs

.vfp11_veneer   0x10001cfc        0x0
 .vfp11_veneer  0x10001cfc        0x0 linker stubs

.v4_bx          0x10001cfc        0x0
 .v4_bx         0x10001cfc        0x0 linker stubs

.iplt           0x10001cfc        0x0
 .iplt          0x10001cfc        0x0 c:/progra~2/armgnu~1/12977f~1.2mp/bin/../lib/gcc/arm-none-eabi/12.2.1/thumb/v8-m.main+fp/softfp/crtbegin.o

.boot2          0x10001cfc        0x0
                0x10001cfc                        __boot2_start__ = .
 *(.boot2)
                0x10001cfc                        __boot2_end__ = .
                0x00000001                        ASSERT (((__boot2_end__ - __boot2_start__) <= 0x100), ERROR: Pico second stage bootloader must be no more than 256 bytes in size)

.rodata         0x10001cfc      0x148
 *(EXCLUDE_FILE(*libm.a: *libc.a:*lib_a-mem*.o *libgcc.a:) .rodata*)
 .rodata.main.str1.4
                0x10001cfc       0x1f CMakeFiles/pico_spi_diag.dir/src/pico_spi_diag.c.obj
 *fill*         0x10001d1b        0x1 
 .rodata.panic.str1.4
                0x10001d1c       0x12 CMakeFiles/pico_spi_diag.dir/_deps/pico_sdk-src/src/rp2_common/pico_platform_panic/panic.c.obj
 *fill*         0x10001d2e        0x2 
 .rodata.timer_hardware_alarm_claim.str1.4
                0x10001d30       0x22 CMakeFiles/pico_spi_diag.dir/_deps/pico_sdk-src/src/rp2_common/hardware_timer/timer.c.obj
 *fill*         0x10001d52        0x2 
 .rodata.hard_assertion_failure.str1.4
                0x10001d54        0xc CMakeFiles/pico_spi_diag.dir/_deps/pico_sdk-src/src/rp2_common/pico_runtime/runtime.c.obj
 .rodata.str1.4
                0x10001d60       0x44 CMakeFiles/pico_spi_diag.dir/_deps/pico_sdk-src/src/rp2_common/pico_standard_binary_info/standard_binary_info.c.obj
 .rodata.__bi_84
                0x10001da4        0xc CMakeFiles/pico_spi_diag.dir/_deps/pico_sdk-src/src/rp2_common/pico_standard_binary_info/standard_binary_info.c.obj
 .rodata.__bi_78
                0x10001db0        0xc CMakeFiles/pico_spi_diag.dir/_deps/pico_sdk-src/src/rp2_common/pico_standard_binary_info/standard_binary_info.c.obj
 .rodata.__bi_54
                0x10001dbc        0xc CMakeFiles/pico_spi_diag.dir/_deps/pico_sdk-src/src/rp2_common/pico_standard_binary_info/standard_binary_info.c.obj
 .rodata.__bi_48
                0x10001dc8        0xc CMakeFiles/pico_spi_diag.dir/_deps/pico_sdk-src/src/rp2_common/pico_standard_binary_info/standard_binary_info.c.obj
 .rodata.__bi_42
                0x10001dd4        0xc CMakeFiles/pico_spi_diag.dir/_deps/pico_sdk-src/src/rp2_common/pico_standard_binary_info/standard_binary_info.c.obj
 .rodata.__bi_34
                0x10001de0        0xc CMakeFiles/pico_spi_diag.dir/_deps/pico_sdk-src/src/rp2_common/pico_standard_binary_info/standard_binary_info.c.obj
 .rodata.__bi_26
                0x10001dec        0xc CMakeFiles/pico_spi_diag.dir/_deps/pico_sdk-src/src/rp2_common/pico_standard_binary_info/standard_binary_info.c.obj
 .rodata.crlf_str.0
                0x10001df8        0x2 CMakeFiles/pico_spi_diag.dir/_deps/pico_sdk-src/src/rp2_common/pico_stdio/stdio.c.obj
 *fill*         0x10001dfa        0x2 
 .rodata.str1.4
                0x10001dfc       0x2c CMakeFiles/pico_spi_diag.dir/_deps/pico_sdk-src/src/rp2_common/pico_stdio_uart/stdio_uart.c.obj
 .rodata.__bi_45.4
                0x10001e28        0xc CMakeFiles/pico_spi_diag.dir/_deps/pico_sdk-src/src/rp2_common/pico_stdio_uart/stdio_uart.c.obj
 .rodata.__bi_49.5
                0x10001e34        0x8 CMakeFiles/pico_spi_diag.dir/_deps/pico_sdk-src/src/rp2_common/pico_stdio_uart/stdio_uart.c.obj
 .rodata.__bi_50.6
                0x10001e3c        0x8 CMakeFiles/pico_spi_diag.dir/_deps/pico_sdk-src/src/rp2_common/pico_stdio_uart/stdio_uart.c.obj
 *(.srodata*)
                0x10001e44                        . = ALIGN (0x4)
 *(SORT_BY_ALIGNMENT(SORT_BY_NAME(.flashdata*)))
                0x10001e44                        . = ALIGN (0x4)

.ARM.extab
 *(.ARM.extab* .gnu.linkonce.armextab.*)
                0x10001e44                        __exidx_start = .

.ARM.exidx      0x10001e44        0x8
 *(.ARM.exidx* .gnu.linkonce.armexidx.*)
 .ARM.exidx     0x10001e44        0x8 c:/progra~2/armgnu~1/12977f~1.2mp/bin/../lib/gcc/arm-none-eabi/12.2.1/thumb/v8-m.main+fp/softfp\libg.a(libc_a-memcpy.o)
                0x10001e4c                        __exidx_end = .
                0x10001e4c                        . = ALIGN (0x4)
                0x10001e4c                        __binary_info_start = .

.binary_info    0x10001e4c       0x28
 *(.binary_info.keep.*)
 .binary_info.keep.__bi_ptr84
                0x10001e4c        0x4 CMakeFiles/pico_spi_diag.dir/_deps/pico_sdk-src/src/rp2_common/pico_standard_binary_info/standard_binary_info.c.obj
 .binary_info.keep.__bi_ptr78
                0x10001e50        0x4 CMakeFiles/pico_spi_diag.dir/_deps/pico_sdk-src/src/rp2_common/pico_standard_binary_info/standard_binary_info.c.obj
 .binary_info.keep.__bi_ptr54
                0x10001e54        0x4 CMakeFiles/pico_spi_diag.dir/_deps/pico_sdk-src/src/rp2_common/pico_standard_binary_info/standard_binary_info.c.obj
 .binary_info.keep.__bi_ptr48
                0x10001e58        0x4 CMakeFiles/pico_spi_diag.dir/_deps/pico_sdk-src/src/rp2_common/pico_standard_binary_info/standard_binary_info.c.obj
 .binary_info.keep.__bi_ptr42
                0x10001e5c        0x4 CMakeFiles/pico_spi_diag.dir/_deps/pico_sdk-src/src/rp2_common/pico_standard_binary_info/standard_binary_info.c.obj
 .binary_info.keep.__bi_ptr34
                0x10001e60        0x4 CMakeFiles/pico_spi_diag.dir/_deps/pico_sdk-src/src/rp2_common/pico_standard_binary_info/standard_binary_info.c.obj
 .binary_info.keep.__bi_ptr26
                0x10001e64        0x4 CMakeFiles/pico_spi_diag.dir/_deps/pico_sdk-src/src/rp2_common/pico_standard_binary_info/standard_binary_info.c.obj
 *(.binary_info.*)
 .binary_info.__bi_ptr50
                0x10001e68        0x4 CMakeFiles/pico_spi_diag.dir/_deps/pico_sdk-src/src/rp2_common/pico_stdio_uart/stdio_uart.c.obj
 .binary_info.__bi_ptr49
                0x10001e6c        0x4 CMakeFiles/pico_spi_diag.dir/_deps/pico_sdk-src/src/rp2_common/pico_stdio_uart/stdio_uart.c.obj
 .binary_info.__bi_ptr45
                0x10001e70        0x4 CMakeFiles/pico_spi_diag.dir/_deps/pico_sdk-src/src/rp2_common/pico_stdio_uart/stdio_uart.c.obj
                0x10001e74                        __binary_info_end = .
                0x10001e74                        . = ALIGN (0x4)

.ram_vector_table
                0x20000000      0x110
 *(.ram_vector_table)
 .ram_vector_table
                0x20000000      0x110 CMakeFiles/pico_spi_diag.dir/_deps/pico_sdk-src/src/rp2_common/pico_runtime_init/runtime_init.c.obj
                0x20000000                ram_vector_table

.uninitialized_data
                0x20000110        0x0
                0x20000110                        . = ALIGN (0x4)
 *(.uninitialized_data*)

.data           0x20000110      0x1a4 load address 0x10001e74
                0x20000110                        __data_start__ = .
 *(vtable)
 *(.time_critical*)
 .time_critical.mutex_enter_block_until
                0x20000110       0x70 CMakeFiles/pico_spi_diag.dir/_deps/pico_sdk-src/src/common/pico_sync/mutex.c.obj
                0x20000110                mutex_enter_block_until
 .time_critical.mutex_try_enter_block_until
                0x20000180       0x6c CMakeFiles/pico_spi_diag.dir/_deps/pico_sdk-src/src/common/pico_sync/mutex.c.obj
                0x20000180                mutex_try_enter_block_until
 .time_critical.mutex_exit
                0x200001ec       0x3c CMakeFiles/pico_spi_diag.dir/_deps/pico_sdk-src/src/common/pico_sync/mutex.c.obj
                0x200001ec                mutex_exit
 .time_critical.mutex_exit.__stub
                0x20000228        0x8 linker stubs
 *(.text*)
                0x20000230                        . = ALIGN (0x4)
 *(.rodata*)
                0x20000230                        . = ALIGN (0x4)
 *(.data*)
 .data.striped_spin_lock_num
                0x20000230        0x1 CMakeFiles/pico_spi_diag.dir/_deps/pico_sdk-src/src/rp2_common/hardware_sync/sync.c.obj
 *fill*         0x20000231        0x3 
 .data          0x20000234       0x48 CMakeFiles/pico_spi_diag.dir/_deps/pico_sdk-src/src/rp2_common/hardware_irq/irq_handler_chain.S.obj
                0x20000234                irq_handler_chain_slots
                0x20000264                irq_handler_chain_first_slot
                0x2000026e                irq_handler_chain_remove_tail
 .data.default_alarm_pool
                0x2000027c       0x18 CMakeFiles/pico_spi_diag.dir/_deps/pico_sdk-src/src/common/pico_time/time.c.obj
 .data.stdio_uart
                0x20000294       0x18 CMakeFiles/pico_spi_diag.dir/_deps/pico_sdk-src/src/rp2_common/pico_stdio_uart/stdio_uart.c.obj
                0x20000294                stdio_uart
 *(.sdata*)
                0x200002ac                        . = ALIGN (0x4)
 *(.after_data.*)
                0x200002ac                        . = ALIGN (0x4)
                0x200002ac                        PROVIDE (__mutex_array_start = .)
 *(SORT_BY_NAME(.mutex_array.*))
 *(.mutex_array)
 .mutex_array   0x200002ac        0x8 CMakeFiles/pico_spi_diag.dir/_deps/pico_sdk-src/src/rp2_common/pico_stdio/stdio.c.obj
                0x200002b4                        PROVIDE (__mutex_array_end = .)
 *(.jcr)
                0x200002b4                        . = ALIGN (0x4)

.tm_clone_table
                0x200002b4        0x0 load address 0x10002018
 .tm_clone_table
                0x200002b4        0x0 c:/progra~2/armgnu~1/12977f~1.2mp/bin/../lib/gcc/arm-none-eabi/12.2.1/thumb/v8-m.main+fp/softfp/crtbegin.o
 .tm_clone_table
                0x200002b4        0x0 c:/progra~2/armgnu~1/12977f~1.2mp/bin/../lib/gcc/arm-none-eabi/12.2.1/thumb/v8-m.main+fp/softfp/crtend.o

.igot.plt       0x200002b4        0x0 load address 0x10002018
 .igot.plt      0x200002b4        0x0 c:/progra~2/armgnu~1/12977f~1.2mp/bin/../lib/gcc/arm-none-eabi/12.2.1/thumb/v8-m.main+fp/softfp/crtbegin.o

.tdata          0x200002b4        0x0 load address 0x10002018
                0x200002b4                        . = ALIGN (0x4)
 *(.tdata .tdata.* .gnu.linkonce.td.*)
                0x200002b4                        __tdata_end = .
                0x200002b4                        PROVIDE (__data_end__ = .)
                0x10001e74                        __etext = LOADADDR (.data)

.tbss           0x200002b4        0x0 load address 0x10002018
                0x200002b4                        . = ALIGN (0x4)
                0x200002b4                        __bss_start__ = .
                0x200002b4                        __tls_base = .
 *(.tbss .tbss.* .gnu.linkonce.tb.*)
 *(.tcommon)
                0x200002b4                        __tls_end = .

.bss            0x200002b8      0x228 load address 0x10002018
                0x200002b8                        . = ALIGN (0x4)
                0x200002b8                        __tbss_end = .
 *(SORT_BY_ALIGNMENT(SORT_BY_NAME(.bss*)))
 .bss.default_alarm_pool_entries
                0x200002b8      0x180 CMakeFiles/pico_spi_diag.dir/_deps/pico_sdk-src/src/common/pico_time/time.c.obj
 .bss._sw_spin_locks
                0x20000438       0x20 CMakeFiles/pico_spi_diag.dir/_deps/pico_sdk-src/src/rp2_common/hardware_sync_spin_lock/sync_spin_lock.c.obj
                0x20000438                _sw_spin_locks
 .bss.chars_available_callback
                0x20000458        0x4 CMakeFiles/pico_spi_diag.dir/_deps/pico_sdk-src/src/rp2_common/pico_stdio_uart/stdio_uart.c.obj
 .bss.chars_available_param
                0x2000045c        0x4 CMakeFiles/pico_spi_diag.dir/_deps/pico_sdk-src/src/rp2_common/pico_stdio_uart/stdio_uart.c.obj
 .bss.claimed   0x20000460        0x2 CMakeFiles/pico_spi_diag.dir/_deps/pico_sdk-src/src/rp2_common/hardware_timer/timer.c.obj
 *fill*         0x20000462        0x2 
 .bss.configured_freq
                0x20000464       0x28 CMakeFiles/pico_spi_diag.dir/_deps/pico_sdk-src/src/rp2_common/hardware_clocks/clocks.c.obj
 .bss.drivers   0x2000048c        0x4 CMakeFiles/pico_spi_diag.dir/_deps/pico_sdk-src/src/rp2_common/pico_stdio/stdio.c.obj
 .bss.filter    0x20000490        0x4 CMakeFiles/pico_spi_diag.dir/_deps/pico_sdk-src/src/rp2_common/pico_stdio/stdio.c.obj
 .bss.lazy_vsnprintf
                0x20000494        0x4 CMakeFiles/pico_spi_diag.dir/_deps/pico_sdk-src/src/rp2_common/pico_printf/printf.c.obj
 .bss.object.0  0x20000498       0x18 c:/progra~2/armgnu~1/12977f~1.2mp/bin/../lib/gcc/arm-none-eabi/12.2.1/thumb/v8-m.main+fp/softfp/crtbegin.o
 .bss.pools     0x200004b0       0x20 CMakeFiles/pico_spi_diag.dir/_deps/pico_sdk-src/src/common/pico_time/time.c.obj
 .bss.sleep_notifier
                0x200004d0        0x4 CMakeFiles/pico_spi_diag.dir/_deps/pico_sdk-src/src/common/pico_time/time.c.obj
 .bss.uart_char_to_line_feed
                0x200004d4        0x4 CMakeFiles/pico_spi_diag.dir/_deps/pico_sdk-src/src/rp2_common/hardware_uart/uart.c.obj
                0x200004d4                uart_char_to_line_feed
 .bss.uart_instance
                0x200004d8        0x4 CMakeFiles/pico_spi_diag.dir/_deps/pico_sdk-src/src/rp2_common/pico_stdio_uart/stdio_uart.c.obj
 .bss.irq_handler_chain_free_slot_head
                0x200004dc        0x1 CMakeFiles/pico_spi_diag.dir/_deps/pico_sdk-src/src/rp2_common/hardware_irq/irq.c.obj
 *(COMMON)
                [!provide]                        PROVIDE (__global_pointer$ = (. + 0x800))
 *(.sbss*)
                0x200004e0                        . = ALIGN (0x4)
 *fill*         0x200004dd        0x3 
                0x200004e0                        __bss_end__ = .

.heap           0x200004e0      0x800 load address 0x10002018
                0x200004e0                        __end__ = .
                0x200004e0                        end = __end__
 *(.heap*)
 .heap          0x200004e0      0x800 CMakeFiles/pico_spi_diag.dir/_deps/pico_sdk-src/src/rp2_common/pico_crt0/crt0.S.obj
                0x20080000                        __HeapLimit = (ORIGIN (RAM) + LENGTH (RAM))

.scratch_x      0x20080000        0x0 load address 0x10002018
                0x20080000                        __scratch_x_start__ = .
 *(.scratch_x.*)
                0x20080000                        . = ALIGN (0x4)
                0x20080000                        __scratch_x_end__ = .
                0x10002018                        __scratch_x_source__ = LOADADDR (.scratch_x)

.scratch_y      0x20081000        0x0 load address 0x10002018
                0x20081000                        __scratch_y_start__ = .
 *(.scratch_y.*)
                0x20081000                        . = ALIGN (0x4)
                0x20081000                        __scratch_y_end__ = .
                0x10002018                        __scratch_y_source__ = LOADADDR (.scratch_y)

.stack1_dummy
 *(.stack1*)

.stack_dummy    0x20081000      0x800
 *(.stack*)
 .stack         0x20081000      0x800 CMakeFiles/pico_spi_diag.dir/_deps/pico_sdk-src/src/rp2_common/pico_crt0/crt0.S.obj

.flash_end      0x10002018       0x14
 *(.embedded_end_block*)
 .embedded_end_block
                0x10002018       0x14 CMakeFiles/pico_spi_diag.dir/_deps/pico_sdk-src/src/rp2_common/pico_crt0/crt0.S.obj
                0x1000202c                        PROVIDE (__flash_binary_end = .)
                0x20080000                        __StackLimit = (ORIGIN (RAM) + LENGTH (RAM))
                0x20081000                        __StackOneTop = (ORIGIN (SCRATCH_X) + LENGTH (SCRATCH_X))
                0x20082000                        __StackTop = (ORIGIN (SCRATCH_Y) + LENGTH (SCRATCH_Y))
                0x20081000                        __StackOneBottom = (__StackOneTop - SIZEOF (.stack1_dummy))
                0x20081800                        __StackBottom = (__StackTop - SIZEOF (.stack_dummy))
                0x20082000                        PROVIDE (__stack = __StackTop)
                [!provide]                        PROVIDE (__heap_start = __end__)
                [!provide]                        PROVIDE (__heap_end = __HeapLimit)
                [!provide]                        PROVIDE (__tls_align = MAX (ALIGNOF (.tdata), ALIGNOF (.tbss)))
                [!provide]                        PROVIDE (__tls_size_align = (((__tls_size + __tls_align) - 0x1) & ~ ((__tls_align - 0x1))))
                [!provide]                        PROVIDE (__arm32_tls_tcb_offset = MAX (0x8, __tls_align))
                [!provide]                        PROVIDE (_end = __end__)
                [!provide]                        PROVIDE (__llvm_libc_heap_limit = __HeapLimit)
                0x00000001                        ASSERT ((__StackLimit >= __HeapLimit), region RAM overflowed)
                0x00000001                        ASSERT (((__binary_info_header_end - __logical_binary_start) <= 0x400), Binary info must be in first 1024 bytes of the binary)
                0x00000001                        ASSERT (((__embedded_block_end - __logical_binary_start) <= 0x1000), Embedded block must be in first 4096 bytes of the binary)
LOAD CMakeFiles/pico_spi_diag.dir/src/pico_spi_diag.c.obj
LOAD CMakeFiles/pico_spi_diag.dir/_deps/pico_sdk-src/src/rp2_common/pico_stdlib/stdlib.c.obj
LOAD CMakeFiles/pico_spi_diag.dir/_deps/pico_sdk-src/src/rp2_common/hardware_gpio/gpio.c.obj
LOAD CMakeFiles/pico_spi_diag.dir/_deps/pico_sdk-src/src/rp2350/pico_platform/platform.c.obj
LOAD CMakeFiles/pico_spi_diag.dir/_deps/pico_sdk-src/src/rp2_common/pico_platform_common/common.c.obj
LOAD CMakeFiles/pico_spi_diag.dir/_deps/pico_sdk-src/src/rp2_common/pico_platform_panic/panic.c.obj
LOAD CMakeFiles/pico_spi_diag.dir/_deps/pico_sdk-src/src/common/hardware_claim/claim.c.obj
LOAD CMakeFiles/pico_spi_diag.dir/_deps/pico_sdk-src/src/rp2_common/hardware_sync/sync.c.obj
LOAD CMakeFiles/pico_spi_diag.dir/_deps/pico_sdk-src/src/rp2_common/hardware_sync_spin_lock/sync_spin_lock.c.obj
LOAD CMakeFiles/pico_spi_diag.dir/_deps/pico_sdk-src/src/rp2_common/hardware_irq/irq.c.obj
LOAD CMakeFiles/pico_spi_diag.dir/_deps/pico_sdk-src/src/rp2_common/hardware_irq/irq_handler_chain.S.obj
LOAD CMakeFiles/pico_spi_diag.dir/_deps/pico_sdk-src/src/common/pico_sync/sem.c.obj
LOAD CMakeFiles/pico_spi_diag.dir/_deps/pico_sdk-src/src/common/pico_sync/lock_core.c.obj
LOAD CMakeFiles/pico_spi_diag.dir/_deps/pico_sdk-src/src/common/pico_sync/mutex.c.obj
LOAD CMakeFiles/pico_spi_diag.dir/_deps/pico_sdk-src/src/common/pico_sync/critical_section.c.obj
LOAD CMakeFiles/pico_spi_diag.dir/_deps/pico_sdk-src/src/common/pico_time/time.c.obj
LOAD CMakeFiles/pico_spi_diag.dir/_deps/pico_sdk-src/src/common/pico_time/timeout_helper.c.obj
LOAD CMakeFiles/pico_spi_diag.dir/_deps/pico_sdk-src/src/rp2_common/hardware_timer/timer.c.obj
LOAD CMakeFiles/pico_spi_diag.dir/_deps/pico_sdk-src/src/common/pico_util/datetime.c.obj
LOAD CMakeFiles/pico_spi_diag.dir/_deps/pico_sdk-src/src/common/pico_util/pheap.c.obj
LOAD CMakeFiles/pico_spi_diag.dir/_deps/pico_sdk-src/src/common/pico_util/queue.c.obj
LOAD CMakeFiles/pico_spi_diag.dir/_deps/pico_sdk-src/src/rp2_common/hardware_uart/uart.c.obj
LOAD CMakeFiles/pico_spi_diag.dir/_deps/pico_sdk-src/src/rp2_common/hardware_clocks/clocks.c.obj
LOAD CMakeFiles/pico_spi_diag.dir/_deps/pico_sdk-src/src/rp2_common/hardware_pll/pll.c.obj
LOAD CMakeFiles/pico_spi_diag.dir/_deps/pico_sdk-src/src/rp2_common/hardware_vreg/vreg.c.obj
LOAD CMakeFiles/pico_spi_diag.dir/_deps/pico_sdk-src/src/rp2_common/hardware_watchdog/watchdog.c.obj
LOAD CMakeFiles/pico_spi_diag.dir/_deps/pico_sdk-src/src/rp2_common/hardware_ticks/ticks.c.obj
LOAD CMakeFiles/pico_spi_diag.dir/_deps/pico_sdk-src/src/rp2_common/pico_bootrom/bootrom.c.obj
LOAD CMakeFiles/pico_spi_diag.dir/_deps/pico_sdk-src/src/rp2_common/pico_bootrom/bootrom_lock.c.obj
LOAD CMakeFiles/pico_spi_diag.dir/_deps/pico_sdk-src/src/rp2_common/hardware_boot_lock/boot_lock.c.obj
LOAD CMakeFiles/pico_spi_diag.dir/_deps/pico_sdk-src/src/rp2_common/pico_flash/flash.c.obj
LOAD CMakeFiles/pico_spi_diag.dir/_deps/pico_sdk-src/src/rp2_common/hardware_xosc/xosc.c.obj
LOAD CMakeFiles/pico_spi_diag.dir/_deps/pico_sdk-src/src/rp2_common/hardware_divider/divider.c.obj
LOAD CMakeFiles/pico_spi_diag.dir/_deps/pico_sdk-src/src/rp2_common/pico_runtime/runtime.c.obj
LOAD CMakeFiles/pico_spi_diag.dir/_deps/pico_sdk-src/src/rp2_common/pico_runtime_init/runtime_init.c.obj
LOAD CMakeFiles/pico_spi_diag.dir/_deps/pico_sdk-src/src/rp2_common/pico_runtime_init/runtime_init_clocks.c.obj
LOAD CMakeFiles/pico_spi_diag.dir/_deps/pico_sdk-src/src/rp2_common/pico_runtime_init/runtime_init_stack_guard.c.obj
LOAD CMakeFiles/pico_spi_diag.dir/_deps/pico_sdk-src/src/rp2_common/pico_bit_ops/bit_ops_aeabi.S.obj
LOAD CMakeFiles/pico_spi_diag.dir/_deps/pico_sdk-src/src/rp2_common/pico_divider/divider_compiler.c.obj
LOAD CMakeFiles/pico_spi_diag.dir/_deps/pico_sdk-src/src/rp2_common/pico_double/double_math.c.obj
LOAD CMakeFiles/pico_spi_diag.dir/_deps/pico_sdk-src/src/rp2_common/pico_double/double_aeabi_dcp.S.obj
LOAD CMakeFiles/pico_spi_diag.dir/_deps/pico_sdk-src/src/rp2_common/pico_double/double_fma_dcp.S.obj
LOAD CMakeFiles/pico_spi_diag.dir/_deps/pico_sdk-src/src/rp2_common/pico_double/double_sci_m33.S.obj
LOAD CMakeFiles/pico_spi_diag.dir/_deps/pico_sdk-src/src/rp2_common/pico_double/double_conv_m33.S.obj
LOAD CMakeFiles/pico_spi_diag.dir/_deps/pico_sdk-src/src/rp2_common/pico_float/float_math.c.obj
LOAD CMakeFiles/pico_spi_diag.dir/_deps/pico_sdk-src/src/rp2_common/pico_float/float_conv32_vfp.S.obj
LOAD CMakeFiles/pico_spi_diag.dir/_deps/pico_sdk-src/src/rp2_common/pico_float/float_common_m33.S.obj
LOAD CMakeFiles/pico_spi_diag.dir/_deps/pico_sdk-src/src/rp2_common/pico_float/float_sci_m33_vfp.S.obj
LOAD CMakeFiles/pico_spi_diag.dir/_deps/pico_sdk-src/src/rp2_common/pico_malloc/malloc.c.obj
LOAD CMakeFiles/pico_spi_diag.dir/_deps/pico_sdk-src/src/rp2_common/pico_atomic/atomic.c.obj
LOAD CMakeFiles/pico_spi_diag.dir/_deps/pico_sdk-src/src/rp2_common/pico_cxx_options/new_delete.cpp.obj
LOAD CMakeFiles/pico_spi_diag.dir/_deps/pico_sdk-src/src/rp2_common/pico_standard_binary_info/standard_binary_info.c.obj
LOAD CMakeFiles/pico_spi_diag.dir/_deps/pico_sdk-src/src/rp2_common/pico_printf/printf.c.obj
LOAD CMakeFiles/pico_spi_diag.dir/_deps/pico_sdk-src/src/rp2_common/pico_crt0/crt0.S.obj
LOAD CMakeFiles/pico_spi_diag.dir/_deps/pico_sdk-src/src/rp2_common/pico_clib_interface/newlib_interface.c.obj
LOAD CMakeFiles/pico_spi_diag.dir/_deps/pico_sdk-src/src/rp2_common/pico_stdio/stdio.c.obj
LOAD CMakeFiles/pico_spi_diag.dir/_deps/pico_sdk-src/src/rp2_common/pico_stdio_uart/stdio_uart.c.obj
LOAD CMakeFiles/pico_spi_diag.dir/_deps/pico_sdk-src/src/rp2_common/hardware_spi/spi.c.obj
LOAD pico-sdk/src/rp2350/boot_stage2/CMakeFiles/bs2_default_library.dir/./bs2_default_padded_checksummed.S.obj
LOAD c:/progra~2/armgnu~1/12977f~1.2mp/bin/../lib/gcc/arm-none-eabi/12.2.1/thumb/v8-m.main+fp/softfp\libstdc++.a
LOAD c:/progra~2/armgnu~1/12977f~1.2mp/bin/../lib/gcc/arm-none-eabi/12.2.1/thumb/v8-m.main+fp/softfp\libm.a
START GROUP
LOAD c:/progra~2/armgnu~1/12977f~1.2mp/bin/../lib/gcc/arm-none-eabi/12.2.1/thumb/v8-m.main+fp/softfp\libgcc.a
LOAD c:/progra~2/armgnu~1/12977f~1.2mp/bin/../lib/gcc/arm-none-eabi/12.2.1/thumb/v8-m.main+fp/softfp\libg.a
LOAD c:/progra~2/armgnu~1/12977f~1.2mp/bin/../lib/gcc/arm-none-eabi/12.2.1/thumb/v8-m.main+fp/softfp\libc.a
END GROUP
START GROUP
LOAD c:/progra~2/armgnu~1/12977f~1.2mp/bin/../lib/gcc/arm-none-eabi/12.2.1/thumb/v8-m.main+fp/softfp\libgcc.a
LOAD c:/progra~2/armgnu~1/12977f~1.2mp/bin/../lib/gcc/arm-none-eabi/12.2.1/thumb/v8-m.main+fp/softfp\libc.a
LOAD c:/progra~2/armgnu~1/12977f~1.2mp/bin/../lib/gcc/arm-none-eabi/12.2.1/thumb/v8-m.main+fp/softfp\libnosys.a
END GROUP
LOAD c:/progra~2/armgnu~1/12977f~1.2mp/bin/../lib/gcc/arm-none-eabi/12.2.1/thumb/v8-m.main+fp/softfp/crtend.o
LOAD c:/progra~2/armgnu~1/12977f~1.2mp/bin/../lib/gcc/arm-none-eabi/12.2.1/thumb/v8-m.main+fp/softfp/crtn.o
OUTPUT(pico_spi_diag.elf elf32-littlearm)
LOAD linker stubs

.rel.dyn        0x1000202c        0x0
 .rel.iplt      0x1000202c        0x0 c:/progra~2/armgnu~1/12977f~1.2mp/bin/../lib/gcc/arm-none-eabi/12.2.1/thumb/v8-m.main+fp/softfp/crtbegin.o

.ARM.attributes
                0x00000000       0x34
 .ARM.attributes
                0x00000000       0x26 c:/progra~2/armgnu~1/12977f~1.2mp/bin/../lib/gcc/arm-none-eabi/12.2.1/thumb/v8-m.main+fp/softfp/crti.o
 .ARM.attributes
                0x00000026       0x36 c:/progra~2/armgnu~1/12977f~1.2mp/bin/../lib/gcc/arm-none-eabi/12.2.1/thumb/v8-m.main+fp/softfp/crtbegin.o
 .ARM.attributes
                0x0000005c       0x38 CMakeFiles/pico_spi_diag.dir/src/pico_spi_diag.c.obj
 .ARM.attributes
                0x00000094       0x38 CMakeFiles/pico_spi_diag.dir/_deps/pico_sdk-src/src/rp2_common/hardware_gpio/gpio.c.obj
 .ARM.attributes
                0x000000cc       0x38 CMakeFiles/pico_spi_diag.dir/_deps/pico_sdk-src/src/rp2_common/pico_platform_panic/panic.c.obj
 .ARM.attributes
                0x00000104       0x38 CMakeFiles/pico_spi_diag.dir/_deps/pico_sdk-src/src/common/hardware_claim/claim.c.obj
 .ARM.attributes
                0x0000013c       0x38 CMakeFiles/pico_spi_diag.dir/_deps/pico_sdk-src/src/rp2_common/hardware_sync/sync.c.obj
 .ARM.attributes
                0x00000174       0x38 CMakeFiles/pico_spi_diag.dir/_deps/pico_sdk-src/src/rp2_common/hardware_sync_spin_lock/sync_spin_lock.c.obj
 .ARM.attributes
                0x000001ac       0x38 CMakeFiles/pico_spi_diag.dir/_deps/pico_sdk-src/src/rp2_common/hardware_irq/irq.c.obj
 .ARM.attributes
                0x000001e4       0x28 CMakeFiles/pico_spi_diag.dir/_deps/pico_sdk-src/src/rp2_common/hardware_irq/irq_handler_chain.S.obj
 .ARM.attributes
                0x0000020c       0x38 CMakeFiles/pico_spi_diag.dir/_deps/pico_sdk-src/src/common/pico_sync/lock_core.c.obj
 .ARM.attributes
                0x00000244       0x38 CMakeFiles/pico_spi_diag.dir/_deps/pico_sdk-src/src/common/pico_sync/mutex.c.obj
 .ARM.attributes
                0x0000027c       0x38 CMakeFiles/pico_spi_diag.dir/_deps/pico_sdk-src/src/common/pico_time/time.c.obj
 .ARM.attributes
                0x000002b4       0x38 CMakeFiles/pico_spi_diag.dir/_deps/pico_sdk-src/src/rp2_common/hardware_timer/timer.c.obj
 .ARM.attributes
                0x000002ec       0x38 CMakeFiles/pico_spi_diag.dir/_deps/pico_sdk-src/src/rp2_common/hardware_uart/uart.c.obj
 .ARM.attributes
                0x00000324       0x38 CMakeFiles/pico_spi_diag.dir/_deps/pico_sdk-src/src/rp2_common/hardware_clocks/clocks.c.obj
 .ARM.attributes
                0x0000035c       0x38 CMakeFiles/pico_spi_diag.dir/_deps/pico_sdk-src/src/rp2_common/hardware_pll/pll.c.obj
 .ARM.attributes
                0x00000394       0x38 CMakeFiles/pico_spi_diag.dir/_deps/pico_sdk-src/src/rp2_common/hardware_ticks/ticks.c.obj
 .ARM.attributes
                0x000003cc       0x38 CMakeFiles/pico_spi_diag.dir/_deps/pico_sdk-src/src/rp2_common/pico_bootrom/bootrom.c.obj
 .ARM.attributes
                0x00000404       0x38 CMakeFiles/pico_spi_diag.dir/_deps/pico_sdk-src/src/rp2_common/pico_bootrom/bootrom_lock.c.obj
 .ARM.attributes
                0x0000043c       0x38 CMakeFiles/pico_spi_diag.dir/_deps/pico_sdk-src/src/rp2_common/hardware_boot_lock/boot_lock.c.obj
 .ARM.attributes
                0x00000474       0x38 CMakeFiles/pico_spi_diag.dir/_deps/pico_sdk-src/src/rp2_common/hardware_xosc/xosc.c.obj
 .ARM.attributes
                0x000004ac       0x38 CMakeFiles/pico_spi_diag.dir/_deps/pico_sdk-src/src/rp2_common/pico_runtime/runtime.c.obj
 .ARM.attributes
                0x000004e4       0x38 CMakeFiles/pico_spi_diag.dir/_deps/pico_sdk-src/src/rp2_common/pico_runtime_init/runtime_init.c.obj
 .ARM.attributes
                0x0000051c       0x38 CMakeFiles/pico_spi_diag.dir/_deps/pico_sdk-src/src/rp2_common/pico_runtime_init/runtime_init_clocks.c.obj
 .ARM.attributes
                0x00000554       0x38 CMakeFiles/pico_spi_diag.dir/_deps/pico_sdk-src/src/rp2_common/pico_standard_binary_info/standard_binary_info.c.obj
 .ARM.attributes
                0x0000058c       0x38 CMakeFiles/pico_spi_diag.dir/_deps/pico_sdk-src/src/rp2_common/pico_printf/printf.c.obj
 .ARM.attributes
                0x000005c4       0x28 CMakeFiles/pico_spi_diag.dir/_deps/pico_sdk-src/src/rp2_common/pico_crt0/crt0.S.obj
 .ARM.attributes
                0x000005ec       0x38 CMakeFiles/pico_spi_diag.dir/_deps/pico_sdk-src/src/rp2_common/pico_clib_interface/newlib_interface.c.obj
 .ARM.attributes
                0x00000624       0x38 CMakeFiles/pico_spi_diag.dir/_deps/pico_sdk-src/src/rp2_common/pico_stdio/stdio.c.obj
 .ARM.attributes
                0x0000065c       0x38 CMakeFiles/pico_spi_diag.dir/_deps/pico_sdk-src/src/rp2_common/pico_stdio_uart/stdio_uart.c.obj
 .ARM.attributes
                0x00000694       0x38 CMakeFiles/pico_spi_diag.dir/_deps/pico_sdk-src/src/rp2_common/hardware_spi/spi.c.obj
 .ARM.attributes
                0x000006cc       0x24 c:/progra~2/armgnu~1/12977f~1.2mp/bin/../lib/gcc/arm-none-eabi/12.2.1/thumb/v8-m.main+fp/softfp\libg.a(libc_a-memcpy.o)
 .ARM.attributes
                0x000006f0       0x36 c:/progra~2/armgnu~1/12977f~1.2mp/bin/../lib/gcc/arm-none-eabi/12.2.1/thumb/v8-m.main+fp/softfp\libg.a(libc_a-strlen-stub.o)
 .ARM.attributes
                0x00000726       0x36 c:/progra~2/armgnu~1/12977f~1.2mp/bin/../lib/gcc/arm-none-eabi/12.2.1/thumb/v8-m.main+fp/softfp/crtend.o

.comment        0x00000000       0x55
 .comment       0x00000000       0x55 CMakeFiles/pico_spi_diag.dir/src/pico_spi_diag.c.obj
                                 0x56 (size before relaxing)
 .comment       0x00000055       0x56 CMakeFiles/pico_spi_diag.dir/_deps/pico_sdk-src/src/rp2_common/hardware_gpio/gpio.c.obj
 .comment       0x00000055       0x56 CMakeFiles/pico_spi_diag.dir/_deps/pico_sdk-src/src/rp2_common/pico_platform_panic/panic.c.obj
 .comment       0x00000055       0x56 CMakeFiles/pico_spi_diag.dir/_deps/pico_sdk-src/src/common/hardware_claim/claim.c.obj
 .comment       0x00000055       0x56 CMakeFiles/pico_spi_diag.dir/_deps/pico_sdk-src/src/rp2_common/hardware_sync/sync.c.obj
 .comment       0x00000055       0x56 CMakeFiles/pico_spi_diag.dir/_deps/pico_sdk-src/src/rp2_common/hardware_sync_spin_lock/sync_spin_lock.c.obj
 .comment       0x00000055       0x56 CMakeFiles/pico_spi_diag.dir/_deps/pico_sdk-src/src/rp2_common/hardware_irq/irq.c.obj
 .comment       0x00000055       0x56 CMakeFiles/pico_spi_diag.dir/_deps/pico_sdk-src/src/common/pico_sync/lock_core.c.obj
 .comment       0x00000055       0x56 CMakeFiles/pico_spi_diag.dir/_deps/pico_sdk-src/src/common/pico_sync/mutex.c.obj
 .comment       0x00000055       0x56 CMakeFiles/pico_spi_diag.dir/_deps/pico_sdk-src/src/common/pico_time/time.c.obj
 .comment       0x00000055       0x56 CMakeFiles/pico_spi_diag.dir/_deps/pico_sdk-src/src/rp2_common/hardware_timer/timer.c.obj
 .comment       0x00000055       0x56 CMakeFiles/pico_spi_diag.dir/_deps/pico_sdk-src/src/rp2_common/hardware_uart/uart.c.obj
 .comment       0x00000055       0x56 CMakeFiles/pico_spi_diag.dir/_deps/pico_sdk-src/src/rp2_common/hardware_clocks/clocks.c.obj
 .comment       0x00000055       0x56 CMakeFiles/pico_spi_diag.dir/_deps/pico_sdk-src/src/rp2_common/hardware_pll/pll.c.obj
 .comment       0x00000055       0x56 CMakeFiles/pico_spi_diag.dir/_deps/pico_sdk-src/src/rp2_common/hardware_ticks/ticks.c.obj
 .comment       0x00000055       0x56 CMakeFiles/pico_spi_diag.dir/_deps/pico_sdk-src/src/rp2_common/pico_bootrom/bootrom.c.obj
 .comment       0x00000055       0x56 CMakeFiles/pico_spi_diag.dir/_deps/pico_sdk-src/src/rp2_common/pico_bootrom/bootrom_lock.c.obj
 .comment       0x00000055       0x56 CMakeFiles/pico_spi_diag.dir/_deps/pico_sdk-src/src/rp2_common/hardware_boot_lock/boot_lock.c.obj
 .comment       0x00000055       0x56 CMakeFiles/pico_spi_diag.dir/_deps/pico_sdk-src/src/rp2_common/hardware_xosc/xosc.c.obj
 .comment       0x00000055       0x56 CMakeFiles/pico_spi_diag.dir/_deps/pico_sdk-src/src/rp2_common/pico_runtime/runtime.c.obj
 .comment       0x00000055       0x56 CMakeFiles/pico_spi_diag.dir/_deps/pico_sdk-src/src/rp2_common/pico_runtime_init/runtime_init.c.obj
 .comment       0x00000055       0x56 CMakeFiles/pico_spi_diag.dir/_deps/pico_sdk-src/src/rp2_common/pico_runtime_init/runtime_init_clocks.c.obj
 .comment       0x00000055       0x56 CMakeFiles/pico_spi_diag.dir/_deps/pico_sdk-src/src/rp2_common/pico_standard_binary_info/standard_binary_info.c.obj
 .comment       0x00000055       0x56 CMakeFiles/pico_spi_diag.dir/_deps/pico_sdk-src/src/rp2_common/pico_printf/printf.c.obj
 .comment       0x00000055       0x56 CMakeFiles/pico_spi_diag.dir/_deps/pico_sdk-src/src/rp2_common/pico_clib_interface/newlib_interface.c.obj
 .comment       0x00000055       0x56 CMakeFiles/pico_spi_diag.dir/_deps/pico_sdk-src/src/rp2_common/pico_stdio/stdio.c.obj
 .comment       0x00000055       0x56 CMakeFiles/pico_spi_diag.dir/_deps/pico_sdk-src/src/rp2_common/pico_stdio_uart/stdio_uart.c.obj
 .comment       0x00000055       0x56 CMakeFiles/pico_spi_diag.dir/_deps/pico_sdk-src/src/rp2_common/hardware_spi/spi.c.obj

.debug_info     0x00000000    0x21c6e
 .debug_info    0x00000000     0x121f CMakeFiles/pico_spi_diag.dir/src/pico_spi_diag.c.obj
 .debug_info    0x0000121f     0x239f CMakeFiles/pico_spi_diag.dir/_deps/pico_sdk-src/src/rp2_common/hardware_gpio/gpio.c.obj
 .debug_info    0x000035be      0x1be CMakeFiles/pico_spi_diag.dir/_deps/pico_sdk-src/src/rp2_common/pico_platform_panic/panic.c.obj
 .debug_info    0x0000377c      0xb76 CMakeFiles/pico_spi_diag.dir/_deps/pico_sdk-src/src/common/hardware_claim/claim.c.obj
 .debug_info    0x000042f2      0x446 CMakeFiles/pico_spi_diag.dir/_deps/pico_sdk-src/src/rp2_common/hardware_sync/sync.c.obj
 .debug_info    0x00004738     0x145e CMakeFiles/pico_spi_diag.dir/_deps/pico_sdk-src/src/rp2_common/hardware_sync_spin_lock/sync_spin_lock.c.obj
 .debug_info    0x00005b96     0x2604 CMakeFiles/pico_spi_diag.dir/_deps/pico_sdk-src/src/rp2_common/hardware_irq/irq.c.obj
 .debug_info    0x0000819a      0x187 CMakeFiles/pico_spi_diag.dir/_deps/pico_sdk-src/src/common/pico_sync/lock_core.c.obj
 .debug_info    0x00008321     0x1e57 CMakeFiles/pico_spi_diag.dir/_deps/pico_sdk-src/src/common/pico_sync/mutex.c.obj
 .debug_info    0x0000a178     0x4c56 CMakeFiles/pico_spi_diag.dir/_deps/pico_sdk-src/src/common/pico_time/time.c.obj
 .debug_info    0x0000edce     0x3068 CMakeFiles/pico_spi_diag.dir/_deps/pico_sdk-src/src/rp2_common/hardware_timer/timer.c.obj
 .debug_info    0x00011e36     0x19a0 CMakeFiles/pico_spi_diag.dir/_deps/pico_sdk-src/src/rp2_common/hardware_uart/uart.c.obj
 .debug_info    0x000137d6     0x2909 CMakeFiles/pico_spi_diag.dir/_deps/pico_sdk-src/src/rp2_common/hardware_clocks/clocks.c.obj
 .debug_info    0x000160df      0x507 CMakeFiles/pico_spi_diag.dir/_deps/pico_sdk-src/src/rp2_common/hardware_pll/pll.c.obj
 .debug_info    0x000165e6      0x26c CMakeFiles/pico_spi_diag.dir/_deps/pico_sdk-src/src/rp2_common/hardware_ticks/ticks.c.obj
 .debug_info    0x00016852     0x109e CMakeFiles/pico_spi_diag.dir/_deps/pico_sdk-src/src/rp2_common/pico_bootrom/bootrom.c.obj
 .debug_info    0x000178f0      0x1c4 CMakeFiles/pico_spi_diag.dir/_deps/pico_sdk-src/src/rp2_common/pico_bootrom/bootrom_lock.c.obj
 .debug_info    0x00017ab4      0x316 CMakeFiles/pico_spi_diag.dir/_deps/pico_sdk-src/src/rp2_common/hardware_boot_lock/boot_lock.c.obj
 .debug_info    0x00017dca      0x1b1 CMakeFiles/pico_spi_diag.dir/_deps/pico_sdk-src/src/rp2_common/hardware_xosc/xosc.c.obj
 .debug_info    0x00017f7b      0x21a CMakeFiles/pico_spi_diag.dir/_deps/pico_sdk-src/src/rp2_common/pico_runtime/runtime.c.obj
 .debug_info    0x00018195     0x1c38 CMakeFiles/pico_spi_diag.dir/_deps/pico_sdk-src/src/rp2_common/pico_runtime_init/runtime_init.c.obj
 .debug_info    0x00019dcd      0x7d4 CMakeFiles/pico_spi_diag.dir/_deps/pico_sdk-src/src/rp2_common/pico_runtime_init/runtime_init_clocks.c.obj
 .debug_info    0x0001a5a1      0x2b8 CMakeFiles/pico_spi_diag.dir/_deps/pico_sdk-src/src/rp2_common/pico_standard_binary_info/standard_binary_info.c.obj
 .debug_info    0x0001a859     0x1f61 CMakeFiles/pico_spi_diag.dir/_deps/pico_sdk-src/src/rp2_common/pico_printf/printf.c.obj
 .debug_info    0x0001c7ba       0x23 CMakeFiles/pico_spi_diag.dir/_deps/pico_sdk-src/src/rp2_common/pico_crt0/crt0.S.obj
 .debug_info    0x0001c7dd      0xc0d CMakeFiles/pico_spi_diag.dir/_deps/pico_sdk-src/src/rp2_common/pico_clib_interface/newlib_interface.c.obj
 .debug_info    0x0001d3ea     0x1d6b CMakeFiles/pico_spi_diag.dir/_deps/pico_sdk-src/src/rp2_common/pico_stdio/stdio.c.obj
 .debug_info    0x0001f155     0x18d5 CMakeFiles/pico_spi_diag.dir/_deps/pico_sdk-src/src/rp2_common/pico_stdio_uart/stdio_uart.c.obj
 .debug_info    0x00020a2a     0x1244 CMakeFiles/pico_spi_diag.dir/_deps/pico_sdk-src/src/rp2_common/hardware_spi/spi.c.obj

.debug_abbrev   0x00000000     0x5b3b
 .debug_abbrev  0x00000000      0x38a CMakeFiles/pico_spi_diag.dir/src/pico_spi_diag.c.obj
 .debug_abbrev  0x0000038a      0x535 CMakeFiles/pico_spi_diag.dir/_deps/pico_sdk-src/src/rp2_common/hardware_gpio/gpio.c.obj
 .debug_abbrev  0x000008bf      0x12b CMakeFiles/pico_spi_diag.dir/_deps/pico_sdk-src/src/rp2_common/pico_platform_panic/panic.c.obj
 .debug_abbrev  0x000009ea      0x35c CMakeFiles/pico_spi_diag.dir/_deps/pico_sdk-src/src/common/hardware_claim/claim.c.obj
 .debug_abbrev  0x00000d46      0x22d CMakeFiles/pico_spi_diag.dir/_deps/pico_sdk-src/src/rp2_common/hardware_sync/sync.c.obj
 .debug_abbrev  0x00000f73      0x26e CMakeFiles/pico_spi_diag.dir/_deps/pico_sdk-src/src/rp2_common/hardware_sync_spin_lock/sync_spin_lock.c.obj
 .debug_abbrev  0x000011e1      0x628 CMakeFiles/pico_spi_diag.dir/_deps/pico_sdk-src/src/rp2_common/hardware_irq/irq.c.obj
 .debug_abbrev  0x00001809      0x11e CMakeFiles/pico_spi_diag.dir/_deps/pico_sdk-src/src/common/pico_sync/lock_core.c.obj
 .debug_abbrev  0x00001927      0x49b CMakeFiles/pico_spi_diag.dir/_deps/pico_sdk-src/src/common/pico_sync/mutex.c.obj
 .debug_abbrev  0x00001dc2      0x65c CMakeFiles/pico_spi_diag.dir/_deps/pico_sdk-src/src/common/pico_time/time.c.obj
 .debug_abbrev  0x0000241e      0x4f9 CMakeFiles/pico_spi_diag.dir/_deps/pico_sdk-src/src/rp2_common/hardware_timer/timer.c.obj
 .debug_abbrev  0x00002917      0x367 CMakeFiles/pico_spi_diag.dir/_deps/pico_sdk-src/src/rp2_common/hardware_uart/uart.c.obj
 .debug_abbrev  0x00002c7e      0x4fc CMakeFiles/pico_spi_diag.dir/_deps/pico_sdk-src/src/rp2_common/hardware_clocks/clocks.c.obj
 .debug_abbrev  0x0000317a      0x1a8 CMakeFiles/pico_spi_diag.dir/_deps/pico_sdk-src/src/rp2_common/hardware_pll/pll.c.obj
 .debug_abbrev  0x00003322      0x146 CMakeFiles/pico_spi_diag.dir/_deps/pico_sdk-src/src/rp2_common/hardware_ticks/ticks.c.obj
 .debug_abbrev  0x00003468      0x460 CMakeFiles/pico_spi_diag.dir/_deps/pico_sdk-src/src/rp2_common/pico_bootrom/bootrom.c.obj
 .debug_abbrev  0x000038c8       0xfb CMakeFiles/pico_spi_diag.dir/_deps/pico_sdk-src/src/rp2_common/pico_bootrom/bootrom_lock.c.obj
 .debug_abbrev  0x000039c3      0x1de CMakeFiles/pico_spi_diag.dir/_deps/pico_sdk-src/src/rp2_common/hardware_boot_lock/boot_lock.c.obj
 .debug_abbrev  0x00003ba1      0x109 CMakeFiles/pico_spi_diag.dir/_deps/pico_sdk-src/src/rp2_common/hardware_xosc/xosc.c.obj
 .debug_abbrev  0x00003caa      0x182 CMakeFiles/pico_spi_diag.dir/_deps/pico_sdk-src/src/rp2_common/pico_runtime/runtime.c.obj
 .debug_abbrev  0x00003e2c      0x312 CMakeFiles/pico_spi_diag.dir/_deps/pico_sdk-src/src/rp2_common/pico_runtime_init/runtime_init.c.obj
 .debug_abbrev  0x0000413e      0x2a4 CMakeFiles/pico_spi_diag.dir/_deps/pico_sdk-src/src/rp2_common/pico_runtime_init/runtime_init_clocks.c.obj
 .debug_abbrev  0x000043e2       0xb8 CMakeFiles/pico_spi_diag.dir/_deps/pico_sdk-src/src/rp2_common/pico_standard_binary_info/standard_binary_info.c.obj
 .debug_abbrev  0x0000449a      0x545 CMakeFiles/pico_spi_diag.dir/_deps/pico_sdk-src/src/rp2_common/pico_printf/printf.c.obj
 .debug_abbrev  0x000049df       0x12 CMakeFiles/pico_spi_diag.dir/_deps/pico_sdk-src/src/rp2_common/pico_crt0/crt0.S.obj
 .debug_abbrev  0x000049f1      0x375 CMakeFiles/pico_spi_diag.dir/_deps/pico_sdk-src/src/rp2_common/pico_clib_interface/newlib_interface.c.obj
 .debug_abbrev  0x00004d66      0x602 CMakeFiles/pico_spi_diag.dir/_deps/pico_sdk-src/src/rp2_common/pico_stdio/stdio.c.obj
 .debug_abbrev  0x00005368      0x493 CMakeFiles/pico_spi_diag.dir/_deps/pico_sdk-src/src/rp2_common/pico_stdio_uart/stdio_uart.c.obj
 .debug_abbrev  0x000057fb      0x340 CMakeFiles/pico_spi_diag.dir/_deps/pico_sdk-src/src/rp2_common/hardware_spi/spi.c.obj

.debug_loclists
                0x00000000     0xf8b9
 .debug_loclists
                0x00000000      0x2f5 CMakeFiles/pico_spi_diag.dir/src/pico_spi_diag.c.obj
 .debug_loclists
                0x000002f5     0x1740 CMakeFiles/pico_spi_diag.dir/_deps/pico_sdk-src/src/rp2_common/hardware_gpio/gpio.c.obj
 .debug_loclists
                0x00001a35      0x3fd CMakeFiles/pico_spi_diag.dir/_deps/pico_sdk-src/src/common/hardware_claim/claim.c.obj
 .debug_loclists
                0x00001e32       0xe8 CMakeFiles/pico_spi_diag.dir/_deps/pico_sdk-src/src/rp2_common/hardware_sync/sync.c.obj
 .debug_loclists
                0x00001f1a       0xa2 CMakeFiles/pico_spi_diag.dir/_deps/pico_sdk-src/src/rp2_common/hardware_sync_spin_lock/sync_spin_lock.c.obj
 .debug_loclists
                0x00001fbc     0x100b CMakeFiles/pico_spi_diag.dir/_deps/pico_sdk-src/src/rp2_common/hardware_irq/irq.c.obj
 .debug_loclists
                0x00002fc7       0x17 CMakeFiles/pico_spi_diag.dir/_deps/pico_sdk-src/src/common/pico_sync/lock_core.c.obj
 .debug_loclists
                0x00002fde      0xa93 CMakeFiles/pico_spi_diag.dir/_deps/pico_sdk-src/src/common/pico_sync/mutex.c.obj
 .debug_loclists
                0x00003a71     0x282d CMakeFiles/pico_spi_diag.dir/_deps/pico_sdk-src/src/common/pico_time/time.c.obj
 .debug_loclists
                0x0000629e     0x18b0 CMakeFiles/pico_spi_diag.dir/_deps/pico_sdk-src/src/rp2_common/hardware_timer/timer.c.obj
 .debug_loclists
                0x00007b4e      0xbe1 CMakeFiles/pico_spi_diag.dir/_deps/pico_sdk-src/src/rp2_common/hardware_uart/uart.c.obj
 .debug_loclists
                0x0000872f     0x1fab CMakeFiles/pico_spi_diag.dir/_deps/pico_sdk-src/src/rp2_common/hardware_clocks/clocks.c.obj
 .debug_loclists
                0x0000a6da      0x19f CMakeFiles/pico_spi_diag.dir/_deps/pico_sdk-src/src/rp2_common/hardware_pll/pll.c.obj
 .debug_loclists
                0x0000a879       0x72 CMakeFiles/pico_spi_diag.dir/_deps/pico_sdk-src/src/rp2_common/hardware_ticks/ticks.c.obj
 .debug_loclists
                0x0000a8eb      0x78d CMakeFiles/pico_spi_diag.dir/_deps/pico_sdk-src/src/rp2_common/pico_bootrom/bootrom.c.obj
 .debug_loclists
                0x0000b078       0x28 CMakeFiles/pico_spi_diag.dir/_deps/pico_sdk-src/src/rp2_common/pico_bootrom/bootrom_lock.c.obj
 .debug_loclists
                0x0000b0a0       0x72 CMakeFiles/pico_spi_diag.dir/_deps/pico_sdk-src/src/rp2_common/hardware_boot_lock/boot_lock.c.obj
 .debug_loclists
                0x0000b112       0x4f CMakeFiles/pico_spi_diag.dir/_deps/pico_sdk-src/src/rp2_common/hardware_xosc/xosc.c.obj
 .debug_loclists
                0x0000b161       0x7e CMakeFiles/pico_spi_diag.dir/_deps/pico_sdk-src/src/rp2_common/pico_runtime/runtime.c.obj
 .debug_loclists
                0x0000b1df      0x12e CMakeFiles/pico_spi_diag.dir/_deps/pico_sdk-src/src/rp2_common/pico_runtime_init/runtime_init.c.obj
 .debug_loclists
                0x0000b30d       0x74 CMakeFiles/pico_spi_diag.dir/_deps/pico_sdk-src/src/rp2_common/pico_runtime_init/runtime_init_clocks.c.obj
 .debug_loclists
                0x0000b381     0x2725 CMakeFiles/pico_spi_diag.dir/_deps/pico_sdk-src/src/rp2_common/pico_printf/printf.c.obj
 .debug_loclists
                0x0000daa6      0x38f CMakeFiles/pico_spi_diag.dir/_deps/pico_sdk-src/src/rp2_common/pico_clib_interface/newlib_interface.c.obj
 .debug_loclists
                0x0000de35      0xa4b CMakeFiles/pico_spi_diag.dir/_deps/pico_sdk-src/src/rp2_common/pico_stdio/stdio.c.obj
 .debug_loclists
                0x0000e880      0x7d6 CMakeFiles/pico_spi_diag.dir/_deps/pico_sdk-src/src/rp2_common/pico_stdio_uart/stdio_uart.c.obj
 .debug_loclists
                0x0000f056      0x863 CMakeFiles/pico_spi_diag.dir/_deps/pico_sdk-src/src/rp2_common/hardware_spi/spi.c.obj

.debug_aranges  0x00000000      0xb60
 .debug_aranges
                0x00000000       0x28 CMakeFiles/pico_spi_diag.dir/src/pico_spi_diag.c.obj
 .debug_aranges
                0x00000028      0x118 CMakeFiles/pico_spi_diag.dir/_deps/pico_sdk-src/src/rp2_common/hardware_gpio/gpio.c.obj
 .debug_aranges
                0x00000140       0x28 CMakeFiles/pico_spi_diag.dir/_deps/pico_sdk-src/src/rp2_common/pico_platform_panic/panic.c.obj
 .debug_aranges
                0x00000168       0x48 CMakeFiles/pico_spi_diag.dir/_deps/pico_sdk-src/src/common/hardware_claim/claim.c.obj
 .debug_aranges
                0x000001b0       0x48 CMakeFiles/pico_spi_diag.dir/_deps/pico_sdk-src/src/rp2_common/hardware_sync/sync.c.obj
 .debug_aranges
                0x000001f8       0x30 CMakeFiles/pico_spi_diag.dir/_deps/pico_sdk-src/src/rp2_common/hardware_sync_spin_lock/sync_spin_lock.c.obj
 .debug_aranges
                0x00000228       0xb8 CMakeFiles/pico_spi_diag.dir/_deps/pico_sdk-src/src/rp2_common/hardware_irq/irq.c.obj
 .debug_aranges
                0x000002e0       0x20 CMakeFiles/pico_spi_diag.dir/_deps/pico_sdk-src/src/common/pico_sync/lock_core.c.obj
 .debug_aranges
                0x00000300       0x98 CMakeFiles/pico_spi_diag.dir/_deps/pico_sdk-src/src/common/pico_sync/mutex.c.obj
 .debug_aranges
                0x00000398       0xe0 CMakeFiles/pico_spi_diag.dir/_deps/pico_sdk-src/src/common/pico_time/time.c.obj
 .debug_aranges
                0x00000478       0xf0 CMakeFiles/pico_spi_diag.dir/_deps/pico_sdk-src/src/rp2_common/hardware_timer/timer.c.obj
 .debug_aranges
                0x00000568       0x58 CMakeFiles/pico_spi_diag.dir/_deps/pico_sdk-src/src/rp2_common/hardware_uart/uart.c.obj
 .debug_aranges
                0x000005c0       0x90 CMakeFiles/pico_spi_diag.dir/_deps/pico_sdk-src/src/rp2_common/hardware_clocks/clocks.c.obj
 .debug_aranges
                0x00000650       0x28 CMakeFiles/pico_spi_diag.dir/_deps/pico_sdk-src/src/rp2_common/hardware_pll/pll.c.obj
 .debug_aranges
                0x00000678       0x30 CMakeFiles/pico_spi_diag.dir/_deps/pico_sdk-src/src/rp2_common/hardware_ticks/ticks.c.obj
 .debug_aranges
                0x000006a8       0x60 CMakeFiles/pico_spi_diag.dir/_deps/pico_sdk-src/src/rp2_common/pico_bootrom/bootrom.c.obj
 .debug_aranges
                0x00000708       0x20 CMakeFiles/pico_spi_diag.dir/_deps/pico_sdk-src/src/rp2_common/pico_bootrom/bootrom_lock.c.obj
 .debug_aranges
                0x00000728       0x30 CMakeFiles/pico_spi_diag.dir/_deps/pico_sdk-src/src/rp2_common/hardware_boot_lock/boot_lock.c.obj
 .debug_aranges
                0x00000758       0x30 CMakeFiles/pico_spi_diag.dir/_deps/pico_sdk-src/src/rp2_common/hardware_xosc/xosc.c.obj
 .debug_aranges
                0x00000788       0x38 CMakeFiles/pico_spi_diag.dir/_deps/pico_sdk-src/src/rp2_common/pico_runtime/runtime.c.obj
 .debug_aranges
                0x000007c0       0x58 CMakeFiles/pico_spi_diag.dir/_deps/pico_sdk-src/src/rp2_common/pico_runtime_init/runtime_init.c.obj
 .debug_aranges
                0x00000818       0x20 CMakeFiles/pico_spi_diag.dir/_deps/pico_sdk-src/src/rp2_common/pico_runtime_init/runtime_init_clocks.c.obj
 .debug_aranges
                0x00000838       0x18 CMakeFiles/pico_spi_diag.dir/_deps/pico_sdk-src/src/rp2_common/pico_standard_binary_info/standard_binary_info.c.obj
 .debug_aranges
                0x00000850       0x90 CMakeFiles/pico_spi_diag.dir/_deps/pico_sdk-src/src/rp2_common/pico_printf/printf.c.obj
 .debug_aranges
                0x000008e0       0x28 CMakeFiles/pico_spi_diag.dir/_deps/pico_sdk-src/src/rp2_common/pico_crt0/crt0.S.obj
 .debug_aranges
                0x00000908       0xa8 CMakeFiles/pico_spi_diag.dir/_deps/pico_sdk-src/src/rp2_common/pico_clib_interface/newlib_interface.c.obj
 .debug_aranges
                0x000009b0       0xc8 CMakeFiles/pico_spi_diag.dir/_deps/pico_sdk-src/src/rp2_common/pico_stdio/stdio.c.obj
 .debug_aranges
                0x00000a78       0x80 CMakeFiles/pico_spi_diag.dir/_deps/pico_sdk-src/src/rp2_common/pico_stdio_uart/stdio_uart.c.obj
 .debug_aranges
                0x00000af8       0x68 CMakeFiles/pico_spi_diag.dir/_deps/pico_sdk-src/src/rp2_common/hardware_spi/spi.c.obj

.debug_rnglists
                0x00000000     0x320b
 .debug_rnglists
                0x00000000       0xec CMakeFiles/pico_spi_diag.dir/src/pico_spi_diag.c.obj
 .debug_rnglists
                0x000000ec      0x630 CMakeFiles/pico_spi_diag.dir/_deps/pico_sdk-src/src/rp2_common/hardware_gpio/gpio.c.obj
 .debug_rnglists
                0x0000071c       0x19 CMakeFiles/pico_spi_diag.dir/_deps/pico_sdk-src/src/rp2_common/pico_platform_panic/panic.c.obj
 .debug_rnglists
                0x00000735      0x104 CMakeFiles/pico_spi_diag.dir/_deps/pico_sdk-src/src/common/hardware_claim/claim.c.obj
 .debug_rnglists
                0x00000839       0x67 CMakeFiles/pico_spi_diag.dir/_deps/pico_sdk-src/src/rp2_common/hardware_sync/sync.c.obj
 .debug_rnglists
                0x000008a0       0x43 CMakeFiles/pico_spi_diag.dir/_deps/pico_sdk-src/src/rp2_common/hardware_sync_spin_lock/sync_spin_lock.c.obj
 .debug_rnglists
                0x000008e3      0x3f6 CMakeFiles/pico_spi_diag.dir/_deps/pico_sdk-src/src/rp2_common/hardware_irq/irq.c.obj
 .debug_rnglists
                0x00000cd9       0x13 CMakeFiles/pico_spi_diag.dir/_deps/pico_sdk-src/src/common/pico_sync/lock_core.c.obj
 .debug_rnglists
                0x00000cec      0x2b5 CMakeFiles/pico_spi_diag.dir/_deps/pico_sdk-src/src/common/pico_sync/mutex.c.obj
 .debug_rnglists
                0x00000fa1      0x7ec CMakeFiles/pico_spi_diag.dir/_deps/pico_sdk-src/src/common/pico_time/time.c.obj
 .debug_rnglists
                0x0000178d      0x49c CMakeFiles/pico_spi_diag.dir/_deps/pico_sdk-src/src/rp2_common/hardware_timer/timer.c.obj
 .debug_rnglists
                0x00001c29      0x25f CMakeFiles/pico_spi_diag.dir/_deps/pico_sdk-src/src/rp2_common/hardware_uart/uart.c.obj
 .debug_rnglists
                0x00001e88      0x5d3 CMakeFiles/pico_spi_diag.dir/_deps/pico_sdk-src/src/rp2_common/hardware_clocks/clocks.c.obj
 .debug_rnglists
                0x0000245b       0x59 CMakeFiles/pico_spi_diag.dir/_deps/pico_sdk-src/src/rp2_common/hardware_pll/pll.c.obj
 .debug_rnglists
                0x000024b4       0x2b CMakeFiles/pico_spi_diag.dir/_deps/pico_sdk-src/src/rp2_common/hardware_ticks/ticks.c.obj
 .debug_rnglists
                0x000024df      0x116 CMakeFiles/pico_spi_diag.dir/_deps/pico_sdk-src/src/rp2_common/pico_bootrom/bootrom.c.obj
 .debug_rnglists
                0x000025f5       0x13 CMakeFiles/pico_spi_diag.dir/_deps/pico_sdk-src/src/rp2_common/pico_bootrom/bootrom_lock.c.obj
 .debug_rnglists
                0x00002608       0x4f CMakeFiles/pico_spi_diag.dir/_deps/pico_sdk-src/src/rp2_common/hardware_boot_lock/boot_lock.c.obj
 .debug_rnglists
                0x00002657       0x2b CMakeFiles/pico_spi_diag.dir/_deps/pico_sdk-src/src/rp2_common/hardware_xosc/xosc.c.obj
 .debug_rnglists
                0x00002682       0x3d CMakeFiles/pico_spi_diag.dir/_deps/pico_sdk-src/src/rp2_common/pico_runtime/runtime.c.obj
 .debug_rnglists
                0x000026bf       0x70 CMakeFiles/pico_spi_diag.dir/_deps/pico_sdk-src/src/rp2_common/pico_runtime_init/runtime_init.c.obj
 .debug_rnglists
                0x0000272f       0x3a CMakeFiles/pico_spi_diag.dir/_deps/pico_sdk-src/src/rp2_common/pico_runtime_init/runtime_init_clocks.c.obj
 .debug_rnglists
                0x00002769      0x2ca CMakeFiles/pico_spi_diag.dir/_deps/pico_sdk-src/src/rp2_common/pico_printf/printf.c.obj
 .debug_rnglists
                0x00002a33       0x1b CMakeFiles/pico_spi_diag.dir/_deps/pico_sdk-src/src/rp2_common/pico_crt0/crt0.S.obj
 .debug_rnglists
                0x00002a4e       0xb5 CMakeFiles/pico_spi_diag.dir/_deps/pico_sdk-src/src/rp2_common/pico_clib_interface/newlib_interface.c.obj
 .debug_rnglists
                0x00002b03      0x2f8 CMakeFiles/pico_spi_diag.dir/_deps/pico_sdk-src/src/rp2_common/pico_stdio/stdio.c.obj
 .debug_rnglists
                0x00002dfb      0x1f2 CMakeFiles/pico_spi_diag.dir/_deps/pico_sdk-src/src/rp2_common/pico_stdio_uart/stdio_uart.c.obj
 .debug_rnglists
                0x00002fed      0x21e CMakeFiles/pico_spi_diag.dir/_deps/pico_sdk-src/src/rp2_common/hardware_spi/spi.c.obj

.debug_line     0x00000000    0x17ff0
 .debug_line    0x00000000      0x92f CMakeFiles/pico_spi_diag.dir/src/pico_spi_diag.c.obj
 .debug_line    0x0000092f     0x1b9d CMakeFiles/pico_spi_diag.dir/_deps/pico_sdk-src/src/rp2_common/hardware_gpio/gpio.c.obj
 .debug_line    0x000024cc      0x315 CMakeFiles/pico_spi_diag.dir/_deps/pico_sdk-src/src/rp2_common/pico_platform_panic/panic.c.obj
 .debug_line    0x000027e1      0x95d CMakeFiles/pico_spi_diag.dir/_deps/pico_sdk-src/src/common/hardware_claim/claim.c.obj
 .debug_line    0x0000313e      0x508 CMakeFiles/pico_spi_diag.dir/_deps/pico_sdk-src/src/rp2_common/hardware_sync/sync.c.obj
 .debug_line    0x00003646      0x49d CMakeFiles/pico_spi_diag.dir/_deps/pico_sdk-src/src/rp2_common/hardware_sync_spin_lock/sync_spin_lock.c.obj
 .debug_line    0x00003ae3     0x189f CMakeFiles/pico_spi_diag.dir/_deps/pico_sdk-src/src/rp2_common/hardware_irq/irq.c.obj
 .debug_line    0x00005382      0x33a CMakeFiles/pico_spi_diag.dir/_deps/pico_sdk-src/src/common/pico_sync/lock_core.c.obj
 .debug_line    0x000056bc     0x13c3 CMakeFiles/pico_spi_diag.dir/_deps/pico_sdk-src/src/common/pico_sync/mutex.c.obj
 .debug_line    0x00006a7f     0x2f06 CMakeFiles/pico_spi_diag.dir/_deps/pico_sdk-src/src/common/pico_time/time.c.obj
 .debug_line    0x00009985     0x1f4c CMakeFiles/pico_spi_diag.dir/_deps/pico_sdk-src/src/rp2_common/hardware_timer/timer.c.obj
 .debug_line    0x0000b8d1      0xf84 CMakeFiles/pico_spi_diag.dir/_deps/pico_sdk-src/src/rp2_common/hardware_uart/uart.c.obj
 .debug_line    0x0000c855     0x1eb5 CMakeFiles/pico_spi_diag.dir/_deps/pico_sdk-src/src/rp2_common/hardware_clocks/clocks.c.obj
 .debug_line    0x0000e70a      0x6a0 CMakeFiles/pico_spi_diag.dir/_deps/pico_sdk-src/src/rp2_common/hardware_pll/pll.c.obj
 .debug_line    0x0000edaa      0x43b CMakeFiles/pico_spi_diag.dir/_deps/pico_sdk-src/src/rp2_common/hardware_ticks/ticks.c.obj
 .debug_line    0x0000f1e5      0xcbe CMakeFiles/pico_spi_diag.dir/_deps/pico_sdk-src/src/rp2_common/pico_bootrom/bootrom.c.obj
 .debug_line    0x0000fea3      0x53f CMakeFiles/pico_spi_diag.dir/_deps/pico_sdk-src/src/rp2_common/pico_bootrom/bootrom_lock.c.obj
 .debug_line    0x000103e2      0x50c CMakeFiles/pico_spi_diag.dir/_deps/pico_sdk-src/src/rp2_common/hardware_boot_lock/boot_lock.c.obj
 .debug_line    0x000108ee      0x47d CMakeFiles/pico_spi_diag.dir/_deps/pico_sdk-src/src/rp2_common/hardware_xosc/xosc.c.obj
 .debug_line    0x00010d6b      0x3c7 CMakeFiles/pico_spi_diag.dir/_deps/pico_sdk-src/src/rp2_common/pico_runtime/runtime.c.obj
 .debug_line    0x00011132      0x916 CMakeFiles/pico_spi_diag.dir/_deps/pico_sdk-src/src/rp2_common/pico_runtime_init/runtime_init.c.obj
 .debug_line    0x00011a48      0x7b6 CMakeFiles/pico_spi_diag.dir/_deps/pico_sdk-src/src/rp2_common/pico_runtime_init/runtime_init_clocks.c.obj
 .debug_line    0x000121fe      0x290 CMakeFiles/pico_spi_diag.dir/_deps/pico_sdk-src/src/rp2_common/pico_standard_binary_info/standard_binary_info.c.obj
 .debug_line    0x0001248e     0x18e1 CMakeFiles/pico_spi_diag.dir/_deps/pico_sdk-src/src/rp2_common/pico_printf/printf.c.obj
 .debug_line    0x00013d6f       0x9e CMakeFiles/pico_spi_diag.dir/_deps/pico_sdk-src/src/rp2_common/pico_crt0/crt0.S.obj
 .debug_line    0x00013e0d      0xa61 CMakeFiles/pico_spi_diag.dir/_deps/pico_sdk-src/src/rp2_common/pico_clib_interface/newlib_interface.c.obj
 .debug_line    0x0001486e     0x15b4 CMakeFiles/pico_spi_diag.dir/_deps/pico_sdk-src/src/rp2_common/pico_stdio/stdio.c.obj
 .debug_line    0x00015e22     0x1153 CMakeFiles/pico_spi_diag.dir/_deps/pico_sdk-src/src/rp2_common/pico_stdio_uart/stdio_uart.c.obj
 .debug_line    0x00016f75     0x107b CMakeFiles/pico_spi_diag.dir/_deps/pico_sdk-src/src/rp2_common/hardware_spi/spi.c.obj

.debug_str      0x00000000     0x61af
 .debug_str     0x00000000      0xdc1 CMakeFiles/pico_spi_diag.dir/src/pico_spi_diag.c.obj
                                0xe2c (size before relaxing)
 .debug_str     0x00000dc1      0x6d6 CMakeFiles/pico_spi_diag.dir/_deps/pico_sdk-src/src/rp2_common/hardware_gpio/gpio.c.obj
                                0xd91 (size before relaxing)
 .debug_str     0x00001497       0xd5 CMakeFiles/pico_spi_diag.dir/_deps/pico_sdk-src/src/rp2_common/pico_platform_panic/panic.c.obj
                                0x26a (size before relaxing)
 .debug_str     0x0000156c      0x20a CMakeFiles/pico_spi_diag.dir/_deps/pico_sdk-src/src/common/hardware_claim/claim.c.obj
                                0x3dc (size before relaxing)
 .debug_str     0x00001776      0x10f CMakeFiles/pico_spi_diag.dir/_deps/pico_sdk-src/src/rp2_common/hardware_sync/sync.c.obj
                                0x387 (size before relaxing)
 .debug_str     0x00001885      0x97d CMakeFiles/pico_spi_diag.dir/_deps/pico_sdk-src/src/rp2_common/hardware_sync_spin_lock/sync_spin_lock.c.obj
                                0xc34 (size before relaxing)
 .debug_str     0x00002202      0x50f CMakeFiles/pico_spi_diag.dir/_deps/pico_sdk-src/src/rp2_common/hardware_irq/irq.c.obj
                                0xcb3 (size before relaxing)
 .debug_str     0x00002711       0x9f CMakeFiles/pico_spi_diag.dir/_deps/pico_sdk-src/src/common/pico_sync/lock_core.c.obj
                                0x279 (size before relaxing)
 .debug_str     0x000027b0      0x2c0 CMakeFiles/pico_spi_diag.dir/_deps/pico_sdk-src/src/common/pico_sync/mutex.c.obj
                                0x94d (size before relaxing)
 .debug_str     0x00002a70      0xa70 CMakeFiles/pico_spi_diag.dir/_deps/pico_sdk-src/src/common/pico_time/time.c.obj
                               0x1376 (size before relaxing)
 .debug_str     0x000034e0      0x208 CMakeFiles/pico_spi_diag.dir/_deps/pico_sdk-src/src/rp2_common/hardware_timer/timer.c.obj
                                0xc07 (size before relaxing)
 .debug_str     0x000036e8      0x542 CMakeFiles/pico_spi_diag.dir/_deps/pico_sdk-src/src/rp2_common/hardware_uart/uart.c.obj
                                0xec3 (size before relaxing)
 .debug_str     0x00003c2a      0x485 CMakeFiles/pico_spi_diag.dir/_deps/pico_sdk-src/src/rp2_common/hardware_clocks/clocks.c.obj
                                0xbf6 (size before relaxing)
 .debug_str     0x000040af       0xb8 CMakeFiles/pico_spi_diag.dir/_deps/pico_sdk-src/src/rp2_common/hardware_pll/pll.c.obj
                                0x500 (size before relaxing)
 .debug_str     0x00004167      0x13f CMakeFiles/pico_spi_diag.dir/_deps/pico_sdk-src/src/rp2_common/hardware_ticks/ticks.c.obj
                                0x32d (size before relaxing)
 .debug_str     0x000042a6      0x4ed CMakeFiles/pico_spi_diag.dir/_deps/pico_sdk-src/src/rp2_common/pico_bootrom/bootrom.c.obj
                                0x9d0 (size before relaxing)
 .debug_str     0x00004793       0xf0 CMakeFiles/pico_spi_diag.dir/_deps/pico_sdk-src/src/rp2_common/pico_bootrom/bootrom_lock.c.obj
                                0x315 (size before relaxing)
 .debug_str     0x00004883       0xc4 CMakeFiles/pico_spi_diag.dir/_deps/pico_sdk-src/src/rp2_common/hardware_boot_lock/boot_lock.c.obj
                                0x2f3 (size before relaxing)
 .debug_str     0x00004947       0xb8 CMakeFiles/pico_spi_diag.dir/_deps/pico_sdk-src/src/rp2_common/hardware_xosc/xosc.c.obj
                                0x2a6 (size before relaxing)
 .debug_str     0x000049ff      0x12d CMakeFiles/pico_spi_diag.dir/_deps/pico_sdk-src/src/rp2_common/pico_runtime/runtime.c.obj
                                0x2fc (size before relaxing)
 .debug_str     0x00004b2c      0x3e8 CMakeFiles/pico_spi_diag.dir/_deps/pico_sdk-src/src/rp2_common/pico_runtime_init/runtime_init.c.obj
                               0x1280 (size before relaxing)
 .debug_str     0x00004f14       0xa5 CMakeFiles/pico_spi_diag.dir/_deps/pico_sdk-src/src/rp2_common/pico_runtime_init/runtime_init_clocks.c.obj
                                0x548 (size before relaxing)
 .debug_str     0x00004fb9      0x297 CMakeFiles/pico_spi_diag.dir/_deps/pico_sdk-src/src/rp2_common/pico_standard_binary_info/standard_binary_info.c.obj
                                0x46b (size before relaxing)
 .debug_str     0x00005250      0x2a0 CMakeFiles/pico_spi_diag.dir/_deps/pico_sdk-src/src/rp2_common/pico_printf/printf.c.obj
                                0x503 (size before relaxing)
 .debug_str     0x000054f0       0x8c CMakeFiles/pico_spi_diag.dir/_deps/pico_sdk-src/src/rp2_common/pico_crt0/crt0.S.obj
                                 0xd7 (size before relaxing)
 .debug_str     0x0000557c      0x34f CMakeFiles/pico_spi_diag.dir/_deps/pico_sdk-src/src/rp2_common/pico_clib_interface/newlib_interface.c.obj
                                0x8fb (size before relaxing)
 .debug_str     0x000058cb      0x30c CMakeFiles/pico_spi_diag.dir/_deps/pico_sdk-src/src/rp2_common/pico_stdio/stdio.c.obj
                               0x101a (size before relaxing)
 .debug_str     0x00005bd7      0x413 CMakeFiles/pico_spi_diag.dir/_deps/pico_sdk-src/src/rp2_common/pico_stdio_uart/stdio_uart.c.obj
                               0x11e9 (size before relaxing)
 .debug_str     0x00005fea      0x1c5 CMakeFiles/pico_spi_diag.dir/_deps/pico_sdk-src/src/rp2_common/hardware_spi/spi.c.obj
                                0x7e3 (size before relaxing)

.debug_frame    0x00000000     0x202c
 .debug_frame   0x00000000       0x44 CMakeFiles/pico_spi_diag.dir/src/pico_spi_diag.c.obj
 .debug_frame   0x00000044      0x38c CMakeFiles/pico_spi_diag.dir/_deps/pico_sdk-src/src/rp2_common/hardware_gpio/gpio.c.obj
 .debug_frame   0x000003d0       0x4c CMakeFiles/pico_spi_diag.dir/_deps/pico_sdk-src/src/rp2_common/pico_platform_panic/panic.c.obj
 .debug_frame   0x0000041c       0x94 CMakeFiles/pico_spi_diag.dir/_deps/pico_sdk-src/src/common/hardware_claim/claim.c.obj
 .debug_frame   0x000004b0       0x98 CMakeFiles/pico_spi_diag.dir/_deps/pico_sdk-src/src/rp2_common/hardware_sync/sync.c.obj
 .debug_frame   0x00000548       0x40 CMakeFiles/pico_spi_diag.dir/_deps/pico_sdk-src/src/rp2_common/hardware_sync_spin_lock/sync_spin_lock.c.obj
 .debug_frame   0x00000588      0x1cc CMakeFiles/pico_spi_diag.dir/_deps/pico_sdk-src/src/rp2_common/hardware_irq/irq.c.obj
 .debug_frame   0x00000754       0x20 CMakeFiles/pico_spi_diag.dir/_deps/pico_sdk-src/src/common/pico_sync/lock_core.c.obj
 .debug_frame   0x00000774      0x1d4 CMakeFiles/pico_spi_diag.dir/_deps/pico_sdk-src/src/common/pico_sync/mutex.c.obj
 .debug_frame   0x00000948      0x358 CMakeFiles/pico_spi_diag.dir/_deps/pico_sdk-src/src/common/pico_time/time.c.obj
 .debug_frame   0x00000ca0      0x2d8 CMakeFiles/pico_spi_diag.dir/_deps/pico_sdk-src/src/rp2_common/hardware_timer/timer.c.obj
 .debug_frame   0x00000f78       0xfc CMakeFiles/pico_spi_diag.dir/_deps/pico_sdk-src/src/rp2_common/hardware_uart/uart.c.obj
 .debug_frame   0x00001074      0x1f0 CMakeFiles/pico_spi_diag.dir/_deps/pico_sdk-src/src/rp2_common/hardware_clocks/clocks.c.obj
 .debug_frame   0x00001264       0x44 CMakeFiles/pico_spi_diag.dir/_deps/pico_sdk-src/src/rp2_common/hardware_pll/pll.c.obj
 .debug_frame   0x000012a8       0x40 CMakeFiles/pico_spi_diag.dir/_deps/pico_sdk-src/src/rp2_common/hardware_ticks/ticks.c.obj
 .debug_frame   0x000012e8      0x134 CMakeFiles/pico_spi_diag.dir/_deps/pico_sdk-src/src/rp2_common/pico_bootrom/bootrom.c.obj
 .debug_frame   0x0000141c       0x20 CMakeFiles/pico_spi_diag.dir/_deps/pico_sdk-src/src/rp2_common/pico_bootrom/bootrom_lock.c.obj
 .debug_frame   0x0000143c       0x40 CMakeFiles/pico_spi_diag.dir/_deps/pico_sdk-src/src/rp2_common/hardware_boot_lock/boot_lock.c.obj
 .debug_frame   0x0000147c       0x4c CMakeFiles/pico_spi_diag.dir/_deps/pico_sdk-src/src/rp2_common/hardware_xosc/xosc.c.obj
 .debug_frame   0x000014c8       0x70 CMakeFiles/pico_spi_diag.dir/_deps/pico_sdk-src/src/rp2_common/pico_runtime/runtime.c.obj
 .debug_frame   0x00001538       0xc0 CMakeFiles/pico_spi_diag.dir/_deps/pico_sdk-src/src/rp2_common/pico_runtime_init/runtime_init.c.obj
 .debug_frame   0x000015f8       0x34 CMakeFiles/pico_spi_diag.dir/_deps/pico_sdk-src/src/rp2_common/pico_runtime_init/runtime_init_clocks.c.obj
 .debug_frame   0x0000162c      0x2b0 CMakeFiles/pico_spi_diag.dir/_deps/pico_sdk-src/src/rp2_common/pico_printf/printf.c.obj
 .debug_frame   0x000018dc      0x190 CMakeFiles/pico_spi_diag.dir/_deps/pico_sdk-src/src/rp2_common/pico_clib_interface/newlib_interface.c.obj
 .debug_frame   0x00001a6c      0x2e4 CMakeFiles/pico_spi_diag.dir/_deps/pico_sdk-src/src/rp2_common/pico_stdio/stdio.c.obj
 .debug_frame   0x00001d50      0x170 CMakeFiles/pico_spi_diag.dir/_deps/pico_sdk-src/src/rp2_common/pico_stdio_uart/stdio_uart.c.obj
 .debug_frame   0x00001ec0      0x14c CMakeFiles/pico_spi_diag.dir/_deps/pico_sdk-src/src/rp2_common/hardware_spi/spi.c.obj
 .debug_frame   0x0000200c       0x20 c:/progra~2/armgnu~1/12977f~1.2mp/bin/../lib/gcc/arm-none-eabi/12.2.1/thumb/v8-m.main+fp/softfp\libg.a(libc_a-strlen-stub.o)

.debug_line_str
                0x00000000      0x1c2
 .debug_line_str
                0x00000000       0xc9 CMakeFiles/pico_spi_diag.dir/_deps/pico_sdk-src/src/rp2_common/pico_crt0/crt0.S.obj
 .debug_line_str
                0x000000c9       0xf9 c:/progra~2/armgnu~1/12977f~1.2mp/bin/../lib/gcc/arm-none-eabi/12.2.1/thumb/v8-m.main+fp/softfp\libg.a(libc_a-memcpy.o)
