Archive member included to satisfy reference by file (symbol)

c:/progra~2/armgnu~1/12977f~1.2mp/bin/../lib/gcc/arm-none-eabi/12.2.1/thumb/v8-m.main+fp/softfp\libm.a(libm_a-wf_sqrt.o)
                              CMakeFiles/pico_sensors_simple.dir/_deps/pico_sdk-src/src/rp2_common/pico_float/float_math.c.obj (sqrtf)
c:/progra~2/armgnu~1/12977f~1.2mp/bin/../lib/gcc/arm-none-eabi/12.2.1/thumb/v8-m.main+fp/softfp\libm.a(libm_a-ef_sqrt.o)
                              c:/progra~2/armgnu~1/12977f~1.2mp/bin/../lib/gcc/arm-none-eabi/12.2.1/thumb/v8-m.main+fp/softfp\libm.a(libm_a-wf_sqrt.o) (__ieee754_sqrtf)
c:/progra~2/armgnu~1/12977f~1.2mp/bin/../lib/gcc/arm-none-eabi/12.2.1/thumb/v8-m.main+fp/softfp\libgcc.a(_arm_addsubdf3.o)
                              CMakeFiles/pico_sensors_simple.dir/_deps/pico_sdk-src/src/rp2_common/pico_float/float_math.c.obj (__aeabi_f2d)
c:/progra~2/armgnu~1/12977f~1.2mp/bin/../lib/gcc/arm-none-eabi/12.2.1/thumb/v8-m.main+fp/softfp\libgcc.a(_aeabi_ldivmod.o)
                              CMakeFiles/pico_sensors_simple.dir/_deps/pico_sdk-src/src/common/pico_time/time.c.obj (__aeabi_ldivmod)
c:/progra~2/armgnu~1/12977f~1.2mp/bin/../lib/gcc/arm-none-eabi/12.2.1/thumb/v8-m.main+fp/softfp\libgcc.a(_aeabi_uldivmod.o)
                              CMakeFiles/pico_sensors_simple.dir/_deps/pico_sdk-src/src/rp2_common/hardware_clocks/clocks.c.obj (__aeabi_uldivmod)
c:/progra~2/armgnu~1/12977f~1.2mp/bin/../lib/gcc/arm-none-eabi/12.2.1/thumb/v8-m.main+fp/softfp\libgcc.a(_udivmoddi4.o)
                              c:/progra~2/armgnu~1/12977f~1.2mp/bin/../lib/gcc/arm-none-eabi/12.2.1/thumb/v8-m.main+fp/softfp\libgcc.a(_aeabi_ldivmod.o) (__udivmoddi4)
c:/progra~2/armgnu~1/12977f~1.2mp/bin/../lib/gcc/arm-none-eabi/12.2.1/thumb/v8-m.main+fp/softfp\libgcc.a(_dvmd_tls.o)
                              c:/progra~2/armgnu~1/12977f~1.2mp/bin/../lib/gcc/arm-none-eabi/12.2.1/thumb/v8-m.main+fp/softfp\libgcc.a(_aeabi_ldivmod.o) (__aeabi_ldiv0)
c:/progra~2/armgnu~1/12977f~1.2mp/bin/../lib/gcc/arm-none-eabi/12.2.1/thumb/v8-m.main+fp/softfp\libg.a(libc_a-calloc.o)
                              CMakeFiles/pico_sensors_simple.dir/_deps/pico_sdk-src/src/rp2_common/pico_malloc/malloc.c.obj (calloc)
c:/progra~2/armgnu~1/12977f~1.2mp/bin/../lib/gcc/arm-none-eabi/12.2.1/thumb/v8-m.main+fp/softfp\libg.a(libc_a-callocr.o)
                              c:/progra~2/armgnu~1/12977f~1.2mp/bin/../lib/gcc/arm-none-eabi/12.2.1/thumb/v8-m.main+fp/softfp\libg.a(libc_a-calloc.o) (_calloc_r)
c:/progra~2/armgnu~1/12977f~1.2mp/bin/../lib/gcc/arm-none-eabi/12.2.1/thumb/v8-m.main+fp/softfp\libg.a(libc_a-malloc.o)
                              CMakeFiles/pico_sensors_simple.dir/_deps/pico_sdk-src/src/rp2_common/pico_malloc/malloc.c.obj (malloc)
c:/progra~2/armgnu~1/12977f~1.2mp/bin/../lib/gcc/arm-none-eabi/12.2.1/thumb/v8-m.main+fp/softfp\libg.a(libc_a-mallocr.o)
                              c:/progra~2/armgnu~1/12977f~1.2mp/bin/../lib/gcc/arm-none-eabi/12.2.1/thumb/v8-m.main+fp/softfp\libg.a(libc_a-callocr.o) (_malloc_r)
c:/progra~2/armgnu~1/12977f~1.2mp/bin/../lib/gcc/arm-none-eabi/12.2.1/thumb/v8-m.main+fp/softfp\libg.a(libc_a-mlock.o)
                              c:/progra~2/armgnu~1/12977f~1.2mp/bin/../lib/gcc/arm-none-eabi/12.2.1/thumb/v8-m.main+fp/softfp\libg.a(libc_a-mallocr.o) (__malloc_lock)
c:/progra~2/armgnu~1/12977f~1.2mp/bin/../lib/gcc/arm-none-eabi/12.2.1/thumb/v8-m.main+fp/softfp\libg.a(libc_a-realloc.o)
                              CMakeFiles/pico_sensors_simple.dir/_deps/pico_sdk-src/src/rp2_common/pico_malloc/malloc.c.obj (realloc)
c:/progra~2/armgnu~1/12977f~1.2mp/bin/../lib/gcc/arm-none-eabi/12.2.1/thumb/v8-m.main+fp/softfp\libg.a(libc_a-reallocr.o)
                              c:/progra~2/armgnu~1/12977f~1.2mp/bin/../lib/gcc/arm-none-eabi/12.2.1/thumb/v8-m.main+fp/softfp\libg.a(libc_a-realloc.o) (_realloc_r)
c:/progra~2/armgnu~1/12977f~1.2mp/bin/../lib/gcc/arm-none-eabi/12.2.1/thumb/v8-m.main+fp/softfp\libg.a(libc_a-memcmp.o)
                              CMakeFiles/pico_sensors_simple.dir/_deps/pico_sdk-src/src/rp2_common/pico_atomic/atomic.c.obj (memcmp)
c:/progra~2/armgnu~1/12977f~1.2mp/bin/../lib/gcc/arm-none-eabi/12.2.1/thumb/v8-m.main+fp/softfp\libg.a(libc_a-memmove.o)
                              c:/progra~2/armgnu~1/12977f~1.2mp/bin/../lib/gcc/arm-none-eabi/12.2.1/thumb/v8-m.main+fp/softfp\libg.a(libc_a-reallocr.o) (memmove)
c:/progra~2/armgnu~1/12977f~1.2mp/bin/../lib/gcc/arm-none-eabi/12.2.1/thumb/v8-m.main+fp/softfp\libg.a(libc_a-memset.o)
                              c:/progra~2/armgnu~1/12977f~1.2mp/bin/../lib/gcc/arm-none-eabi/12.2.1/thumb/v8-m.main+fp/softfp/crt0.o (memset)
c:/progra~2/armgnu~1/12977f~1.2mp/bin/../lib/gcc/arm-none-eabi/12.2.1/thumb/v8-m.main+fp/softfp\libg.a(libc_a-lcltime_r.o)
                              CMakeFiles/pico_sensors_simple.dir/_deps/pico_sdk-src/src/common/pico_util/datetime.c.obj (localtime_r)
[...]
Memory Configuration

Name             Origin             Length             Attributes
FLASH            0x10000000         0x00400000         xr
RAM              0x20000000         0x00080000         xrw
SCRATCH_X        0x20080000         0x00001000         xrw
SCRATCH_Y        0x20081000         0x00001000         xrw
*default*        0x00000000         0xffffffff

Linker script and memory map

LOAD c:/progra~2/armgnu~1/12977f~1.2mp/bin/../lib/gcc/arm-none-eabi/12.2.1/thumb/v8-m.main+fp/softfp/crti.o
LOAD c:/progra~2/armgnu~1/12977f~1.2mp/bin/../lib/gcc/arm-none-eabi/12.2.1/thumb/v8-m.main+fp/softfp/crtbegin.o
LOAD c:/progra~2/armgnu~1/12977f~1.2mp/bin/../lib/gcc/arm-none-eabi/12.2.1/thumb/v8-m.main+fp/softfp/crt0.o

.flash_begin    0x10000000        0x0
                0x10000000                        __flash_binary_start = .

.text           0x10000000     0x1d1c
                0x10000000                        __logical_binary_start = .
 *(.vectors)
 .vectors       0x10000000      0x124 CMakeFiles/pico_sensors_simple.dir/_deps/pico_sdk-src/src/rp2_common/pico_crt0/crt0.S.obj
                0x10000000                __VECTOR_TABLE
                0x10000000                __vectors
                0x10000110                __unhandled_user_irq
                0x10000110                isr_irq49
                0x10000110                isr_irq13
                0x10000110                isr_irq43
                0x10000110                isr_irq45
                0x10000110                isr_irq27
                0x10000110                isr_irq32
                0x10000110                isr_irq31
                0x10000110                isr_irq12
                0x10000110                isr_irq5
                0x10000110                isr_irq11
                0x10000110                isr_irq3
                0x10000110                isr_irq23
                0x10000110                isr_usagefault
                0x10000110                isr_irq48
                0x10000110                isr_irq30
                0x10000110                isr_irq18
                0x10000110                isr_irq50
                0x10000110                isr_irq33
                0x10000110                isr_irq40
                0x10000110                isr_irq28
                0x10000110                isr_irq19
                0x10000110                isr_irq36
                0x10000110                isr_irq41
                0x10000110                isr_irq0
                0x10000110                isr_irq6
                0x10000110                isr_irq26
                0x10000110                isr_irq29
                0x10000110                isr_memmanage
                0x10000110                isr_irq37
                0x10000110                isr_irq42
                0x10000110                isr_irq22
                0x10000110                isr_irq35
                0x10000110                isr_irq17
                0x10000110                isr_irq38
                0x10000110                isr_irq14
                0x10000110                __vectors_end
                0x10000110                __default_isrs_start
                0x10000110                isr_irq2
                0x10000110                isr_irq10
                0x10000110                isr_irq8
                0x10000110                isr_debugmonitor
                0x10000110                isr_irq24
                0x10000110                isr_irq46
                0x10000110                isr_irq1
                0x10000110                isr_irq47
                0x10000110                isr_irq51
                0x10000110                isr_irq7
                0x10000110                isr_irq21
                0x10000110                isr_irq39
                0x10000110                isr_irq20
                0x10000110                isr_irq15
                0x10000110                isr_irq25
                0x10000110                isr_irq34
                0x10000110                isr_irq44
                0x10000110                isr_securefault
                0x10000110                isr_irq4
                0x10000110                isr_busfault
                0x10000110                isr_irq16
                0x10000110                isr_irq9
                0x10000116                unhandled_user_irq_num_in_r0
                0x10000118                isr_invalid
                0x1000011a                isr_nmi
                0x1000011c                isr_hardfault
                0x1000011e                isr_svcall
                0x10000120                isr_pendsv
                0x10000122                isr_systick
                0x10000124                __default_isrs_end
 *(.binary_info_header)
 .binary_info_header
                0x10000124       0x14 CMakeFiles/pico_sensors_simple.dir/_deps/pico_sdk-src/src/rp2_common/pico_crt0/crt0.S.obj
                0x10000138                        __binary_info_header_end = .
 *(.embedded_block)
 .embedded_block
                0x10000138       0x14 CMakeFiles/pico_sensors_simple.dir/_deps/pico_sdk-src/src/rp2_common/pico_crt0/crt0.S.obj
                0x1000014c                        __embedded_block_end = .
 *(.reset)
 .reset         0x1000014c       0x98 CMakeFiles/pico_sensors_simple.dir/_deps/pico_sdk-src/src/rp2_common/pico_crt0/crt0.S.obj
                0x1000014c                _entry_point
 *(.init)
 .init          0x100001e4        0x4 c:/progra~2/armgnu~1/12977f~1.2mp/bin/../lib/gcc/arm-none-eabi/12.2.1/thumb/v8-m.main+fp/softfp/crti.o
                0x100001e4                _init
 *libgcc.a:cmse_nonsecure_call.o()
 *(EXCLUDE_FILE(*libm.a: *libc.a:*lib_a-mem*.o *libgcc.a:) .text*)
 .text.register_tm_clones
                0x100001e8       0x28 c:/progra~2/armgnu~1/12977f~1.2mp/bin/../lib/gcc/arm-none-eabi/12.2.1/thumb/v8-m.main+fp/softfp/crtbegin.o
 .text.frame_dummy
                0x10000210       0x24 c:/progra~2/armgnu~1/12977f~1.2mp/bin/../lib/gcc/arm-none-eabi/12.2.1/thumb/v8-m.main+fp/softfp/crtbegin.o
 .text.startup.main
                0x10000234      0x184 CMakeFiles/pico_sensors_simple.dir/src/main_simple.c.obj
                0x10000234                main
 .text.gpio_set_function
                0x100003b8       0x3c CMakeFiles/pico_sensors_simple.dir/_deps/pico_sdk-src/src/rp2_common/hardware_gpio/gpio.c.obj
                0x100003b8                gpio_set_function
 .text.gpio_init
                0x100003f4       0x48 CMakeFiles/pico_sensors_simple.dir/_deps/pico_sdk-src/src/rp2_common/hardware_gpio/gpio.c.obj
                0x100003f4                gpio_init
 .text.panic    0x1000043c       0x30 CMakeFiles/pico_sensors_simple.dir/_deps/pico_sdk-src/src/rp2_common/pico_platform_panic/panic.c.obj
                0x1000043c                panic
 .text.hw_claim_or_assert
                0x1000046c       0x58 CMakeFiles/pico_sensors_simple.dir/_deps/pico_sdk-src/src/common/hardware_claim/claim.c.obj
                0x1000046c                hw_claim_or_assert
 .text.next_striped_spin_lock_num
                0x100004c4       0x18 CMakeFiles/pico_sensors_simple.dir/_deps/pico_sdk-src/src/rp2_common/hardware_sync/sync.c.obj
                0x100004c4                next_striped_spin_lock_num
 .text.spinlock_set_extexclall
                0x100004dc       0x10 CMakeFiles/pico_sensors_simple.dir/_deps/pico_sdk-src/src/rp2_common/hardware_sync_spin_lock/sync_spin_lock.c.obj
 .text.spin_locks_reset
                0x100004ec       0x18 CMakeFiles/pico_sensors_simple.dir/_deps/pico_sdk-src/src/rp2_common/hardware_sync_spin_lock/sync_spin_lock.c.obj
                0x100004ec                spin_locks_reset
 .text.runtime_init_per_core_irq_priorities
                0x10000504       0x40 CMakeFiles/pico_sensors_simple.dir/_deps/pico_sdk-src/src/rp2_common/hardware_irq/irq.c.obj
                0x10000504                runtime_init_per_core_irq_priorities
 .text.irq_set_enabled
                0x10000544       0x2c CMakeFiles/pico_sensors_simple.dir/_deps/pico_sdk-src/src/rp2_common/hardware_irq/irq.c.obj
                0x10000544                irq_set_enabled
 .text.irq_set_exclusive_handler
                0x10000570       0x60 CMakeFiles/pico_sensors_simple.dir/_deps/pico_sdk-src/src/rp2_common/hardware_irq/irq.c.obj
                0x10000570                irq_set_exclusive_handler
 .text.irq_remove_handler
                0x100005d0      0x1fc CMakeFiles/pico_sensors_simple.dir/_deps/pico_sdk-src/src/rp2_common/hardware_irq/irq.c.obj
                0x100005d0                irq_remove_handler
 .text.irq_add_tail_to_free_list
                0x100007cc       0xbc CMakeFiles/pico_sensors_simple.dir/_deps/pico_sdk-src/src/rp2_common/hardware_irq/irq.c.obj
                0x100007cc                irq_add_tail_to_free_list
 .text.lock_init
                0x10000888        0xc CMakeFiles/pico_sensors_simple.dir/_deps/pico_sdk-src/src/common/pico_sync/lock_core.c.obj
                0x10000888                lock_init
 .text.runtime_init_mutex
                0x10000894       0x5c CMakeFiles/pico_sensors_simple.dir/_deps/pico_sdk-src/src/common/pico_sync/mutex.c.obj
                0x10000894                runtime_init_mutex
 .text.sleep_until_callback
                0x100008f0       0x3c CMakeFiles/pico_sensors_simple.dir/_deps/pico_sdk-src/src/common/pico_time/time.c.obj
 *fill*         0x1000092c        0x4 
 .text.alarm_pool_irq_handler
                0x10000930      0x2e8 CMakeFiles/pico_sensors_simple.dir/_deps/pico_sdk-src/src/common/pico_time/time.c.obj
 .text.runtime_init_default_alarm_pool
                0x10000c18      0x100 CMakeFiles/pico_sensors_simple.dir/_deps/pico_sdk-src/src/common/pico_time/time.c.obj
                0x10000c18                runtime_init_default_alarm_pool
 .text.alarm_pool_add_alarm_at_force_in_context
                0x10000d18       0xc8 CMakeFiles/pico_sensors_simple.dir/_deps/pico_sdk-src/src/common/pico_time/time.c.obj
                0x10000d18                alarm_pool_add_alarm_at_force_in_context
 .text.alarm_pool_cancel_alarm
                0x10000de0       0x80 CMakeFiles/pico_sensors_simple.dir/_deps/pico_sdk-src/src/common/pico_time/time.c.obj
                0x10000de0                alarm_pool_cancel_alarm
 .text.best_effort_wfe_or_timeout
                0x10000e60       0xbc CMakeFiles/pico_sensors_simple.dir/_deps/pico_sdk-src/src/common/pico_time/time.c.obj
                0x10000e60                best_effort_wfe_or_timeout
 .text.timer_hardware_alarm_claim
                0x10000f1c       0x24 CMakeFiles/pico_sensors_simple.dir/_deps/pico_sdk-src/src/rp2_common/hardware_timer/timer.c.obj
                0x10000f1c                timer_hardware_alarm_claim
 .text.timer_time_us_64
                0x10000f40       0x10 CMakeFiles/pico_sensors_simple.dir/_deps/pico_sdk-src/src/rp2_common/hardware_timer/timer.c.obj
                0x10000f40                timer_time_us_64
 .text.time_us_64
                0x10000f50       0x14 CMakeFiles/pico_sensors_simple.dir/_deps/pico_sdk-src/src/rp2_common/hardware_timer/timer.c.obj
                0x10000f50                time_us_64
 .text.busy_wait_us
                0x10000f64       0x5c CMakeFiles/pico_sensors_simple.dir/_deps/pico_sdk-src/src/rp2_common/hardware_timer/timer.c.obj
                0x10000f64                busy_wait_us
 .text.uart_init
                0x10000fc0      0x104 CMakeFiles/pico_sensors_simple.dir/_deps/pico_sdk-src/src/rp2_common/hardware_uart/uart.c.obj
                0x10000fc0                uart_init
 .text.clock_configure_undivided
                0x100010c4       0xcc CMakeFiles/pico_sensors_simple.dir/_deps/pico_sdk-src/src/rp2_common/hardware_clocks/clocks.c.obj
                0x100010c4                clock_configure_undivided
 .text.clock_get_hz
                0x10001190        0xc CMakeFiles/pico_sensors_simple.dir/_deps/pico_sdk-src/src/rp2_common/hardware_clocks/clocks.c.obj
                0x10001190                clock_get_hz
 .text.pll_init
                0x1000119c       0x8c CMakeFiles/pico_sensors_simple.dir/_deps/pico_sdk-src/src/rp2_common/hardware_pll/pll.c.obj
                0x1000119c                pll_init
 .text.tick_start
                0x10001228       0x18 CMakeFiles/pico_sensors_simple.dir/_deps/pico_sdk-src/src/rp2_common/hardware_ticks/ticks.c.obj
                0x10001228                tick_start
 .text.rom_func_lookup
                0x10001240       0x18 CMakeFiles/pico_sensors_simple.dir/_deps/pico_sdk-src/src/rp2_common/pico_bootrom/bootrom.c.obj
                0x10001240                rom_func_lookup
 .text.runtime_init_bootrom_locking_enable
                0x10001258       0x14 CMakeFiles/pico_sensors_simple.dir/_deps/pico_sdk-src/src/rp2_common/pico_bootrom/bootrom_lock.c.obj
                0x10001258                runtime_init_bootrom_locking_enable
 .text.runtime_init_boot_locks_reset
                0x1000126c       0x1c CMakeFiles/pico_sensors_simple.dir/_deps/pico_sdk-src/src/rp2_common/hardware_boot_lock/boot_lock.c.obj
                0x1000126c                runtime_init_boot_locks_reset
 .text.xosc_init
                0x10001288       0x30 CMakeFiles/pico_sensors_simple.dir/_deps/pico_sdk-src/src/rp2_common/hardware_xosc/xosc.c.obj
                0x10001288                xosc_init
 .text.first_per_core_initializer
                0x100012b8        0x4 CMakeFiles/pico_sensors_simple.dir/_deps/pico_sdk-src/src/rp2_common/pico_runtime/runtime.c.obj
 .text.hard_assertion_failure
                0x100012bc        0xc CMakeFiles/pico_sensors_simple.dir/_deps/pico_sdk-src/src/rp2_common/pico_runtime/runtime.c.obj
                0x100012bc                hard_assertion_failure
 .text.runtime_run_initializers
                0x100012c8       0x20 CMakeFiles/pico_sensors_simple.dir/_deps/pico_sdk-src/src/rp2_common/pico_runtime/runtime.c.obj
                0x100012c8                runtime_run_initializers
 .text.runtime_init_early_resets
                0x100012e8       0x34 CMakeFiles/pico_sensors_simple.dir/_deps/pico_sdk-src/src/rp2_common/pico_runtime_init/runtime_init.c.obj
                0x100012e8                runtime_init_early_resets
 .text.runtime_init_usb_power_down
                0x1000131c       0x1c CMakeFiles/pico_sensors_simple.dir/_deps/pico_sdk-src/src/rp2_common/pico_runtime_init/runtime_init.c.obj
                0x1000131c                runtime_init_usb_power_down
 .text.runtime_init_per_core_enable_coprocessors
                0x10001338       0x1c CMakeFiles/pico_sensors_simple.dir/_deps/pico_sdk-src/src/rp2_common/pico_runtime_init/runtime_init.c.obj
                0x10001338                runtime_init_per_core_enable_coprocessors
 .text.runtime_init_post_clock_resets
                0x10001354       0x20 CMakeFiles/pico_sensors_simple.dir/_deps/pico_sdk-src/src/rp2_common/pico_runtime_init/runtime_init.c.obj
                0x10001354                runtime_init_post_clock_resets
 .text.runtime_init_bootrom_reset
                0x10001374       0x14 CMakeFiles/pico_sensors_simple.dir/_deps/pico_sdk-src/src/rp2_common/pico_runtime_init/runtime_init.c.obj
                0x10001374                runtime_init_bootrom_reset
 .text.runtime_init_per_core_bootrom_reset
                0x10001388       0x14 CMakeFiles/pico_sensors_simple.dir/_deps/pico_sdk-src/src/rp2_common/pico_runtime_init/runtime_init.c.obj
                0x10001388                runtime_init_per_core_bootrom_reset
 .text.runtime_init_spin_locks_reset
                0x1000139c        0x4 CMakeFiles/pico_sensors_simple.dir/_deps/pico_sdk-src/src/rp2_common/pico_runtime_init/runtime_init.c.obj
                0x1000139c                runtime_init_spin_locks_reset
 .text.runtime_init_install_ram_vector_table
                0x100013a0       0x74 CMakeFiles/pico_sensors_simple.dir/_deps/pico_sdk-src/src/rp2_common/pico_runtime_init/runtime_init.c.obj
                0x100013a0                runtime_init_install_ram_vector_table
 .text.runtime_init_clocks
                0x10001414       0xdc CMakeFiles/pico_sensors_simple.dir/_deps/pico_sdk-src/src/rp2_common/pico_runtime_init/runtime_init_clocks.c.obj
                0x10001414                runtime_init_clocks
 .text._out_char
                0x100014f0        0x8 CMakeFiles/pico_sensors_simple.dir/_deps/pico_sdk-src/src/rp2_common/pico_printf/printf.c.obj
 .text.weak_raw_vprintf
                0x100014f8       0x30 CMakeFiles/pico_sensors_simple.dir/_deps/pico_sdk-src/src/rp2_common/pico_printf/printf.c.obj
                0x100014f8                weak_raw_vprintf
 .text._exit    0x10001528        0x4 CMakeFiles/pico_sensors_simple.dir/_deps/pico_sdk-src/src/rp2_common/pico_clib_interface/newlib_interface.c.obj
                0x10001528                _exit
 .text.exit     0x1000152c        0x8 CMakeFiles/pico_sensors_simple.dir/_deps/pico_sdk-src/src/rp2_common/pico_clib_interface/newlib_interface.c.obj
                0x1000152c                exit
 .text.runtime_init
                0x10001534       0x24 CMakeFiles/pico_sensors_simple.dir/_deps/pico_sdk-src/src/rp2_common/pico_clib_interface/newlib_interface.c.obj
                0x10001534                runtime_init
 .text.stdio_out_chars_no_crlf
                0x10001558        0x8 CMakeFiles/pico_sensors_simple.dir/_deps/pico_sdk-src/src/rp2_common/pico_stdio/stdio.c.obj
 .text.stdio_out_chars_crlf
                0x10001560       0xa4 CMakeFiles/pico_sensors_simple.dir/_deps/pico_sdk-src/src/rp2_common/pico_stdio/stdio.c.obj
 .text.stdio_put_string
                0x10001604       0xf0 CMakeFiles/pico_sensors_simple.dir/_deps/pico_sdk-src/src/rp2_common/pico_stdio/stdio.c.obj
                0x10001604                stdio_put_string
 .text.stdio_set_driver_enabled
                0x100016f4       0x28 CMakeFiles/pico_sensors_simple.dir/_deps/pico_sdk-src/src/rp2_common/pico_stdio/stdio.c.obj
                0x100016f4                stdio_set_driver_enabled
 .text.stdio_init_all
                0x1000171c        0xc CMakeFiles/pico_sensors_simple.dir/_deps/pico_sdk-src/src/rp2_common/pico_stdio/stdio.c.obj
                0x1000171c                stdio_init_all
 .text.__wrap_putchar
                0x10001728       0x84 CMakeFiles/pico_sensors_simple.dir/_deps/pico_sdk-src/src/rp2_common/pico_stdio/stdio.c.obj
                0x10001728                __wrap_putchar
                0x10001728                stdio_putchar
 .text.__wrap_puts
                0x100017ac       0x3c CMakeFiles/pico_sensors_simple.dir/_deps/pico_sdk-src/src/rp2_common/pico_stdio/stdio.c.obj
                0x100017ac                stdio_puts
                0x100017ac                __wrap_puts
 .text.stdio_uart_out_chars
                0x100017e8       0x50 CMakeFiles/pico_sensors_simple.dir/_deps/pico_sdk-src/src/rp2_common/pico_stdio_uart/stdio_uart.c.obj
 .text.stdio_uart_in_chars
                0x10001838       0x94 CMakeFiles/pico_sensors_simple.dir/_deps/pico_sdk-src/src/rp2_common/pico_stdio_uart/stdio_uart.c.obj
                0x10001838                stdio_uart_in_chars
 .text.on_uart_rx
                0x100018cc       0x24 CMakeFiles/pico_sensors_simple.dir/_deps/pico_sdk-src/src/rp2_common/pico_stdio_uart/stdio_uart.c.obj
 .text.stdio_uart_out_flush
                0x100018f0       0x10 CMakeFiles/pico_sensors_simple.dir/_deps/pico_sdk-src/src/rp2_common/pico_stdio_uart/stdio_uart.c.obj
 .text.stdio_uart_set_chars_available_callback
                0x10001900       0x88 CMakeFiles/pico_sensors_simple.dir/_deps/pico_sdk-src/src/rp2_common/pico_stdio_uart/stdio_uart.c.obj
 .text.stdio_uart_init
                0x10001988       0x54 CMakeFiles/pico_sensors_simple.dir/_deps/pico_sdk-src/src/rp2_common/pico_stdio_uart/stdio_uart.c.obj
                0x10001988                stdio_uart_init
 .text.spi_init
                0x100019dc       0xf8 CMakeFiles/pico_sensors_simple.dir/_deps/pico_sdk-src/src/rp2_common/hardware_spi/spi.c.obj
                0x100019dc                spi_init
 .text.memset   0x10001ad4       0xa8 c:/progra~2/armgnu~1/12977f~1.2mp/bin/../lib/gcc/arm-none-eabi/12.2.1/thumb/v8-m.main+fp/softfp\libg.a(libc_a-memset.o)
                0x10001ad4                memset
 .text          0x10001b7c       0xec c:/progra~2/armgnu~1/12977f~1.2mp/bin/../lib/gcc/arm-none-eabi/12.2.1/thumb/v8-m.main+fp/softfp\libg.a(libc_a-memcpy.o)
                0x10001b7c                memcpy
 .text.strlen   0x10001c68       0x5c c:/progra~2/armgnu~1/12977f~1.2mp/bin/../lib/gcc/arm-none-eabi/12.2.1/thumb/v8-m.main+fp/softfp\libg.a(libc_a-strlen-stub.o)
                0x10001c68                strlen
 *(.fini)
 .fini          0x10001cc4        0x4 c:/progra~2/armgnu~1/12977f~1.2mp/bin/../lib/gcc/arm-none-eabi/12.2.1/thumb/v8-m.main+fp/softfp/crti.o
                0x10001cc4                _fini
 .fini.__stub   0x10001cc8       0x10 linker stubs
 *crtbegin.o(.ctors)
 *crtbegin?.o(.ctors)
 *(EXCLUDE_FILE(*crtend.o *crtend?.o) .ctors)
 *(SORT_BY_NAME(.ctors.*))
 *(.ctors)
 *crtbegin.o(.dtors)
 *crtbegin?.o(.dtors)
 *(EXCLUDE_FILE(*crtend.o *crtend?.o) .dtors)
 *(SORT_BY_NAME(.dtors.*))
 *(.dtors)
                0x10001cd8                        . = ALIGN (0x4)
                0x10001cd8                        PROVIDE (__preinit_array_start = .)
 *(SORT_BY_NAME(.preinit_array.*))
 .preinit_array.00050
                0x10001cd8        0x4 CMakeFiles/pico_sensors_simple.dir/_deps/pico_sdk-src/src/rp2_common/pico_runtime_init/runtime_init.c.obj
                0x10001cd8                __pre_init_runtime_init_bootrom_reset
 .preinit_array.00100
                0x10001cdc        0x4 CMakeFiles/pico_sensors_simple.dir/_deps/pico_sdk-src/src/rp2_common/pico_runtime_init/runtime_init.c.obj
                0x10001cdc                __pre_init_runtime_init_early_resets
 .preinit_array.00101
                0x10001ce0        0x4 CMakeFiles/pico_sensors_simple.dir/_deps/pico_sdk-src/src/rp2_common/pico_runtime_init/runtime_init.c.obj
                0x10001ce0                __pre_init_runtime_init_usb_power_down
 .preinit_array.00500
                0x10001ce4        0x4 CMakeFiles/pico_sensors_simple.dir/_deps/pico_sdk-src/src/rp2_common/pico_runtime_init/runtime_init.c.obj
                0x10001ce4                __pre_init_runtime_init_clocks
 .preinit_array.00600
                0x10001ce8        0x4 CMakeFiles/pico_sensors_simple.dir/_deps/pico_sdk-src/src/rp2_common/pico_runtime_init/runtime_init.c.obj
                0x10001ce8                __pre_init_runtime_init_post_clock_resets
 .preinit_array.01000
                0x10001cec        0x4 CMakeFiles/pico_sensors_simple.dir/_deps/pico_sdk-src/src/rp2_common/hardware_boot_lock/boot_lock.c.obj
                0x10001cec                __pre_init_runtime_init_boot_locks_reset
 .preinit_array.01000
                0x10001cf0        0x4 CMakeFiles/pico_sensors_simple.dir/_deps/pico_sdk-src/src/rp2_common/pico_runtime_init/runtime_init.c.obj
                0x10001cf0                __pre_init_runtime_init_spin_locks_reset
 .preinit_array.01010
                0x10001cf4        0x4 CMakeFiles/pico_sensors_simple.dir/_deps/pico_sdk-src/src/rp2_common/pico_bootrom/bootrom_lock.c.obj
                0x10001cf4                __pre_init_runtime_init_bootrom_locking_enable
 .preinit_array.01100
                0x10001cf8        0x4 CMakeFiles/pico_sensors_simple.dir/_deps/pico_sdk-src/src/common/pico_sync/mutex.c.obj
                0x10001cf8                __pre_init_runtime_init_mutex
 .preinit_array.10080
                0x10001cfc        0x4 CMakeFiles/pico_sensors_simple.dir/_deps/pico_sdk-src/src/rp2_common/pico_runtime_init/runtime_init.c.obj
                0x10001cfc                __pre_init_runtime_init_install_ram_vector_table
 .preinit_array.11000
                0x10001d00        0x4 CMakeFiles/pico_sensors_simple.dir/_deps/pico_sdk-src/src/common/pico_time/time.c.obj
                0x10001d00                __pre_init_runtime_init_default_alarm_pool
 .preinit_array.YYYYY
                0x10001d04        0x4 CMakeFiles/pico_sensors_simple.dir/_deps/pico_sdk-src/src/rp2_common/pico_runtime/runtime.c.obj
                0x10001d04                __pre_init_first_per_core_initializer
 .preinit_array.ZZZZZ.00051
                0x10001d08        0x4 CMakeFiles/pico_sensors_simple.dir/_deps/pico_sdk-src/src/rp2_common/pico_runtime_init/runtime_init.c.obj
                0x10001d08                __pre_init_runtime_init_per_core_bootrom_reset
 .preinit_array.ZZZZZ.00200
                0x10001d0c        0x4 CMakeFiles/pico_sensors_simple.dir/_deps/pico_sdk-src/src/rp2_common/pico_runtime_init/runtime_init.c.obj
                0x10001d0c                __pre_init_runtime_init_per_core_enable_coprocessors
 .preinit_array.ZZZZZ.01000
                0x10001d10        0x4 CMakeFiles/pico_sensors_simple.dir/_deps/pico_sdk-src/src/rp2_common/hardware_sync_spin_lock/sync_spin_lock.c.obj
                0x10001d10                __pre_init_spinlock_set_extexclall
 .preinit_array.ZZZZZ.01200
                0x10001d14        0x4 CMakeFiles/pico_sensors_simple.dir/_deps/pico_sdk-src/src/rp2_common/hardware_irq/irq.c.obj
                0x10001d14                __pre_init_runtime_init_per_core_irq_priorities
 *(.preinit_array)
                0x10001d18                        PROVIDE (__preinit_array_end = .)
                0x10001d18                        . = ALIGN (0x4)
                0x10001d18                        PROVIDE (__init_array_start = .)
 *(SORT_BY_NAME(.init_array.*))
 *(.init_array)
 .init_array    0x10001d18        0x4 c:/progra~2/armgnu~1/12977f~1.2mp/bin/../lib/gcc/arm-none-eabi/12.2.1/thumb/v8-m.main+fp/softfp/crtbegin.o
                0x10001d1c                        PROVIDE (__init_array_end = .)
                0x10001d1c                        . = ALIGN (0x4)
                [!provide]                        PROVIDE (__fini_array_start = .)
 *(SORT_BY_NAME(.fini_array.*))
 *(.fini_array)
                [!provide]                        PROVIDE (__fini_array_end = .)
 *(.eh_frame*)
 .eh_frame      0x10001d1c        0x0 c:/progra~2/armgnu~1/12977f~1.2mp/bin/../lib/gcc/arm-none-eabi/12.2.1/thumb/v8-m.main+fp/softfp/crtbegin.o
                0x10001d1c                        . = ALIGN (0x4)

.glue_7         0x10001d1c        0x0
 .glue_7        0x10001d1c        0x0 linker stubs

.glue_7t        0x10001d1c        0x0
 .glue_7t       0x10001d1c        0x0 linker stubs

.vfp11_veneer   0x10001d1c        0x0
 .vfp11_veneer  0x10001d1c        0x0 linker stubs

.v4_bx          0x10001d1c        0x0
 .v4_bx         0x10001d1c        0x0 linker stubs

.iplt           0x10001d1c        0x0
 .iplt          0x10001d1c        0x0 c:/progra~2/armgnu~1/12977f~1.2mp/bin/../lib/gcc/arm-none-eabi/12.2.1/thumb/v8-m.main+fp/softfp/crtbegin.o

.boot2          0x10001d1c        0x0
                0x10001d1c                        __boot2_start__ = .
 *(.boot2)
                0x10001d1c                        __boot2_end__ = .
                0x00000001                        ASSERT (((__boot2_end__ - __boot2_start__) <= 0x100), ERROR: Pico second stage bootloader must be no more than 256 bytes in size)

.rodata         0x10001d1c      0x150
 *(EXCLUDE_FILE(*libm.a: *libc.a:*lib_a-mem*.o *libgcc.a:) .rodata*)
 .rodata        0x10001d1c       0x24 CMakeFiles/pico_sensors_simple.dir/src/main_simple.c.obj
 .rodata.panic.str1.4
                0x10001d40       0x12 CMakeFiles/pico_sensors_simple.dir/_deps/pico_sdk-src/src/rp2_common/pico_platform_panic/panic.c.obj
 *fill*         0x10001d52        0x2 
 .rodata.timer_hardware_alarm_claim.str1.4
                0x10001d54       0x22 CMakeFiles/pico_sensors_simple.dir/_deps/pico_sdk-src/src/rp2_common/hardware_timer/timer.c.obj
 *fill*         0x10001d76        0x2 
 .rodata.hard_assertion_failure.str1.4
                0x10001d78        0xc CMakeFiles/pico_sensors_simple.dir/_deps/pico_sdk-src/src/rp2_common/pico_runtime/runtime.c.obj
 .rodata.str1.4
                0x10001d84       0x48 CMakeFiles/pico_sensors_simple.dir/_deps/pico_sdk-src/src/rp2_common/pico_standard_binary_info/standard_binary_info.c.obj
 .rodata.__bi_84
                0x10001dcc        0xc CMakeFiles/pico_sensors_simple.dir/_deps/pico_sdk-src/src/rp2_common/pico_standard_binary_info/standard_binary_info.c.obj
 .rodata.__bi_78
                0x10001dd8        0xc CMakeFiles/pico_sensors_simple.dir/_deps/pico_sdk-src/src/rp2_common/pico_standard_binary_info/standard_binary_info.c.obj
 .rodata.__bi_54
                0x10001de4        0xc CMakeFiles/pico_sensors_simple.dir/_deps/pico_sdk-src/src/rp2_common/pico_standard_binary_info/standard_binary_info.c.obj
 .rodata.__bi_48
                0x10001df0        0xc CMakeFiles/pico_sensors_simple.dir/_deps/pico_sdk-src/src/rp2_common/pico_standard_binary_info/standard_binary_info.c.obj
 .rodata.__bi_42
                0x10001dfc        0xc CMakeFiles/pico_sensors_simple.dir/_deps/pico_sdk-src/src/rp2_common/pico_standard_binary_info/standard_binary_info.c.obj
 .rodata.__bi_34
                0x10001e08        0xc CMakeFiles/pico_sensors_simple.dir/_deps/pico_sdk-src/src/rp2_common/pico_standard_binary_info/standard_binary_info.c.obj
 .rodata.__bi_26
                0x10001e14        0xc CMakeFiles/pico_sensors_simple.dir/_deps/pico_sdk-src/src/rp2_common/pico_standard_binary_info/standard_binary_info.c.obj
 .rodata.crlf_str.0
                0x10001e20        0x2 CMakeFiles/pico_sensors_simple.dir/_deps/pico_sdk-src/src/rp2_common/pico_stdio/stdio.c.obj
 *fill*         0x10001e22        0x2 
 .rodata.str1.4
                0x10001e24       0x2c CMakeFiles/pico_sensors_simple.dir/_deps/pico_sdk-src/src/rp2_common/pico_stdio_uart/stdio_uart.c.obj
 .rodata.__bi_45.4
                0x10001e50        0xc CMakeFiles/pico_sensors_simple.dir/_deps/pico_sdk-src/src/rp2_common/pico_stdio_uart/stdio_uart.c.obj
 .rodata.__bi_49.5
                0x10001e5c        0x8 CMakeFiles/pico_sensors_simple.dir/_deps/pico_sdk-src/src/rp2_common/pico_stdio_uart/stdio_uart.c.obj
 .rodata.__bi_50.6
                0x10001e64        0x8 CMakeFiles/pico_sensors_simple.dir/_deps/pico_sdk-src/src/rp2_common/pico_stdio_uart/stdio_uart.c.obj
 *(.srodata*)
                0x10001e6c                        . = ALIGN (0x4)
 *(SORT_BY_ALIGNMENT(SORT_BY_NAME(.flashdata*)))
                0x10001e6c                        . = ALIGN (0x4)

.ARM.extab
 *(.ARM.extab* .gnu.linkonce.armextab.*)
                0x10001e6c                        __exidx_start = .

.ARM.exidx      0x10001e6c        0x8
 *(.ARM.exidx* .gnu.linkonce.armexidx.*)
 .ARM.exidx     0x10001e6c        0x8 c:/progra~2/armgnu~1/12977f~1.2mp/bin/../lib/gcc/arm-none-eabi/12.2.1/thumb/v8-m.main+fp/softfp\libg.a(libc_a-memcpy.o)
                0x10001e74                        __exidx_end = .
                0x10001e74                        . = ALIGN (0x4)
                0x10001e74                        __binary_info_start = .

.binary_info    0x10001e74       0x28
 *(.binary_info.keep.*)
 .binary_info.keep.__bi_ptr84
                0x10001e74        0x4 CMakeFiles/pico_sensors_simple.dir/_deps/pico_sdk-src/src/rp2_common/pico_standard_binary_info/standard_binary_info.c.obj
 .binary_info.keep.__bi_ptr78
                0x10001e78        0x4 CMakeFiles/pico_sensors_simple.dir/_deps/pico_sdk-src/src/rp2_common/pico_standard_binary_info/standard_binary_info.c.obj
 .binary_info.keep.__bi_ptr54
                0x10001e7c        0x4 CMakeFiles/pico_sensors_simple.dir/_deps/pico_sdk-src/src/rp2_common/pico_standard_binary_info/standard_binary_info.c.obj
 .binary_info.keep.__bi_ptr48
                0x10001e80        0x4 CMakeFiles/pico_sensors_simple.dir/_deps/pico_sdk-src/src/rp2_common/pico_standard_binary_info/standard_binary_info.c.obj
 .binary_info.keep.__bi_ptr42
                0x10001e84        0x4 CMakeFiles/pico_sensors_simple.dir/_deps/pico_sdk-src/src/rp2_common/pico_standard_binary_info/standard_binary_info.c.obj
 .binary_info.keep.__bi_ptr34
                0x10001e88        0x4 CMakeFiles/pico_sensors_simple.dir/_deps/pico_sdk-src/src/rp2_common/pico_standard_binary_info/standard_binary_info.c.obj
 .binary_info.keep.__bi_ptr26
                0x10001e8c        0x4 CMakeFiles/pico_sensors_simple.dir/_deps/pico_sdk-src/src/rp2_common/pico_standard_binary_info/standard_binary_info.c.obj
 *(.binary_info.*)
 .binary_info.__bi_ptr50
                0x10001e90        0x4 CMakeFiles/pico_sensors_simple.dir/_deps/pico_sdk-src/src/rp2_common/pico_stdio_uart/stdio_uart.c.obj
 .binary_info.__bi_ptr49
                0x10001e94        0x4 CMakeFiles/pico_sensors_simple.dir/_deps/pico_sdk-src/src/rp2_common/pico_stdio_uart/stdio_uart.c.obj
 .binary_info.__bi_ptr45
                0x10001e98        0x4 CMakeFiles/pico_sensors_simple.dir/_deps/pico_sdk-src/src/rp2_common/pico_stdio_uart/stdio_uart.c.obj
                0x10001e9c                        __binary_info_end = .
                0x10001e9c                        . = ALIGN (0x4)

.ram_vector_table
                0x20000000      0x110
 *(.ram_vector_table)
 .ram_vector_table
                0x20000000      0x110 CMakeFiles/pico_sensors_simple.dir/_deps/pico_sdk-src/src/rp2_common/pico_runtime_init/runtime_init.c.obj
                0x20000000                ram_vector_table

.uninitialized_data
                0x20000110        0x0
                0x20000110                        . = ALIGN (0x4)
 *(.uninitialized_data*)

.data           0x20000110      0x1a4 load address 0x10001e9c
                0x20000110                        __data_start__ = .
 *(vtable)
 *(.time_critical*)
 .time_critical.mutex_enter_block_until
                0x20000110       0x70 CMakeFiles/pico_sensors_simple.dir/_deps/pico_sdk-src/src/common/pico_sync/mutex.c.obj
                0x20000110                mutex_enter_block_until
 .time_critical.mutex_try_enter_block_until
                0x20000180       0x6c CMakeFiles/pico_sensors_simple.dir/_deps/pico_sdk-src/src/common/pico_sync/mutex.c.obj
                0x20000180                mutex_try_enter_block_until
 .time_critical.mutex_exit
                0x200001ec       0x3c CMakeFiles/pico_sensors_simple.dir/_deps/pico_sdk-src/src/common/pico_sync/mutex.c.obj
                0x200001ec                mutex_exit
 .time_critical.mutex_exit.__stub
                0x20000228        0x8 linker stubs
 *(.text*)
                0x20000230                        . = ALIGN (0x4)
 *(.rodata*)
                0x20000230                        . = ALIGN (0x4)
 *(.data*)
 .data.striped_spin_lock_num
                0x20000230        0x1 CMakeFiles/pico_sensors_simple.dir/_deps/pico_sdk-src/src/rp2_common/hardware_sync/sync.c.obj
 *fill*         0x20000231        0x3 
 .data          0x20000234       0x48 CMakeFiles/pico_sensors_simple.dir/_deps/pico_sdk-src/src/rp2_common/hardware_irq/irq_handler_chain.S.obj
                0x20000234                irq_handler_chain_slots
                0x20000264                irq_handler_chain_first_slot
                0x2000026e                irq_handler_chain_remove_tail
 .data.default_alarm_pool
                0x2000027c       0x18 CMakeFiles/pico_sensors_simple.dir/_deps/pico_sdk-src/src/common/pico_time/time.c.obj
 .data.stdio_uart
                0x20000294       0x18 CMakeFiles/pico_sensors_simple.dir/_deps/pico_sdk-src/src/rp2_common/pico_stdio_uart/stdio_uart.c.obj
                0x20000294                stdio_uart
 *(.sdata*)
                0x200002ac                        . = ALIGN (0x4)
 *(.after_data.*)
                0x200002ac                        . = ALIGN (0x4)
                0x200002ac                        PROVIDE (__mutex_array_start = .)
 *(SORT_BY_NAME(.mutex_array.*))
 *(.mutex_array)
 .mutex_array   0x200002ac        0x8 CMakeFiles/pico_sensors_simple.dir/_deps/pico_sdk-src/src/rp2_common/pico_stdio/stdio.c.obj
                0x200002b4                        PROVIDE (__mutex_array_end = .)
 *(.jcr)
                0x200002b4                        . = ALIGN (0x4)

.tm_clone_table
                0x200002b4        0x0 load address 0x10002040
 .tm_clone_table
                0x200002b4        0x0 c:/progra~2/armgnu~1/12977f~1.2mp/bin/../lib/gcc/arm-none-eabi/12.2.1/thumb/v8-m.main+fp/softfp/crtbegin.o
 .tm_clone_table
                0x200002b4        0x0 c:/progra~2/armgnu~1/12977f~1.2mp/bin/../lib/gcc/arm-none-eabi/12.2.1/thumb/v8-m.main+fp/softfp/crtend.o

.igot.plt       0x200002b4        0x0 load address 0x10002040
 .igot.plt      0x200002b4        0x0 c:/progra~2/armgnu~1/12977f~1.2mp/bin/../lib/gcc/arm-none-eabi/12.2.1/thumb/v8-m.main+fp/softfp/crtbegin.o

.tdata          0x200002b4        0x0 load address 0x10002040
                0x200002b4                        . = ALIGN (0x4)
 *(.tdata .tdata.* .gnu.linkonce.td.*)
                0x200002b4                        __tdata_end = .
                0x200002b4                        PROVIDE (__data_end__ = .)
                0x10001e9c                        __etext = LOADADDR (.data)

.tbss           0x200002b4        0x0 load address 0x10002040
                0x200002b4                        . = ALIGN (0x4)
                0x200002b4                        __bss_start__ = .
                0x200002b4                        __tls_base = .
 *(.tbss .tbss.* .gnu.linkonce.tb.*)
 *(.tcommon)
                0x200002b4                        __tls_end = .

.bss            0x200002b8      0x288 load address 0x10002040
                0x200002b8                        . = ALIGN (0x4)
                0x200002b8                        __tbss_end = .
 *(SORT_BY_ALIGNMENT(SORT_BY_NAME(.bss*)))
 .bss.default_alarm_pool_entries
                0x200002b8      0x180 CMakeFiles/pico_sensors_simple.dir/_deps/pico_sdk-src/src/common/pico_time/time.c.obj
 .bss._sw_spin_locks
                0x20000438       0x20 CMakeFiles/pico_sensors_simple.dir/_deps/pico_sdk-src/src/rp2_common/hardware_sync_spin_lock/sync_spin_lock.c.obj
                0x20000438                _sw_spin_locks
 .bss.chars_available_callback
                0x20000458        0x4 CMakeFiles/pico_sensors_simple.dir/_deps/pico_sdk-src/src/rp2_common/pico_stdio_uart/stdio_uart.c.obj
 .bss.chars_available_param
                0x2000045c        0x4 CMakeFiles/pico_sensors_simple.dir/_deps/pico_sdk-src/src/rp2_common/pico_stdio_uart/stdio_uart.c.obj
 .bss.claimed   0x20000460        0x2 CMakeFiles/pico_sensors_simple.dir/_deps/pico_sdk-src/src/rp2_common/hardware_timer/timer.c.obj
 *fill*         0x20000462        0x2 
 .bss.configured_freq
                0x20000464       0x28 CMakeFiles/pico_sensors_simple.dir/_deps/pico_sdk-src/src/rp2_common/hardware_clocks/clocks.c.obj
 .bss.drivers   0x2000048c        0x4 CMakeFiles/pico_sensors_simple.dir/_deps/pico_sdk-src/src/rp2_common/pico_stdio/stdio.c.obj
 .bss.filter    0x20000490        0x4 CMakeFiles/pico_sensors_simple.dir/_deps/pico_sdk-src/src/rp2_common/pico_stdio/stdio.c.obj
 .bss.lazy_vsnprintf
                0x20000494        0x4 CMakeFiles/pico_sensors_simple.dir/_deps/pico_sdk-src/src/rp2_common/pico_printf/printf.c.obj
 .bss.object.0  0x20000498       0x18 c:/progra~2/armgnu~1/12977f~1.2mp/bin/../lib/gcc/arm-none-eabi/12.2.1/thumb/v8-m.main+fp/softfp/crtbegin.o
 .bss.pools     0x200004b0       0x20 CMakeFiles/pico_sensors_simple.dir/_deps/pico_sdk-src/src/common/pico_time/time.c.obj
 .bss.sleep_notifier
                0x200004d0        0x4 CMakeFiles/pico_sensors_simple.dir/_deps/pico_sdk-src/src/common/pico_time/time.c.obj
 .bss.tx_buffer
                0x200004d4       0x60 CMakeFiles/pico_sensors_simple.dir/src/main_simple.c.obj
 .bss.uart_char_to_line_feed
                0x20000534        0x4 CMakeFiles/pico_sensors_simple.dir/_deps/pico_sdk-src/src/rp2_common/hardware_uart/uart.c.obj
                0x20000534                uart_char_to_line_feed
 .bss.uart_instance
                0x20000538        0x4 CMakeFiles/pico_sensors_simple.dir/_deps/pico_sdk-src/src/rp2_common/pico_stdio_uart/stdio_uart.c.obj
 .bss.irq_handler_chain_free_slot_head
                0x2000053c        0x1 CMakeFiles/pico_sensors_simple.dir/_deps/pico_sdk-src/src/rp2_common/hardware_irq/irq.c.obj
 .bss.tx_idx.0  0x2000053d        0x1 CMakeFiles/pico_sensors_simple.dir/src/main_simple.c.obj
 *(COMMON)
                [!provide]                        PROVIDE (__global_pointer$ = (. + 0x800))
 *(.sbss*)
                0x20000540                        . = ALIGN (0x4)
 *fill*         0x2000053e        0x2 
                0x20000540                        __bss_end__ = .

.heap           0x20000540      0x800 load address 0x10002040
                0x20000540                        __end__ = .
                0x20000540                        end = __end__
 *(.heap*)
 .heap          0x20000540      0x800 CMakeFiles/pico_sensors_simple.dir/_deps/pico_sdk-src/src/rp2_common/pico_crt0/crt0.S.obj
                0x20080000                        __HeapLimit = (ORIGIN (RAM) + LENGTH (RAM))

.scratch_x      0x20080000        0x0 load address 0x10002040
                0x20080000                        __scratch_x_start__ = .
 *(.scratch_x.*)
                0x20080000                        . = ALIGN (0x4)
                0x20080000                        __scratch_x_end__ = .
                0x10002040                        __scratch_x_source__ = LOADADDR (.scratch_x)

.scratch_y      0x20081000        0x0 load address 0x10002040
                0x20081000                        __scratch_y_start__ = .
 *(.scratch_y.*)
                0x20081000                        . = ALIGN (0x4)
                0x20081000                        __scratch_y_end__ = .
                0x10002040                        __scratch_y_source__ = LOADADDR (.scratch_y)

.stack1_dummy
 *(.stack1*)

.stack_dummy    0x20081000      0x800
 *(.stack*)
 .stack         0x20081000      0x800 CMakeFiles/pico_sensors_simple.dir/_deps/pico_sdk-src/src/rp2_common/pico_crt0/crt0.S.obj

.flash_end      0x10002040       0x14
 *(.embedded_end_block*)
 .embedded_end_block
                0x10002040       0x14 CMakeFiles/pico_sensors_simple.dir/_deps/pico_sdk-src/src/rp2_common/pico_crt0/crt0.S.obj
                0x10002054                        PROVIDE (__flash_binary_end = .)
                0x20080000                        __StackLimit = (ORIGIN (RAM) + LENGTH (RAM))
                0x20081000                        __StackOneTop = (ORIGIN (SCRATCH_X) + LENGTH (SCRATCH_X))
                0x20082000                        __StackTop = (ORIGIN (SCRATCH_Y) + LENGTH (SCRATCH_Y))
                0x20081000                        __StackOneBottom = (__StackOneTop - SIZEOF (.stack1_dummy))
                0x20081800                        __StackBottom = (__StackTop - SIZEOF (.stack_dummy))
                0x20082000                        PROVIDE (__stack = __StackTop)
                [!provide]                        PROVIDE (__heap_start = __end__)
                [!provide]                        PROVIDE (__heap_end = __HeapLimit)
                [!provide]                        PROVIDE (__tls_align = MAX (ALIGNOF (.tdata), ALIGNOF (.tbss)))
                [!provide]                        PROVIDE (__tls_size_align = (((__tls_size + __tls_align) - 0x1) & ~ ((__tls_align - 0x1))))
                [!provide]                        PROVIDE (__arm32_tls_tcb_offset = MAX (0x8, __tls_align))
                [!provide]                        PROVIDE (_end = __end__)
                [!provide]                        PROVIDE (__llvm_libc_heap_limit = __HeapLimit)
                0x00000001                        ASSERT ((__StackLimit >= __HeapLimit), region RAM overflowed)
                0x00000001                        ASSERT (((__binary_info_header_end - __logical_binary_start) <= 0x400), Binary info must be in first 1024 bytes of the binary)
                0x00000001                        ASSERT (((__embedded_block_end - __logical_binary_start) <= 0x1000), Embedded block must be in first 4096 bytes of the binary)
LOAD CMakeFiles/pico_sensors_simple.dir/src/main_simple.c.obj
LOAD CMakeFiles/pico_sensors_simple.dir/_deps/pico_sdk-src/src/rp2_common/pico_stdlib/stdlib.c.obj
LOAD CMakeFiles/pico_sensors_simple.dir/_deps/pico_sdk-src/src/rp2_common/hardware_gpio/gpio.c.obj
LOAD CMakeFiles/pico_sensors_simple.dir/_deps/pico_sdk-src/src/rp2350/pico_platform/platform.c.obj
LOAD CMakeFiles/pico_sensors_simple.dir/_deps/pico_sdk-src/src/rp2_common/pico_platform_common/common.c.obj
LOAD CMakeFiles/pico_sensors_simple.dir/_deps/pico_sdk-src/src/rp2_common/pico_platform_panic/panic.c.obj
LOAD CMakeFiles/pico_sensors_simple.dir/_deps/pico_sdk-src/src/common/hardware_claim/claim.c.obj
LOAD CMakeFiles/pico_sensors_simple.dir/_deps/pico_sdk-src/src/rp2_common/hardware_sync/sync.c.obj
LOAD CMakeFiles/pico_sensors_simple.dir/_deps/pico_sdk-src/src/rp2_common/hardware_sync_spin_lock/sync_spin_lock.c.obj
LOAD CMakeFiles/pico_sensors_simple.dir/_deps/pico_sdk-src/src/rp2_common/hardware_irq/irq.c.obj
LOAD CMakeFiles/pico_sensors_simple.dir/_deps/pico_sdk-src/src/rp2_common/hardware_irq/irq_handler_chain.S.obj
LOAD CMakeFiles/pico_sensors_simple.dir/_deps/pico_sdk-src/src/common/pico_sync/sem.c.obj
LOAD CMakeFiles/pico_sensors_simple.dir/_deps/pico_sdk-src/src/common/pico_sync/lock_core.c.obj
LOAD CMakeFiles/pico_sensors_simple.dir/_deps/pico_sdk-src/src/common/pico_sync/mutex.c.obj
LOAD CMakeFiles/pico_sensors_simple.dir/_deps/pico_sdk-src/src/common/pico_sync/critical_section.c.obj
LOAD CMakeFiles/pico_sensors_simple.dir/_deps/pico_sdk-src/src/common/pico_time/time.c.obj
LOAD CMakeFiles/pico_sensors_simple.dir/_deps/pico_sdk-src/src/common/pico_time/timeout_helper.c.obj
LOAD CMakeFiles/pico_sensors_simple.dir/_deps/pico_sdk-src/src/rp2_common/hardware_timer/timer.c.obj
LOAD CMakeFiles/pico_sensors_simple.dir/_deps/pico_sdk-src/src/common/pico_util/datetime.c.obj
LOAD CMakeFiles/pico_sensors_simple.dir/_deps/pico_sdk-src/src/common/pico_util/pheap.c.obj
LOAD CMakeFiles/pico_sensors_simple.dir/_deps/pico_sdk-src/src/common/pico_util/queue.c.obj
LOAD CMakeFiles/pico_sensors_simple.dir/_deps/pico_sdk-src/src/rp2_common/hardware_uart/uart.c.obj
LOAD CMakeFiles/pico_sensors_simple.dir/_deps/pico_sdk-src/src/rp2_common/hardware_clocks/clocks.c.obj
LOAD CMakeFiles/pico_sensors_simple.dir/_deps/pico_sdk-src/src/rp2_common/hardware_pll/pll.c.obj
LOAD CMakeFiles/pico_sensors_simple.dir/_deps/pico_sdk-src/src/rp2_common/hardware_vreg/vreg.c.obj
LOAD CMakeFiles/pico_sensors_simple.dir/_deps/pico_sdk-src/src/rp2_common/hardware_watchdog/watchdog.c.obj
LOAD CMakeFiles/pico_sensors_simple.dir/_deps/pico_sdk-src/src/rp2_common/hardware_ticks/ticks.c.obj
LOAD CMakeFiles/pico_sensors_simple.dir/_deps/pico_sdk-src/src/rp2_common/pico_bootrom/bootrom.c.obj
LOAD CMakeFiles/pico_sensors_simple.dir/_deps/pico_sdk-src/src/rp2_common/pico_bootrom/bootrom_lock.c.obj
LOAD CMakeFiles/pico_sensors_simple.dir/_deps/pico_sdk-src/src/rp2_common/hardware_boot_lock/boot_lock.c.obj
LOAD CMakeFiles/pico_sensors_simple.dir/_deps/pico_sdk-src/src/rp2_common/pico_flash/flash.c.obj
LOAD CMakeFiles/pico_sensors_simple.dir/_deps/pico_sdk-src/src/rp2_common/hardware_xosc/xosc.c.obj
LOAD CMakeFiles/pico_sensors_simple.dir/_deps/pico_sdk-src/src/rp2_common/hardware_divider/divider.c.obj
LOAD CMakeFiles/pico_sensors_simple.dir/_deps/pico_sdk-src/src/rp2_common/pico_runtime/runtime.c.obj
LOAD CMakeFiles/pico_sensors_simple.dir/_deps/pico_sdk-src/src/rp2_common/pico_runtime_init/runtime_init.c.obj
LOAD CMakeFiles/pico_sensors_simple.dir/_deps/pico_sdk-src/src/rp2_common/pico_runtime_init/runtime_init_clocks.c.obj
LOAD CMakeFiles/pico_sensors_simple.dir/_deps/pico_sdk-src/src/rp2_common/pico_runtime_init/runtime_init_stack_guard.c.obj
LOAD CMakeFiles/pico_sensors_simple.dir/_deps/pico_sdk-src/src/rp2_common/pico_bit_ops/bit_ops_aeabi.S.obj
LOAD CMakeFiles/pico_sensors_simple.dir/_deps/pico_sdk-src/src/rp2_common/pico_divider/divider_compiler.c.obj
LOAD CMakeFiles/pico_sensors_simple.dir/_deps/pico_sdk-src/src/rp2_common/pico_double/double_math.c.obj
LOAD CMakeFiles/pico_sensors_simple.dir/_deps/pico_sdk-src/src/rp2_common/pico_double/double_aeabi_dcp.S.obj
LOAD CMakeFiles/pico_sensors_simple.dir/_deps/pico_sdk-src/src/rp2_common/pico_double/double_fma_dcp.S.obj
LOAD CMakeFiles/pico_sensors_simple.dir/_deps/pico_sdk-src/src/rp2_common/pico_double/double_sci_m33.S.obj
LOAD CMakeFiles/pico_sensors_simple.dir/_deps/pico_sdk-src/src/rp2_common/pico_double/double_conv_m33.S.obj
LOAD CMakeFiles/pico_sensors_simple.dir/_deps/pico_sdk-src/src/rp2_common/pico_float/float_math.c.obj
LOAD CMakeFiles/pico_sensors_simple.dir/_deps/pico_sdk-src/src/rp2_common/pico_float/float_conv32_vfp.S.obj
LOAD CMakeFiles/pico_sensors_simple.dir/_deps/pico_sdk-src/src/rp2_common/pico_float/float_common_m33.S.obj
LOAD CMakeFiles/pico_sensors_simple.dir/_deps/pico_sdk-src/src/rp2_common/pico_float/float_sci_m33_vfp.S.obj
LOAD CMakeFiles/pico_sensors_simple.dir/_deps/pico_sdk-src/src/rp2_common/pico_malloc/malloc.c.obj
LOAD CMakeFiles/pico_sensors_simple.dir/_deps/pico_sdk-src/src/rp2_common/pico_atomic/atomic.c.obj
LOAD CMakeFiles/pico_sensors_simple.dir/_deps/pico_sdk-src/src/rp2_common/pico_cxx_options/new_delete.cpp.obj
LOAD CMakeFiles/pico_sensors_simple.dir/_deps/pico_sdk-src/src/rp2_common/pico_standard_binary_info/standard_binary_info.c.obj
LOAD CMakeFiles/pico_sensors_simple.dir/_deps/pico_sdk-src/src/rp2_common/pico_printf/printf.c.obj
LOAD CMakeFiles/pico_sensors_simple.dir/_deps/pico_sdk-src/src/rp2_common/pico_crt0/crt0.S.obj
LOAD CMakeFiles/pico_sensors_simple.dir/_deps/pico_sdk-src/src/rp2_common/pico_clib_interface/newlib_interface.c.obj
LOAD CMakeFiles/pico_sensors_simple.dir/_deps/pico_sdk-src/src/rp2_common/pico_stdio/stdio.c.obj
LOAD CMakeFiles/pico_sensors_simple.dir/_deps/pico_sdk-src/src/rp2_common/pico_stdio_uart/stdio_uart.c.obj
LOAD CMakeFiles/pico_sensors_simple.dir/_deps/pico_sdk-src/src/rp2_common/hardware_spi/spi.c.obj
LOAD pico-sdk/src/rp2350/boot_stage2/CMakeFiles/bs2_default_library.dir/./bs2_default_padded_checksummed.S.obj
LOAD c:/progra~2/armgnu~1/12977f~1.2mp/bin/../lib/gcc/arm-none-eabi/12.2.1/thumb/v8-m.main+fp/softfp\libstdc++.a
LOAD c:/progra~2/armgnu~1/12977f~1.2mp/bin/../lib/gcc/arm-none-eabi/12.2.1/thumb/v8-m.main+fp/softfp\libm.a
START GROUP
LOAD c:/progra~2/armgnu~1/12977f~1.2mp/bin/../lib/gcc/arm-none-eabi/12.2.1/thumb/v8-m.main+fp/softfp\libgcc.a
LOAD c:/progra~2/armgnu~1/12977f~1.2mp/bin/../lib/gcc/arm-none-eabi/12.2.1/thumb/v8-m.main+fp/softfp\libg.a
LOAD c:/progra~2/armgnu~1/12977f~1.2mp/bin/../lib/gcc/arm-none-eabi/12.2.1/thumb/v8-m.main+fp/softfp\libc.a
END GROUP
START GROUP
LOAD c:/progra~2/armgnu~1/12977f~1.2mp/bin/../lib/gcc/arm-none-eabi/12.2.1/thumb/v8-m.main+fp/softfp\libgcc.a
LOAD c:/progra~2/armgnu~1/12977f~1.2mp/bin/../lib/gcc/arm-none-eabi/12.2.1/thumb/v8-m.main+fp/softfp\libc.a
LOAD c:/progra~2/armgnu~1/12977f~1.2mp/bin/../lib/gcc/arm-none-eabi/12.2.1/thumb/v8-m.main+fp/softfp\libnosys.a
END GROUP
LOAD c:/progra~2/armgnu~1/12977f~1.2mp/bin/../lib/gcc/arm-none-eabi/12.2.1/thumb/v8-m.main+fp/softfp/crtend.o
LOAD c:/progra~2/armgnu~1/12977f~1.2mp/bin/../lib/gcc/arm-none-eabi/12.2.1/thumb/v8-m.main+fp/softfp/crtn.o
OUTPUT(pico_sensors_simple.elf elf32-littlearm)
LOAD linker stubs

.rel.dyn        0x10002054        0x0
 .rel.iplt      0x10002054        0x0 c:/progra~2/armgnu~1/12977f~1.2mp/bin/../lib/gcc/arm-none-eabi/12.2.1/thumb/v8-m.main+fp/softfp/crtbegin.o

.ARM.attributes
                0x00000000       0x34
 .ARM.attributes
                0x00000000       0x26 c:/progra~2/armgnu~1/12977f~1.2mp/bin/../lib/gcc/arm-none-eabi/12.2.1/thumb/v8-m.main+fp/softfp/crti.o
 .ARM.attributes
                0x00000026       0x36 c:/progra~2/armgnu~1/12977f~1.2mp/bin/../lib/gcc/arm-none-eabi/12.2.1/thumb/v8-m.main+fp/softfp/crtbegin.o
 .ARM.attributes
                0x0000005c       0x38 CMakeFiles/pico_sensors_simple.dir/src/main_simple.c.obj
 .ARM.attributes
                0x00000094       0x38 CMakeFiles/pico_sensors_simple.dir/_deps/pico_sdk-src/src/rp2_common/hardware_gpio/gpio.c.obj
 .ARM.attributes
                0x000000cc       0x38 CMakeFiles/pico_sensors_simple.dir/_deps/pico_sdk-src/src/rp2_common/pico_platform_panic/panic.c.obj
 .ARM.attributes
                0x00000104       0x38 CMakeFiles/pico_sensors_simple.dir/_deps/pico_sdk-src/src/common/hardware_claim/claim.c.obj
 .ARM.attributes
                0x0000013c       0x38 CMakeFiles/pico_sensors_simple.dir/_deps/pico_sdk-src/src/rp2_common/hardware_sync/sync.c.obj
 .ARM.attributes
                0x00000174       0x38 CMakeFiles/pico_sensors_simple.dir/_deps/pico_sdk-src/src/rp2_common/hardware_sync_spin_lock/sync_spin_lock.c.obj
 .ARM.attributes
                0x000001ac       0x38 CMakeFiles/pico_sensors_simple.dir/_deps/pico_sdk-src/src/rp2_common/hardware_irq/irq.c.obj
 .ARM.attributes
                0x000001e4       0x28 CMakeFiles/pico_sensors_simple.dir/_deps/pico_sdk-src/src/rp2_common/hardware_irq/irq_handler_chain.S.obj
 .ARM.attributes
                0x0000020c       0x38 CMakeFiles/pico_sensors_simple.dir/_deps/pico_sdk-src/src/common/pico_sync/lock_core.c.obj
 .ARM.attributes
                0x00000244       0x38 CMakeFiles/pico_sensors_simple.dir/_deps/pico_sdk-src/src/common/pico_sync/mutex.c.obj
 .ARM.attributes
                0x0000027c       0x38 CMakeFiles/pico_sensors_simple.dir/_deps/pico_sdk-src/src/common/pico_time/time.c.obj
 .ARM.attributes
                0x000002b4       0x38 CMakeFiles/pico_sensors_simple.dir/_deps/pico_sdk-src/src/rp2_common/hardware_timer/timer.c.obj
 .ARM.attributes
                0x000002ec       0x38 CMakeFiles/pico_sensors_simple.dir/_deps/pico_sdk-src/src/rp2_common/hardware_uart/uart.c.obj
 .ARM.attributes
                0x00000324       0x38 CMakeFiles/pico_sensors_simple.dir/_deps/pico_sdk-src/src/rp2_common/hardware_clocks/clocks.c.obj
 .ARM.attributes
                0x0000035c       0x38 CMakeFiles/pico_sensors_simple.dir/_deps/pico_sdk-src/src/rp2_common/hardware_pll/pll.c.obj
 .ARM.attributes
                0x00000394       0x38 CMakeFiles/pico_sensors_simple.dir/_deps/pico_sdk-src/src/rp2_common/hardware_ticks/ticks.c.obj
 .ARM.attributes
                0x000003cc       0x38 CMakeFiles/pico_sensors_simple.dir/_deps/pico_sdk-src/src/rp2_common/pico_bootrom/bootrom.c.obj
 .ARM.attributes
                0x00000404       0x38 CMakeFiles/pico_sensors_simple.dir/_deps/pico_sdk-src/src/rp2_common/pico_bootrom/bootrom_lock.c.obj
 .ARM.attributes
                0x0000043c       0x38 CMakeFiles/pico_sensors_simple.dir/_deps/pico_sdk-src/src/rp2_common/hardware_boot_lock/boot_lock.c.obj
 .ARM.attributes
                0x00000474       0x38 CMakeFiles/pico_sensors_simple.dir/_deps/pico_sdk-src/src/rp2_common/hardware_xosc/xosc.c.obj
 .ARM.attributes
                0x000004ac       0x38 CMakeFiles/pico_sensors_simple.dir/_deps/pico_sdk-src/src/rp2_common/pico_runtime/runtime.c.obj
 .ARM.attributes
                0x000004e4       0x38 CMakeFiles/pico_sensors_simple.dir/_deps/pico_sdk-src/src/rp2_common/pico_runtime_init/runtime_init.c.obj
 .ARM.attributes
                0x0000051c       0x38 CMakeFiles/pico_sensors_simple.dir/_deps/pico_sdk-src/src/rp2_common/pico_runtime_init/runtime_init_clocks.c.obj
 .ARM.attributes
                0x00000554       0x38 CMakeFiles/pico_sensors_simple.dir/_deps/pico_sdk-src/src/rp2_common/pico_standard_binary_info/standard_binary_info.c.obj
 .ARM.attributes
                0x0000058c       0x38 CMakeFiles/pico_sensors_simple.dir/_deps/pico_sdk-src/src/rp2_common/pico_printf/printf.c.obj
 .ARM.attributes
                0x000005c4       0x28 CMakeFiles/pico_sensors_simple.dir/_deps/pico_sdk-src/src/rp2_common/pico_crt0/crt0.S.obj
 .ARM.attributes
                0x000005ec       0x38 CMakeFiles/pico_sensors_simple.dir/_deps/pico_sdk-src/src/rp2_common/pico_clib_interface/newlib_interface.c.obj
 .ARM.attributes
                0x00000624       0x38 CMakeFiles/pico_sensors_simple.dir/_deps/pico_sdk-src/src/rp2_common/pico_stdio/stdio.c.obj
 .ARM.attributes
                0x0000065c       0x38 CMakeFiles/pico_sensors_simple.dir/_deps/pico_sdk-src/src/rp2_common/pico_stdio_uart/stdio_uart.c.obj
 .ARM.attributes
                0x00000694       0x38 CMakeFiles/pico_sensors_simple.dir/_deps/pico_sdk-src/src/rp2_common/hardware_spi/spi.c.obj
 .ARM.attributes
                0x000006cc       0x36 c:/progra~2/armgnu~1/12977f~1.2mp/bin/../lib/gcc/arm-none-eabi/12.2.1/thumb/v8-m.main+fp/softfp\libg.a(libc_a-memset.o)
 .ARM.attributes
                0x00000702       0x24 c:/progra~2/armgnu~1/12977f~1.2mp/bin/../lib/gcc/arm-none-eabi/12.2.1/thumb/v8-m.main+fp/softfp\libg.a(libc_a-memcpy.o)
 .ARM.attributes
                0x00000726       0x36 c:/progra~2/armgnu~1/12977f~1.2mp/bin/../lib/gcc/arm-none-eabi/12.2.1/thumb/v8-m.main+fp/softfp\libg.a(libc_a-strlen-stub.o)
 .ARM.attributes
                0x0000075c       0x36 c:/progra~2/armgnu~1/12977f~1.2mp/bin/../lib/gcc/arm-none-eabi/12.2.1/thumb/v8-m.main+fp/softfp/crtend.o

.comment        0x00000000       0x55
 .comment       0x00000000       0x55 CMakeFiles/pico_sensors_simple.dir/src/main_simple.c.obj
                                 0x56 (size before relaxing)
 .comment       0x00000055       0x56 CMakeFiles/pico_sensors_simple.dir/_deps/pico_sdk-src/src/rp2_common/hardware_gpio/gpio.c.obj
 .comment       0x00000055       0x56 CMakeFiles/pico_sensors_simple.dir/_deps/pico_sdk-src/src/rp2_common/pico_platform_panic/panic.c.obj
 .comment       0x00000055       0x56 CMakeFiles/pico_sensors_simple.dir/_deps/pico_sdk-src/src/common/hardware_claim/claim.c.obj
 .comment       0x00000055       0x56 CMakeFiles/pico_sensors_simple.dir/_deps/pico_sdk-src/src/rp2_common/hardware_sync/sync.c.obj
 .comment       0x00000055       0x56 CMakeFiles/pico_sensors_simple.dir/_deps/pico_sdk-src/src/rp2_common/hardware_sync_spin_lock/sync_spin_lock.c.obj
 .comment       0x00000055       0x56 CMakeFiles/pico_sensors_simple.dir/_deps/pico_sdk-src/src/rp2_common/hardware_irq/irq.c.obj
 .comment       0x00000055       0x56 CMakeFiles/pico_sensors_simple.dir/_deps/pico_sdk-src/src/common/pico_sync/lock_core.c.obj
 .comment       0x00000055       0x56 CMakeFiles/pico_sensors_simple.dir/_deps/pico_sdk-src/src/common/pico_sync/mutex.c.obj
 .comment       0x00000055       0x56 CMakeFiles/pico_sensors_simple.dir/_deps/pico_sdk-src/src/common/pico_time/time.c.obj
 .comment       0x00000055       0x56 CMakeFiles/pico_sensors_simple.dir/_deps/pico_sdk-src/src/rp2_common/hardware_timer/timer.c.obj
 .comment       0x00000055       0x56 CMakeFiles/pico_sensors_simple.dir/_deps/pico_sdk-src/src/rp2_common/hardware_uart/uart.c.obj
 .comment       0x00000055       0x56 CMakeFiles/pico_sensors_simple.dir/_deps/pico_sdk-src/src/rp2_common/hardware_clocks/clocks.c.obj
 .comment       0x00000055       0x56 CMakeFiles/pico_sensors_simple.dir/_deps/pico_sdk-src/src/rp2_common/hardware_pll/pll.c.obj
 .comment       0x00000055       0x56 CMakeFiles/pico_sensors_simple.dir/_deps/pico_sdk-src/src/rp2_common/hardware_ticks/ticks.c.obj
 .comment       0x00000055       0x56 CMakeFiles/pico_sensors_simple.dir/_deps/pico_sdk-src/src/rp2_common/pico_bootrom/bootrom.c.obj
 .comment       0x00000055       0x56 CMakeFiles/pico_sensors_simple.dir/_deps/pico_sdk-src/src/rp2_common/pico_bootrom/bootrom_lock.c.obj
 .comment       0x00000055       0x56 CMakeFiles/pico_sensors_simple.dir/_deps/pico_sdk-src/src/rp2_common/hardware_boot_lock/boot_lock.c.obj
 .comment       0x00000055       0x56 CMakeFiles/pico_sensors_simple.dir/_deps/pico_sdk-src/src/rp2_common/hardware_xosc/xosc.c.obj
 .comment       0x00000055       0x56 CMakeFiles/pico_sensors_simple.dir/_deps/pico_sdk-src/src/rp2_common/pico_runtime/runtime.c.obj
 .comment       0x00000055       0x56 CMakeFiles/pico_sensors_simple.dir/_deps/pico_sdk-src/src/rp2_common/pico_runtime_init/runtime_init.c.obj
 .comment       0x00000055       0x56 CMakeFiles/pico_sensors_simple.dir/_deps/pico_sdk-src/src/rp2_common/pico_runtime_init/runtime_init_clocks.c.obj
 .comment       0x00000055       0x56 CMakeFiles/pico_sensors_simple.dir/_deps/pico_sdk-src/src/rp2_common/pico_standard_binary_info/standard_binary_info.c.obj
 .comment       0x00000055       0x56 CMakeFiles/pico_sensors_simple.dir/_deps/pico_sdk-src/src/rp2_common/pico_printf/printf.c.obj
 .comment       0x00000055       0x56 CMakeFiles/pico_sensors_simple.dir/_deps/pico_sdk-src/src/rp2_common/pico_clib_interface/newlib_interface.c.obj
 .comment       0x00000055       0x56 CMakeFiles/pico_sensors_simple.dir/_deps/pico_sdk-src/src/rp2_common/pico_stdio/stdio.c.obj
 .comment       0x00000055       0x56 CMakeFiles/pico_sensors_simple.dir/_deps/pico_sdk-src/src/rp2_common/pico_stdio_uart/stdio_uart.c.obj
 .comment       0x00000055       0x56 CMakeFiles/pico_sensors_simple.dir/_deps/pico_sdk-src/src/rp2_common/hardware_spi/spi.c.obj

.debug_info     0x00000000    0x21bc7
 .debug_info    0x00000000     0x1178 CMakeFiles/pico_sensors_simple.dir/src/main_simple.c.obj
 .debug_info    0x00001178     0x239f CMakeFiles/pico_sensors_simple.dir/_deps/pico_sdk-src/src/rp2_common/hardware_gpio/gpio.c.obj
 .debug_info    0x00003517      0x1be CMakeFiles/pico_sensors_simple.dir/_deps/pico_sdk-src/src/rp2_common/pico_platform_panic/panic.c.obj
 .debug_info    0x000036d5      0xb76 CMakeFiles/pico_sensors_simple.dir/_deps/pico_sdk-src/src/common/hardware_claim/claim.c.obj
 .debug_info    0x0000424b      0x446 CMakeFiles/pico_sensors_simple.dir/_deps/pico_sdk-src/src/rp2_common/hardware_sync/sync.c.obj
 .debug_info    0x00004691     0x145e CMakeFiles/pico_sensors_simple.dir/_deps/pico_sdk-src/src/rp2_common/hardware_sync_spin_lock/sync_spin_lock.c.obj
 .debug_info    0x00005aef     0x2604 CMakeFiles/pico_sensors_simple.dir/_deps/pico_sdk-src/src/rp2_common/hardware_irq/irq.c.obj
 .debug_info    0x000080f3      0x187 CMakeFiles/pico_sensors_simple.dir/_deps/pico_sdk-src/src/common/pico_sync/lock_core.c.obj
 .debug_info    0x0000827a     0x1e57 CMakeFiles/pico_sensors_simple.dir/_deps/pico_sdk-src/src/common/pico_sync/mutex.c.obj
 .debug_info    0x0000a0d1     0x4c56 CMakeFiles/pico_sensors_simple.dir/_deps/pico_sdk-src/src/common/pico_time/time.c.obj
 .debug_info    0x0000ed27     0x3068 CMakeFiles/pico_sensors_simple.dir/_deps/pico_sdk-src/src/rp2_common/hardware_timer/timer.c.obj
 .debug_info    0x00011d8f     0x19a0 CMakeFiles/pico_sensors_simple.dir/_deps/pico_sdk-src/src/rp2_common/hardware_uart/uart.c.obj
 .debug_info    0x0001372f     0x2909 CMakeFiles/pico_sensors_simple.dir/_deps/pico_sdk-src/src/rp2_common/hardware_clocks/clocks.c.obj
 .debug_info    0x00016038      0x507 CMakeFiles/pico_sensors_simple.dir/_deps/pico_sdk-src/src/rp2_common/hardware_pll/pll.c.obj
 .debug_info    0x0001653f      0x26c CMakeFiles/pico_sensors_simple.dir/_deps/pico_sdk-src/src/rp2_common/hardware_ticks/ticks.c.obj
 .debug_info    0x000167ab     0x109e CMakeFiles/pico_sensors_simple.dir/_deps/pico_sdk-src/src/rp2_common/pico_bootrom/bootrom.c.obj
 .debug_info    0x00017849      0x1c4 CMakeFiles/pico_sensors_simple.dir/_deps/pico_sdk-src/src/rp2_common/pico_bootrom/bootrom_lock.c.obj
 .debug_info    0x00017a0d      0x316 CMakeFiles/pico_sensors_simple.dir/_deps/pico_sdk-src/src/rp2_common/hardware_boot_lock/boot_lock.c.obj
 .debug_info    0x00017d23      0x1b1 CMakeFiles/pico_sensors_simple.dir/_deps/pico_sdk-src/src/rp2_common/hardware_xosc/xosc.c.obj
 .debug_info    0x00017ed4      0x21a CMakeFiles/pico_sensors_simple.dir/_deps/pico_sdk-src/src/rp2_common/pico_runtime/runtime.c.obj
 .debug_info    0x000180ee     0x1c38 CMakeFiles/pico_sensors_simple.dir/_deps/pico_sdk-src/src/rp2_common/pico_runtime_init/runtime_init.c.obj
 .debug_info    0x00019d26      0x7d4 CMakeFiles/pico_sensors_simple.dir/_deps/pico_sdk-src/src/rp2_common/pico_runtime_init/runtime_init_clocks.c.obj
 .debug_info    0x0001a4fa      0x2b8 CMakeFiles/pico_sensors_simple.dir/_deps/pico_sdk-src/src/rp2_common/pico_standard_binary_info/standard_binary_info.c.obj
 .debug_info    0x0001a7b2     0x1f61 CMakeFiles/pico_sensors_simple.dir/_deps/pico_sdk-src/src/rp2_common/pico_printf/printf.c.obj
 .debug_info    0x0001c713       0x23 CMakeFiles/pico_sensors_simple.dir/_deps/pico_sdk-src/src/rp2_common/pico_crt0/crt0.S.obj
 .debug_info    0x0001c736      0xc0d CMakeFiles/pico_sensors_simple.dir/_deps/pico_sdk-src/src/rp2_common/pico_clib_interface/newlib_interface.c.obj
 .debug_info    0x0001d343     0x1d6b CMakeFiles/pico_sensors_simple.dir/_deps/pico_sdk-src/src/rp2_common/pico_stdio/stdio.c.obj
 .debug_info    0x0001f0ae     0x18d5 CMakeFiles/pico_sensors_simple.dir/_deps/pico_sdk-src/src/rp2_common/pico_stdio_uart/stdio_uart.c.obj
 .debug_info    0x00020983     0x1244 CMakeFiles/pico_sensors_simple.dir/_deps/pico_sdk-src/src/rp2_common/hardware_spi/spi.c.obj

.debug_abbrev   0x00000000     0x5b48
 .debug_abbrev  0x00000000      0x397 CMakeFiles/pico_sensors_simple.dir/src/main_simple.c.obj
 .debug_abbrev  0x00000397      0x535 CMakeFiles/pico_sensors_simple.dir/_deps/pico_sdk-src/src/rp2_common/hardware_gpio/gpio.c.obj
 .debug_abbrev  0x000008cc      0x12b CMakeFiles/pico_sensors_simple.dir/_deps/pico_sdk-src/src/rp2_common/pico_platform_panic/panic.c.obj
 .debug_abbrev  0x000009f7      0x35c CMakeFiles/pico_sensors_simple.dir/_deps/pico_sdk-src/src/common/hardware_claim/claim.c.obj
 .debug_abbrev  0x00000d53      0x22d CMakeFiles/pico_sensors_simple.dir/_deps/pico_sdk-src/src/rp2_common/hardware_sync/sync.c.obj
 .debug_abbrev  0x00000f80      0x26e CMakeFiles/pico_sensors_simple.dir/_deps/pico_sdk-src/src/rp2_common/hardware_sync_spin_lock/sync_spin_lock.c.obj
 .debug_abbrev  0x000011ee      0x628 CMakeFiles/pico_sensors_simple.dir/_deps/pico_sdk-src/src/rp2_common/hardware_irq/irq.c.obj
 .debug_abbrev  0x00001816      0x11e CMakeFiles/pico_sensors_simple.dir/_deps/pico_sdk-src/src/common/pico_sync/lock_core.c.obj
 .debug_abbrev  0x00001934      0x49b CMakeFiles/pico_sensors_simple.dir/_deps/pico_sdk-src/src/common/pico_sync/mutex.c.obj
 .debug_abbrev  0x00001dcf      0x65c CMakeFiles/pico_sensors_simple.dir/_deps/pico_sdk-src/src/common/pico_time/time.c.obj
 .debug_abbrev  0x0000242b      0x4f9 CMakeFiles/pico_sensors_simple.dir/_deps/pico_sdk-src/src/rp2_common/hardware_timer/timer.c.obj
 .debug_abbrev  0x00002924      0x367 CMakeFiles/pico_sensors_simple.dir/_deps/pico_sdk-src/src/rp2_common/hardware_uart/uart.c.obj
 .debug_abbrev  0x00002c8b      0x4fc CMakeFiles/pico_sensors_simple.dir/_deps/pico_sdk-src/src/rp2_common/hardware_clocks/clocks.c.obj
 .debug_abbrev  0x00003187      0x1a8 CMakeFiles/pico_sensors_simple.dir/_deps/pico_sdk-src/src/rp2_common/hardware_pll/pll.c.obj
 .debug_abbrev  0x0000332f      0x146 CMakeFiles/pico_sensors_simple.dir/_deps/pico_sdk-src/src/rp2_common/hardware_ticks/ticks.c.obj
 .debug_abbrev  0x00003475      0x460 CMakeFiles/pico_sensors_simple.dir/_deps/pico_sdk-src/src/rp2_common/pico_bootrom/bootrom.c.obj
 .debug_abbrev  0x000038d5       0xfb CMakeFiles/pico_sensors_simple.dir/_deps/pico_sdk-src/src/rp2_common/pico_bootrom/bootrom_lock.c.obj
 .debug_abbrev  0x000039d0      0x1de CMakeFiles/pico_sensors_simple.dir/_deps/pico_sdk-src/src/rp2_common/hardware_boot_lock/boot_lock.c.obj
 .debug_abbrev  0x00003bae      0x109 CMakeFiles/pico_sensors_simple.dir/_deps/pico_sdk-src/src/rp2_common/hardware_xosc/xosc.c.obj
 .debug_abbrev  0x00003cb7      0x182 CMakeFiles/pico_sensors_simple.dir/_deps/pico_sdk-src/src/rp2_common/pico_runtime/runtime.c.obj
 .debug_abbrev  0x00003e39      0x312 CMakeFiles/pico_sensors_simple.dir/_deps/pico_sdk-src/src/rp2_common/pico_runtime_init/runtime_init.c.obj
 .debug_abbrev  0x0000414b      0x2a4 CMakeFiles/pico_sensors_simple.dir/_deps/pico_sdk-src/src/rp2_common/pico_runtime_init/runtime_init_clocks.c.obj
 .debug_abbrev  0x000043ef       0xb8 CMakeFiles/pico_sensors_simple.dir/_deps/pico_sdk-src/src/rp2_common/pico_standard_binary_info/standard_binary_info.c.obj
 .debug_abbrev  0x000044a7      0x545 CMakeFiles/pico_sensors_simple.dir/_deps/pico_sdk-src/src/rp2_common/pico_printf/printf.c.obj
 .debug_abbrev  0x000049ec       0x12 CMakeFiles/pico_sensors_simple.dir/_deps/pico_sdk-src/src/rp2_common/pico_crt0/crt0.S.obj
 .debug_abbrev  0x000049fe      0x375 CMakeFiles/pico_sensors_simple.dir/_deps/pico_sdk-src/src/rp2_common/pico_clib_interface/newlib_interface.c.obj
 .debug_abbrev  0x00004d73      0x602 CMakeFiles/pico_sensors_simple.dir/_deps/pico_sdk-src/src/rp2_common/pico_stdio/stdio.c.obj
 .debug_abbrev  0x00005375      0x493 CMakeFiles/pico_sensors_simple.dir/_deps/pico_sdk-src/src/rp2_common/pico_stdio_uart/stdio_uart.c.obj
 .debug_abbrev  0x00005808      0x340 CMakeFiles/pico_sensors_simple.dir/_deps/pico_sdk-src/src/rp2_common/hardware_spi/spi.c.obj

.debug_loclists
                0x00000000     0xf87f
 .debug_loclists
                0x00000000      0x2bb CMakeFiles/pico_sensors_simple.dir/src/main_simple.c.obj
 .debug_loclists
                0x000002bb     0x1740 CMakeFiles/pico_sensors_simple.dir/_deps/pico_sdk-src/src/rp2_common/hardware_gpio/gpio.c.obj
 .debug_loclists
                0x000019fb      0x3fd CMakeFiles/pico_sensors_simple.dir/_deps/pico_sdk-src/src/common/hardware_claim/claim.c.obj
 .debug_loclists
                0x00001df8       0xe8 CMakeFiles/pico_sensors_simple.dir/_deps/pico_sdk-src/src/rp2_common/hardware_sync/sync.c.obj
 .debug_loclists
                0x00001ee0       0xa2 CMakeFiles/pico_sensors_simple.dir/_deps/pico_sdk-src/src/rp2_common/hardware_sync_spin_lock/sync_spin_lock.c.obj
 .debug_loclists
                0x00001f82     0x100b CMakeFiles/pico_sensors_simple.dir/_deps/pico_sdk-src/src/rp2_common/hardware_irq/irq.c.obj
 .debug_loclists
                0x00002f8d       0x17 CMakeFiles/pico_sensors_simple.dir/_deps/pico_sdk-src/src/common/pico_sync/lock_core.c.obj
 .debug_loclists
                0x00002fa4      0xa93 CMakeFiles/pico_sensors_simple.dir/_deps/pico_sdk-src/src/common/pico_sync/mutex.c.obj
 .debug_loclists
                0x00003a37     0x282d CMakeFiles/pico_sensors_simple.dir/_deps/pico_sdk-src/src/common/pico_time/time.c.obj
 .debug_loclists
                0x00006264     0x18b0 CMakeFiles/pico_sensors_simple.dir/_deps/pico_sdk-src/src/rp2_common/hardware_timer/timer.c.obj
 .debug_loclists
                0x00007b14      0xbe1 CMakeFiles/pico_sensors_simple.dir/_deps/pico_sdk-src/src/rp2_common/hardware_uart/uart.c.obj
 .debug_loclists
                0x000086f5     0x1fab CMakeFiles/pico_sensors_simple.dir/_deps/pico_sdk-src/src/rp2_common/hardware_clocks/clocks.c.obj
 .debug_loclists
                0x0000a6a0      0x19f CMakeFiles/pico_sensors_simple.dir/_deps/pico_sdk-src/src/rp2_common/hardware_pll/pll.c.obj
 .debug_loclists
                0x0000a83f       0x72 CMakeFiles/pico_sensors_simple.dir/_deps/pico_sdk-src/src/rp2_common/hardware_ticks/ticks.c.obj
 .debug_loclists
                0x0000a8b1      0x78d CMakeFiles/pico_sensors_simple.dir/_deps/pico_sdk-src/src/rp2_common/pico_bootrom/bootrom.c.obj
 .debug_loclists
                0x0000b03e       0x28 CMakeFiles/pico_sensors_simple.dir/_deps/pico_sdk-src/src/rp2_common/pico_bootrom/bootrom_lock.c.obj
 .debug_loclists
                0x0000b066       0x72 CMakeFiles/pico_sensors_simple.dir/_deps/pico_sdk-src/src/rp2_common/hardware_boot_lock/boot_lock.c.obj
 .debug_loclists
                0x0000b0d8       0x4f CMakeFiles/pico_sensors_simple.dir/_deps/pico_sdk-src/src/rp2_common/hardware_xosc/xosc.c.obj
 .debug_loclists
                0x0000b127       0x7e CMakeFiles/pico_sensors_simple.dir/_deps/pico_sdk-src/src/rp2_common/pico_runtime/runtime.c.obj
 .debug_loclists
                0x0000b1a5      0x12e CMakeFiles/pico_sensors_simple.dir/_deps/pico_sdk-src/src/rp2_common/pico_runtime_init/runtime_init.c.obj
 .debug_loclists
                0x0000b2d3       0x74 CMakeFiles/pico_sensors_simple.dir/_deps/pico_sdk-src/src/rp2_common/pico_runtime_init/runtime_init_clocks.c.obj
 .debug_loclists
                0x0000b347     0x2725 CMakeFiles/pico_sensors_simple.dir/_deps/pico_sdk-src/src/rp2_common/pico_printf/printf.c.obj
 .debug_loclists
                0x0000da6c      0x38f CMakeFiles/pico_sensors_simple.dir/_deps/pico_sdk-src/src/rp2_common/pico_clib_interface/newlib_interface.c.obj
 .debug_loclists
                0x0000ddfb      0xa4b CMakeFiles/pico_sensors_simple.dir/_deps/pico_sdk-src/src/rp2_common/pico_stdio/stdio.c.obj
 .debug_loclists
                0x0000e846      0x7d6 CMakeFiles/pico_sensors_simple.dir/_deps/pico_sdk-src/src/rp2_common/pico_stdio_uart/stdio_uart.c.obj
 .debug_loclists
                0x0000f01c      0x863 CMakeFiles/pico_sensors_simple.dir/_deps/pico_sdk-src/src/rp2_common/hardware_spi/spi.c.obj

.debug_aranges  0x00000000      0xb58
 .debug_aranges
                0x00000000       0x20 CMakeFiles/pico_sensors_simple.dir/src/main_simple.c.obj
 .debug_aranges
                0x00000020      0x118 CMakeFiles/pico_sensors_simple.dir/_deps/pico_sdk-src/src/rp2_common/hardware_gpio/gpio.c.obj
 .debug_aranges
                0x00000138       0x28 CMakeFiles/pico_sensors_simple.dir/_deps/pico_sdk-src/src/rp2_common/pico_platform_panic/panic.c.obj
 .debug_aranges
                0x00000160       0x48 CMakeFiles/pico_sensors_simple.dir/_deps/pico_sdk-src/src/common/hardware_claim/claim.c.obj
 .debug_aranges
                0x000001a8       0x48 CMakeFiles/pico_sensors_simple.dir/_deps/pico_sdk-src/src/rp2_common/hardware_sync/sync.c.obj
 .debug_aranges
                0x000001f0       0x30 CMakeFiles/pico_sensors_simple.dir/_deps/pico_sdk-src/src/rp2_common/hardware_sync_spin_lock/sync_spin_lock.c.obj
 .debug_aranges
                0x00000220       0xb8 CMakeFiles/pico_sensors_simple.dir/_deps/pico_sdk-src/src/rp2_common/hardware_irq/irq.c.obj
 .debug_aranges
                0x000002d8       0x20 CMakeFiles/pico_sensors_simple.dir/_deps/pico_sdk-src/src/common/pico_sync/lock_core.c.obj
 .debug_aranges
                0x000002f8       0x98 CMakeFiles/pico_sensors_simple.dir/_deps/pico_sdk-src/src/common/pico_sync/mutex.c.obj
 .debug_aranges
                0x00000390       0xe0 CMakeFiles/pico_sensors_simple.dir/_deps/pico_sdk-src/src/common/pico_time/time.c.obj
 .debug_aranges
                0x00000470       0xf0 CMakeFiles/pico_sensors_simple.dir/_deps/pico_sdk-src/src/rp2_common/hardware_timer/timer.c.obj
 .debug_aranges
                0x00000560       0x58 CMakeFiles/pico_sensors_simple.dir/_deps/pico_sdk-src/src/rp2_common/hardware_uart/uart.c.obj
 .debug_aranges
                0x000005b8       0x90 CMakeFiles/pico_sensors_simple.dir/_deps/pico_sdk-src/src/rp2_common/hardware_clocks/clocks.c.obj
 .debug_aranges
                0x00000648       0x28 CMakeFiles/pico_sensors_simple.dir/_deps/pico_sdk-src/src/rp2_common/hardware_pll/pll.c.obj
 .debug_aranges
                0x00000670       0x30 CMakeFiles/pico_sensors_simple.dir/_deps/pico_sdk-src/src/rp2_common/hardware_ticks/ticks.c.obj
 .debug_aranges
                0x000006a0       0x60 CMakeFiles/pico_sensors_simple.dir/_deps/pico_sdk-src/src/rp2_common/pico_bootrom/bootrom.c.obj
 .debug_aranges
                0x00000700       0x20 CMakeFiles/pico_sensors_simple.dir/_deps/pico_sdk-src/src/rp2_common/pico_bootrom/bootrom_lock.c.obj
 .debug_aranges
                0x00000720       0x30 CMakeFiles/pico_sensors_simple.dir/_deps/pico_sdk-src/src/rp2_common/hardware_boot_lock/boot_lock.c.obj
 .debug_aranges
                0x00000750       0x30 CMakeFiles/pico_sensors_simple.dir/_deps/pico_sdk-src/src/rp2_common/hardware_xosc/xosc.c.obj
 .debug_aranges
                0x00000780       0x38 CMakeFiles/pico_sensors_simple.dir/_deps/pico_sdk-src/src/rp2_common/pico_runtime/runtime.c.obj
 .debug_aranges
                0x000007b8       0x58 CMakeFiles/pico_sensors_simple.dir/_deps/pico_sdk-src/src/rp2_common/pico_runtime_init/runtime_init.c.obj
 .debug_aranges
                0x00000810       0x20 CMakeFiles/pico_sensors_simple.dir/_deps/pico_sdk-src/src/rp2_common/pico_runtime_init/runtime_init_clocks.c.obj
 .debug_aranges
                0x00000830       0x18 CMakeFiles/pico_sensors_simple.dir/_deps/pico_sdk-src/src/rp2_common/pico_standard_binary_info/standard_binary_info.c.obj
 .debug_aranges
                0x00000848       0x90 CMakeFiles/pico_sensors_simple.dir/_deps/pico_sdk-src/src/rp2_common/pico_printf/printf.c.obj
 .debug_aranges
                0x000008d8       0x28 CMakeFiles/pico_sensors_simple.dir/_deps/pico_sdk-src/src/rp2_common/pico_crt0/crt0.S.obj
 .debug_aranges
                0x00000900       0xa8 CMakeFiles/pico_sensors_simple.dir/_deps/pico_sdk-src/src/rp2_common/pico_clib_interface/newlib_interface.c.obj
 .debug_aranges
                0x000009a8       0xc8 CMakeFiles/pico_sensors_simple.dir/_deps/pico_sdk-src/src/rp2_common/pico_stdio/stdio.c.obj
 .debug_aranges
                0x00000a70       0x80 CMakeFiles/pico_sensors_simple.dir/_deps/pico_sdk-src/src/rp2_common/pico_stdio_uart/stdio_uart.c.obj
 .debug_aranges
                0x00000af0       0x68 CMakeFiles/pico_sensors_simple.dir/_deps/pico_sdk-src/src/rp2_common/hardware_spi/spi.c.obj

.debug_rnglists
                0x00000000     0x31c9
 .debug_rnglists
                0x00000000       0xaa CMakeFiles/pico_sensors_simple.dir/src/main_simple.c.obj
 .debug_rnglists
                0x000000aa      0x630 CMakeFiles/pico_sensors_simple.dir/_deps/pico_sdk-src/src/rp2_common/hardware_gpio/gpio.c.obj
 .debug_rnglists
                0x000006da       0x19 CMakeFiles/pico_sensors_simple.dir/_deps/pico_sdk-src/src/rp2_common/pico_platform_panic/panic.c.obj
 .debug_rnglists
                0x000006f3      0x104 CMakeFiles/pico_sensors_simple.dir/_deps/pico_sdk-src/src/common/hardware_claim/claim.c.obj
 .debug_rnglists
                0x000007f7       0x67 CMakeFiles/pico_sensors_simple.dir/_deps/pico_sdk-src/src/rp2_common/hardware_sync/sync.c.obj
 .debug_rnglists
                0x0000085e       0x43 CMakeFiles/pico_sensors_simple.dir/_deps/pico_sdk-src/src/rp2_common/hardware_sync_spin_lock/sync_spin_lock.c.obj
 .debug_rnglists
                0x000008a1      0x3f6 CMakeFiles/pico_sensors_simple.dir/_deps/pico_sdk-src/src/rp2_common/hardware_irq/irq.c.obj
 .debug_rnglists
                0x00000c97       0x13 CMakeFiles/pico_sensors_simple.dir/_deps/pico_sdk-src/src/common/pico_sync/lock_core.c.obj
 .debug_rnglists
                0x00000caa      0x2b5 CMakeFiles/pico_sensors_simple.dir/_deps/pico_sdk-src/src/common/pico_sync/mutex.c.obj
 .debug_rnglists
                0x00000f5f      0x7ec CMakeFiles/pico_sensors_simple.dir/_deps/pico_sdk-src/src/common/pico_time/time.c.obj
 .debug_rnglists
                0x0000174b      0x49c CMakeFiles/pico_sensors_simple.dir/_deps/pico_sdk-src/src/rp2_common/hardware_timer/timer.c.obj
 .debug_rnglists
                0x00001be7      0x25f CMakeFiles/pico_sensors_simple.dir/_deps/pico_sdk-src/src/rp2_common/hardware_uart/uart.c.obj
 .debug_rnglists
                0x00001e46      0x5d3 CMakeFiles/pico_sensors_simple.dir/_deps/pico_sdk-src/src/rp2_common/hardware_clocks/clocks.c.obj
 .debug_rnglists
                0x00002419       0x59 CMakeFiles/pico_sensors_simple.dir/_deps/pico_sdk-src/src/rp2_common/hardware_pll/pll.c.obj
 .debug_rnglists
                0x00002472       0x2b CMakeFiles/pico_sensors_simple.dir/_deps/pico_sdk-src/src/rp2_common/hardware_ticks/ticks.c.obj
 .debug_rnglists
                0x0000249d      0x116 CMakeFiles/pico_sensors_simple.dir/_deps/pico_sdk-src/src/rp2_common/pico_bootrom/bootrom.c.obj
 .debug_rnglists
                0x000025b3       0x13 CMakeFiles/pico_sensors_simple.dir/_deps/pico_sdk-src/src/rp2_common/pico_bootrom/bootrom_lock.c.obj
 .debug_rnglists
                0x000025c6       0x4f CMakeFiles/pico_sensors_simple.dir/_deps/pico_sdk-src/src/rp2_common/hardware_boot_lock/boot_lock.c.obj
 .debug_rnglists
                0x00002615       0x2b CMakeFiles/pico_sensors_simple.dir/_deps/pico_sdk-src/src/rp2_common/hardware_xosc/xosc.c.obj
 .debug_rnglists
                0x00002640       0x3d CMakeFiles/pico_sensors_simple.dir/_deps/pico_sdk-src/src/rp2_common/pico_runtime/runtime.c.obj
 .debug_rnglists
                0x0000267d       0x70 CMakeFiles/pico_sensors_simple.dir/_deps/pico_sdk-src/src/rp2_common/pico_runtime_init/runtime_init.c.obj
 .debug_rnglists
                0x000026ed       0x3a CMakeFiles/pico_sensors_simple.dir/_deps/pico_sdk-src/src/rp2_common/pico_runtime_init/runtime_init_clocks.c.obj
 .debug_rnglists
                0x00002727      0x2ca CMakeFiles/pico_sensors_simple.dir/_deps/pico_sdk-src/src/rp2_common/pico_printf/printf.c.obj
 .debug_rnglists
                0x000029f1       0x1b CMakeFiles/pico_sensors_simple.dir/_deps/pico_sdk-src/src/rp2_common/pico_crt0/crt0.S.obj
 .debug_rnglists
                0x00002a0c       0xb5 CMakeFiles/pico_sensors_simple.dir/_deps/pico_sdk-src/src/rp2_common/pico_clib_interface/newlib_interface.c.obj
 .debug_rnglists
                0x00002ac1      0x2f8 CMakeFiles/pico_sensors_simple.dir/_deps/pico_sdk-src/src/rp2_common/pico_stdio/stdio.c.obj
 .debug_rnglists
                0x00002db9      0x1f2 CMakeFiles/pico_sensors_simple.dir/_deps/pico_sdk-src/src/rp2_common/pico_stdio_uart/stdio_uart.c.obj
 .debug_rnglists
                0x00002fab      0x21e CMakeFiles/pico_sensors_simple.dir/_deps/pico_sdk-src/src/rp2_common/hardware_spi/spi.c.obj

.debug_line     0x00000000    0x18005
 .debug_line    0x00000000      0x944 CMakeFiles/pico_sensors_simple.dir/src/main_simple.c.obj
 .debug_line    0x00000944     0x1b9d CMakeFiles/pico_sensors_simple.dir/_deps/pico_sdk-src/src/rp2_common/hardware_gpio/gpio.c.obj
 .debug_line    0x000024e1      0x315 CMakeFiles/pico_sensors_simple.dir/_deps/pico_sdk-src/src/rp2_common/pico_platform_panic/panic.c.obj
 .debug_line    0x000027f6      0x95d CMakeFiles/pico_sensors_simple.dir/_deps/pico_sdk-src/src/common/hardware_claim/claim.c.obj
 .debug_line    0x00003153      0x508 CMakeFiles/pico_sensors_simple.dir/_deps/pico_sdk-src/src/rp2_common/hardware_sync/sync.c.obj
 .debug_line    0x0000365b      0x49d CMakeFiles/pico_sensors_simple.dir/_deps/pico_sdk-src/src/rp2_common/hardware_sync_spin_lock/sync_spin_lock.c.obj
 .debug_line    0x00003af8     0x189f CMakeFiles/pico_sensors_simple.dir/_deps/pico_sdk-src/src/rp2_common/hardware_irq/irq.c.obj
 .debug_line    0x00005397      0x33a CMakeFiles/pico_sensors_simple.dir/_deps/pico_sdk-src/src/common/pico_sync/lock_core.c.obj
 .debug_line    0x000056d1     0x13c3 CMakeFiles/pico_sensors_simple.dir/_deps/pico_sdk-src/src/common/pico_sync/mutex.c.obj
 .debug_line    0x00006a94     0x2f06 CMakeFiles/pico_sensors_simple.dir/_deps/pico_sdk-src/src/common/pico_time/time.c.obj
 .debug_line    0x0000999a     0x1f4c CMakeFiles/pico_sensors_simple.dir/_deps/pico_sdk-src/src/rp2_common/hardware_timer/timer.c.obj
 .debug_line    0x0000b8e6      0xf84 CMakeFiles/pico_sensors_simple.dir/_deps/pico_sdk-src/src/rp2_common/hardware_uart/uart.c.obj
 .debug_line    0x0000c86a     0x1eb5 CMakeFiles/pico_sensors_simple.dir/_deps/pico_sdk-src/src/rp2_common/hardware_clocks/clocks.c.obj
 .debug_line    0x0000e71f      0x6a0 CMakeFiles/pico_sensors_simple.dir/_deps/pico_sdk-src/src/rp2_common/hardware_pll/pll.c.obj
 .debug_line    0x0000edbf      0x43b CMakeFiles/pico_sensors_simple.dir/_deps/pico_sdk-src/src/rp2_common/hardware_ticks/ticks.c.obj
 .debug_line    0x0000f1fa      0xcbe CMakeFiles/pico_sensors_simple.dir/_deps/pico_sdk-src/src/rp2_common/pico_bootrom/bootrom.c.obj
 .debug_line    0x0000feb8      0x53f CMakeFiles/pico_sensors_simple.dir/_deps/pico_sdk-src/src/rp2_common/pico_bootrom/bootrom_lock.c.obj
 .debug_line    0x000103f7      0x50c CMakeFiles/pico_sensors_simple.dir/_deps/pico_sdk-src/src/rp2_common/hardware_boot_lock/boot_lock.c.obj
 .debug_line    0x00010903      0x47d CMakeFiles/pico_sensors_simple.dir/_deps/pico_sdk-src/src/rp2_common/hardware_xosc/xosc.c.obj
 .debug_line    0x00010d80      0x3c7 CMakeFiles/pico_sensors_simple.dir/_deps/pico_sdk-src/src/rp2_common/pico_runtime/runtime.c.obj
 .debug_line    0x00011147      0x916 CMakeFiles/pico_sensors_simple.dir/_deps/pico_sdk-src/src/rp2_common/pico_runtime_init/runtime_init.c.obj
 .debug_line    0x00011a5d      0x7b6 CMakeFiles/pico_sensors_simple.dir/_deps/pico_sdk-src/src/rp2_common/pico_runtime_init/runtime_init_clocks.c.obj
 .debug_line    0x00012213      0x290 CMakeFiles/pico_sensors_simple.dir/_deps/pico_sdk-src/src/rp2_common/pico_standard_binary_info/standard_binary_info.c.obj
 .debug_line    0x000124a3     0x18e1 CMakeFiles/pico_sensors_simple.dir/_deps/pico_sdk-src/src/rp2_common/pico_printf/printf.c.obj
 .debug_line    0x00013d84       0x9e CMakeFiles/pico_sensors_simple.dir/_deps/pico_sdk-src/src/rp2_common/pico_crt0/crt0.S.obj
 .debug_line    0x00013e22      0xa61 CMakeFiles/pico_sensors_simple.dir/_deps/pico_sdk-src/src/rp2_common/pico_clib_interface/newlib_interface.c.obj
 .debug_line    0x00014883     0x15b4 CMakeFiles/pico_sensors_simple.dir/_deps/pico_sdk-src/src/rp2_common/pico_stdio/stdio.c.obj
 .debug_line    0x00015e37     0x1153 CMakeFiles/pico_sensors_simple.dir/_deps/pico_sdk-src/src/rp2_common/pico_stdio_uart/stdio_uart.c.obj
 .debug_line    0x00016f8a     0x107b CMakeFiles/pico_sensors_simple.dir/_deps/pico_sdk-src/src/rp2_common/hardware_spi/spi.c.obj

.debug_str      0x00000000     0x6184
 .debug_str     0x00000000      0xdb2 CMakeFiles/pico_sensors_simple.dir/src/main_simple.c.obj
                                0xe2e (size before relaxing)
 .debug_str     0x00000db2      0x6e2 CMakeFiles/pico_sensors_simple.dir/_deps/pico_sdk-src/src/rp2_common/hardware_gpio/gpio.c.obj
                                0xd91 (size before relaxing)
 .debug_str     0x00001494       0xd5 CMakeFiles/pico_sensors_simple.dir/_deps/pico_sdk-src/src/rp2_common/pico_platform_panic/panic.c.obj
                                0x26a (size before relaxing)
 .debug_str     0x00001569      0x20a CMakeFiles/pico_sensors_simple.dir/_deps/pico_sdk-src/src/common/hardware_claim/claim.c.obj
                                0x3dc (size before relaxing)
 .debug_str     0x00001773      0x10f CMakeFiles/pico_sensors_simple.dir/_deps/pico_sdk-src/src/rp2_common/hardware_sync/sync.c.obj
                                0x387 (size before relaxing)
 .debug_str     0x00001882      0x97d CMakeFiles/pico_sensors_simple.dir/_deps/pico_sdk-src/src/rp2_common/hardware_sync_spin_lock/sync_spin_lock.c.obj
                                0xc34 (size before relaxing)
 .debug_str     0x000021ff      0x50f CMakeFiles/pico_sensors_simple.dir/_deps/pico_sdk-src/src/rp2_common/hardware_irq/irq.c.obj
                                0xcb3 (size before relaxing)
 .debug_str     0x0000270e       0x9f CMakeFiles/pico_sensors_simple.dir/_deps/pico_sdk-src/src/common/pico_sync/lock_core.c.obj
                                0x279 (size before relaxing)
 .debug_str     0x000027ad      0x2c0 CMakeFiles/pico_sensors_simple.dir/_deps/pico_sdk-src/src/common/pico_sync/mutex.c.obj
                                0x94d (size before relaxing)
 .debug_str     0x00002a6d      0xa79 CMakeFiles/pico_sensors_simple.dir/_deps/pico_sdk-src/src/common/pico_time/time.c.obj
                               0x1376 (size before relaxing)
 .debug_str     0x000034e6      0x208 CMakeFiles/pico_sensors_simple.dir/_deps/pico_sdk-src/src/rp2_common/hardware_timer/timer.c.obj
                                0xc07 (size before relaxing)
 .debug_str     0x000036ee      0x542 CMakeFiles/pico_sensors_simple.dir/_deps/pico_sdk-src/src/rp2_common/hardware_uart/uart.c.obj
                                0xec3 (size before relaxing)
 .debug_str     0x00003c30      0x485 CMakeFiles/pico_sensors_simple.dir/_deps/pico_sdk-src/src/rp2_common/hardware_clocks/clocks.c.obj
                                0xbf6 (size before relaxing)
 .debug_str     0x000040b5       0xb8 CMakeFiles/pico_sensors_simple.dir/_deps/pico_sdk-src/src/rp2_common/hardware_pll/pll.c.obj
                                0x500 (size before relaxing)
 .debug_str     0x0000416d      0x13f CMakeFiles/pico_sensors_simple.dir/_deps/pico_sdk-src/src/rp2_common/hardware_ticks/ticks.c.obj
                                0x32d (size before relaxing)
 .debug_str     0x000042ac      0x4ed CMakeFiles/pico_sensors_simple.dir/_deps/pico_sdk-src/src/rp2_common/pico_bootrom/bootrom.c.obj
                                0x9d0 (size before relaxing)
 .debug_str     0x00004799       0xf0 CMakeFiles/pico_sensors_simple.dir/_deps/pico_sdk-src/src/rp2_common/pico_bootrom/bootrom_lock.c.obj
                                0x315 (size before relaxing)
 .debug_str     0x00004889       0xc4 CMakeFiles/pico_sensors_simple.dir/_deps/pico_sdk-src/src/rp2_common/hardware_boot_lock/boot_lock.c.obj
                                0x2f3 (size before relaxing)
 .debug_str     0x0000494d       0xb8 CMakeFiles/pico_sensors_simple.dir/_deps/pico_sdk-src/src/rp2_common/hardware_xosc/xosc.c.obj
                                0x2a6 (size before relaxing)
 .debug_str     0x00004a05      0x12d CMakeFiles/pico_sensors_simple.dir/_deps/pico_sdk-src/src/rp2_common/pico_runtime/runtime.c.obj
                                0x2fc (size before relaxing)
 .debug_str     0x00004b32      0x3e8 CMakeFiles/pico_sensors_simple.dir/_deps/pico_sdk-src/src/rp2_common/pico_runtime_init/runtime_init.c.obj
                               0x1280 (size before relaxing)
 .debug_str     0x00004f1a       0xa5 CMakeFiles/pico_sensors_simple.dir/_deps/pico_sdk-src/src/rp2_common/pico_runtime_init/runtime_init_clocks.c.obj
                                0x548 (size before relaxing)
 .debug_str     0x00004fbf      0x297 CMakeFiles/pico_sensors_simple.dir/_deps/pico_sdk-src/src/rp2_common/pico_standard_binary_info/standard_binary_info.c.obj
                                0x46b (size before relaxing)
 .debug_str     0x00005256      0x2a0 CMakeFiles/pico_sensors_simple.dir/_deps/pico_sdk-src/src/rp2_common/pico_printf/printf.c.obj
                                0x503 (size before relaxing)
 .debug_str     0x000054f6       0x8c CMakeFiles/pico_sensors_simple.dir/_deps/pico_sdk-src/src/rp2_common/pico_crt0/crt0.S.obj
                                 0xd7 (size before relaxing)
 .debug_str     0x00005582      0x34f CMakeFiles/pico_sensors_simple.dir/_deps/pico_sdk-src/src/rp2_common/pico_clib_interface/newlib_interface.c.obj
                                0x8fb (size before relaxing)
 .debug_str     0x000058d1      0x30c CMakeFiles/pico_sensors_simple.dir/_deps/pico_sdk-src/src/rp2_common/pico_stdio/stdio.c.obj
                               0x101a (size before relaxing)
 .debug_str     0x00005bdd      0x413 CMakeFiles/pico_sensors_simple.dir/_deps/pico_sdk-src/src/rp2_common/pico_stdio_uart/stdio_uart.c.obj
                               0x11e9 (size before relaxing)
 .debug_str     0x00005ff0      0x194 CMakeFiles/pico_sensors_simple.dir/_deps/pico_sdk-src/src/rp2_common/hardware_spi/spi.c.obj
                                0x7e3 (size before relaxing)

.debug_frame    0x00000000     0x204c
 .debug_frame   0x00000000       0x38 CMakeFiles/pico_sensors_simple.dir/src/main_simple.c.obj
 .debug_frame   0x00000038      0x38c CMakeFiles/pico_sensors_simple.dir/_deps/pico_sdk-src/src/rp2_common/hardware_gpio/gpio.c.obj
 .debug_frame   0x000003c4       0x4c CMakeFiles/pico_sensors_simple.dir/_deps/pico_sdk-src/src/rp2_common/pico_platform_panic/panic.c.obj
 .debug_frame   0x00000410       0x94 CMakeFiles/pico_sensors_simple.dir/_deps/pico_sdk-src/src/common/hardware_claim/claim.c.obj
 .debug_frame   0x000004a4       0x98 CMakeFiles/pico_sensors_simple.dir/_deps/pico_sdk-src/src/rp2_common/hardware_sync/sync.c.obj
 .debug_frame   0x0000053c       0x40 CMakeFiles/pico_sensors_simple.dir/_deps/pico_sdk-src/src/rp2_common/hardware_sync_spin_lock/sync_spin_lock.c.obj
 .debug_frame   0x0000057c      0x1cc CMakeFiles/pico_sensors_simple.dir/_deps/pico_sdk-src/src/rp2_common/hardware_irq/irq.c.obj
 .debug_frame   0x00000748       0x20 CMakeFiles/pico_sensors_simple.dir/_deps/pico_sdk-src/src/common/pico_sync/lock_core.c.obj
 .debug_frame   0x00000768      0x1d4 CMakeFiles/pico_sensors_simple.dir/_deps/pico_sdk-src/src/common/pico_sync/mutex.c.obj
 .debug_frame   0x0000093c      0x358 CMakeFiles/pico_sensors_simple.dir/_deps/pico_sdk-src/src/common/pico_time/time.c.obj
 .debug_frame   0x00000c94      0x2d8 CMakeFiles/pico_sensors_simple.dir/_deps/pico_sdk-src/src/rp2_common/hardware_timer/timer.c.obj
 .debug_frame   0x00000f6c       0xfc CMakeFiles/pico_sensors_simple.dir/_deps/pico_sdk-src/src/rp2_common/hardware_uart/uart.c.obj
 .debug_frame   0x00001068      0x1f0 CMakeFiles/pico_sensors_simple.dir/_deps/pico_sdk-src/src/rp2_common/hardware_clocks/clocks.c.obj
 .debug_frame   0x00001258       0x44 CMakeFiles/pico_sensors_simple.dir/_deps/pico_sdk-src/src/rp2_common/hardware_pll/pll.c.obj
 .debug_frame   0x0000129c       0x40 CMakeFiles/pico_sensors_simple.dir/_deps/pico_sdk-src/src/rp2_common/hardware_ticks/ticks.c.obj
 .debug_frame   0x000012dc      0x134 CMakeFiles/pico_sensors_simple.dir/_deps/pico_sdk-src/src/rp2_common/pico_bootrom/bootrom.c.obj
 .debug_frame   0x00001410       0x20 CMakeFiles/pico_sensors_simple.dir/_deps/pico_sdk-src/src/rp2_common/pico_bootrom/bootrom_lock.c.obj
 .debug_frame   0x00001430       0x40 CMakeFiles/pico_sensors_simple.dir/_deps/pico_sdk-src/src/rp2_common/hardware_boot_lock/boot_lock.c.obj
 .debug_frame   0x00001470       0x4c CMakeFiles/pico_sensors_simple.dir/_deps/pico_sdk-src/src/rp2_common/hardware_xosc/xosc.c.obj
 .debug_frame   0x000014bc       0x70 CMakeFiles/pico_sensors_simple.dir/_deps/pico_sdk-src/src/rp2_common/pico_runtime/runtime.c.obj
 .debug_frame   0x0000152c       0xc0 CMakeFiles/pico_sensors_simple.dir/_deps/pico_sdk-src/src/rp2_common/pico_runtime_init/runtime_init.c.obj
 .debug_frame   0x000015ec       0x34 CMakeFiles/pico_sensors_simple.dir/_deps/pico_sdk-src/src/rp2_common/pico_runtime_init/runtime_init_clocks.c.obj
 .debug_frame   0x00001620      0x2b0 CMakeFiles/pico_sensors_simple.dir/_deps/pico_sdk-src/src/rp2_common/pico_printf/printf.c.obj
 .debug_frame   0x000018d0      0x190 CMakeFiles/pico_sensors_simple.dir/_deps/pico_sdk-src/src/rp2_common/pico_clib_interface/newlib_interface.c.obj
 .debug_frame   0x00001a60      0x2e4 CMakeFiles/pico_sensors_simple.dir/_deps/pico_sdk-src/src/rp2_common/pico_stdio/stdio.c.obj
 .debug_frame   0x00001d44      0x170 CMakeFiles/pico_sensors_simple.dir/_deps/pico_sdk-src/src/rp2_common/pico_stdio_uart/stdio_uart.c.obj