Archive member included to satisfy reference by file (symbol)

c:/progra~2/armgnu~1/12977f~1.2mp/bin/../lib/gcc/arm-none-eabi/12.2.1/thumb/v8-m.main+fp/softfp\libm.a(libm_a-wf_sqrt.o)
                              CMakeFiles/pico_sensors_minimal.dir/_deps/pico_sdk-src/src/rp2_common/pico_float/float_math.c.obj (sqrtf)
c:/progra~2/armgnu~1/12977f~1.2mp/bin/../lib/gcc/arm-none-eabi/12.2.1/thumb/v8-m.main+fp/softfp\libm.a(libm_a-ef_sqrt.o)
                              c:/progra~2/armgnu~1/12977f~1.2mp/bin/../lib/gcc/arm-none-eabi/12.2.1/thumb/v8-m.main+fp/softfp\libm.a(libm_a-wf_sqrt.o) (__ieee754_sqrtf)
c:/progra~2/armgnu~1/12977f~1.2mp/bin/../lib/gcc/arm-none-eabi/12.2.1/thumb/v8-m.main+fp/softfp\libgcc.a(_arm_addsubdf3.o)
                              CMakeFiles/pico_sensors_minimal.dir/_deps/pico_sdk-src/src/rp2_common/pico_float/float_math.c.obj (__aeabi_f2d)
c:/progra~2/armgnu~1/12977f~1.2mp/bin/../lib/gcc/arm-none-eabi/12.2.1/thumb/v8-m.main+fp/softfp\libgcc.a(_aeabi_ldivmod.o)
                              CMakeFiles/pico_sensors_minimal.dir/_deps/pico_sdk-src/src/common/pico_time/time.c.obj (__aeabi_ldivmod)
c:/progra~2/armgnu~1/12977f~1.2mp/bin/../lib/gcc/arm-none-eabi/12.2.1/thumb/v8-m.main+fp/softfp\libgcc.a(_aeabi_uldivmod.o)
                              CMakeFiles/pico_sensors_minimal.dir/_deps/pico_sdk-src/src/rp2_common/hardware_clocks/clocks.c.obj (__aeabi_uldivmod)
c:/progra~2/armgnu~1/12977f~1.2mp/bin/../lib/gcc/arm-none-eabi/12.2.1/thumb/v8-m.main+fp/softfp\libgcc.a(_udivmoddi4.o)
                              c:/progra~2/armgnu~1/12977f~1.2mp/bin/../lib/gcc/arm-none-eabi/12.2.1/thumb/v8-m.main+fp/softfp\libgcc.a(_aeabi_ldivmod.o) (__udivmoddi4)
c:/progra~2/armgnu~1/12977f~1.2mp/bin/../lib/gcc/arm-none-eabi/12.2.1/thumb/v8-m.main+fp/softfp\libgcc.a(_dvmd_tls.o)
                              c:/progra~2/armgnu~1/12977f~1.2mp/bin/../lib/gcc/arm-none-eabi/12.2.1/thumb/v8-m.main+fp/softfp\libgcc.a(_aeabi_ldivmod.o) (__aeabi_ldiv0)
c:/progra~2/armgnu~1/12977f~1.2mp/bin/../lib/gcc/arm-none-eabi/12.2.1/thumb/v8-m.main+fp/softfp\libg.a(libc_a-calloc.o)
                              CMakeFiles/pico_sensors_minimal.dir/_deps/pico_sdk-src/src/rp2_common/pico_malloc/malloc.c.obj (calloc)
c:/progra~2/armgnu~1/12977f~1.2mp/bin/../lib/gcc/arm-none-eabi/12.2.1/thumb/v8-m.main+fp/softfp\libg.a(libc_a-callocr.o)
                              c:/progra~2/armgnu~1/12977f~1.2mp/bin/../lib/gcc/arm-none-eabi/12.2.1/thumb/v8-m.main+fp/softfp\libg.a(libc_a-calloc.o) (_calloc_r)
c:/progra~2/armgnu~1/12977f~1.2mp/bin/../lib/gcc/arm-none-eabi/12.2.1/thumb/v8-m.main+fp/softfp\libg.a(libc_a-malloc.o)
                              CMakeFiles/pico_sensors_minimal.dir/_deps/pico_sdk-src/src/rp2_common/pico_malloc/malloc.c.obj (malloc)
c:/progra~2/armgnu~1/12977f~1.2mp/bin/../lib/gcc/arm-none-eabi/12.2.1/thumb/v8-m.main+fp/softfp\libg.a(libc_a-mallocr.o)
                              c:/progra~2/armgnu~1/12977f~1.2mp/bin/../lib/gcc/arm-none-eabi/12.2.1/thumb/v8-m.main+fp/softfp\libg.a(libc_a-callocr.o) (_malloc_r)
c:/progra~2/armgnu~1/12977f~1.2mp/bin/../lib/gcc/arm-none-eabi/12.2.1/thumb/v8-m.main+fp/softfp\libg.a(libc_a-mlock.o)
                              c:/progra~2/armgnu~1/12977f~1.2mp/bin/../lib/gcc/arm-none-eabi/12.2.1/thumb/v8-m.main+fp/softfp\libg.a(libc_a-mallocr.o) (__malloc_lock)
c:/progra~2/armgnu~1/12977f~1.2mp/bin/../lib/gcc/arm-none-eabi/12.2.1/thumb/v8-m.main+fp/softfp\libg.a(libc_a-realloc.o)
                              CMakeFiles/pico_sensors_minimal.dir/_deps/pico_sdk-src/src/rp2_common/pico_malloc/malloc.c.obj (realloc)
c:/progra~2/armgnu~1/12977f~1.2mp/bin/../lib/gcc/arm-none-eabi/12.2.1/thumb/v8-m.main+fp/softfp\libg.a(libc_a-reallocr.o)
                              c:/progra~2/armgnu~1/12977f~1.2mp/bin/../lib/gcc/arm-none-eabi/12.2.1/thumb/v8-m.main+fp/softfp\libg.a(libc_a-realloc.o) (_realloc_r)
c:/progra~2/armgnu~1/12977f~1.2mp/bin/../lib/gcc/arm-none-eabi/12.2.1/thumb/v8-m.main+fp/softfp\libg.a(libc_a-memcmp.o)
                              CMakeFiles/pico_sensors_minimal.dir/_deps/pico_sdk-src/src/rp2_common/pico_atomic/atomic.c.obj (memcmp)
c:/progra~2/armgnu~1/12977f~1.2mp/bin/../lib/gcc/arm-none-eabi/12.2.1/thumb/v8-m.main+fp/softfp\libg.a(libc_a-memmove.o)
                              c:/progra~2/armgnu~1/12977f~1.2mp/bin/../lib/gcc/arm-none-eabi/12.2.1/thumb/v8-m.main+fp/softfp\libg.a(libc_a-reallocr.o) (memmove)
c:/progra~2/armgnu~1/12977f~1.2mp/bin/../lib/gcc/arm-none-eabi/12.2.1/thumb/v8-m.main+fp/softfp\libg.a(libc_a-memset.o)
                              c:/progra~2/armgnu~1/12977f~1.2mp/bin/../lib/gcc/arm-none-eabi/12.2.1/thumb/v8-m.main+fp/softfp/crt0.o (memset)
c:/progra~2/armgnu~1/12977f~1.2mp/bin/../lib/gcc/arm-none-eabi/12.2.1/thumb/v8-m.main+fp/softfp\libg.a(libc_a-lcltime_r.o)
                              CMakeFiles/pico_sensors_minimal.dir/_deps/pico_sdk-src/src/common/pico_util/datetime.c.obj (localtime_r)
[...]
Memory Configuration

Name             Origin             Length             Attributes
FLASH            0x10000000         0x00400000         xr
RAM              0x20000000         0x00080000         xrw
SCRATCH_X        0x20080000         0x00001000         xrw
SCRATCH_Y        0x20081000         0x00001000         xrw
*default*        0x00000000         0xffffffff

Linker script and memory map

LOAD c:/progra~2/armgnu~1/12977f~1.2mp/bin/../lib/gcc/arm-none-eabi/12.2.1/thumb/v8-m.main+fp/softfp/crti.o
LOAD c:/progra~2/armgnu~1/12977f~1.2mp/bin/../lib/gcc/arm-none-eabi/12.2.1/thumb/v8-m.main+fp/softfp/crtbegin.o
LOAD c:/progra~2/armgnu~1/12977f~1.2mp/bin/../lib/gcc/arm-none-eabi/12.2.1/thumb/v8-m.main+fp/softfp/crt0.o

.flash_begin    0x10000000        0x0
                0x10000000                        __flash_binary_start = .

.text           0x10000000     0x5c20
                0x10000000                        __logical_binary_start = .
 *(.vectors)
 .vectors       0x10000000      0x124 CMakeFiles/pico_sensors_minimal.dir/_deps/pico_sdk-src/src/rp2_common/pico_crt0/crt0.S.obj
                0x10000000                __VECTOR_TABLE
                0x10000000                __vectors
                0x10000110                __unhandled_user_irq
                0x10000110                isr_irq49
                0x10000110                isr_irq13
                0x10000110                isr_irq43
                0x10000110                isr_irq45
                0x10000110                isr_irq27
                0x10000110                isr_irq32
                0x10000110                isr_irq31
                0x10000110                isr_irq12
                0x10000110                isr_irq5
                0x10000110                isr_irq11
                0x10000110                isr_irq3
                0x10000110                isr_irq23
                0x10000110                isr_usagefault
                0x10000110                isr_irq48
                0x10000110                isr_irq30
                0x10000110                isr_irq18
                0x10000110                isr_irq50
                0x10000110                isr_irq33
                0x10000110                isr_irq40
                0x10000110                isr_irq28
                0x10000110                isr_irq19
                0x10000110                isr_irq36
                0x10000110                isr_irq41
                0x10000110                isr_irq0
                0x10000110                isr_irq6
                0x10000110                isr_irq26
                0x10000110                isr_irq29
                0x10000110                isr_memmanage
                0x10000110                isr_irq37
                0x10000110                isr_irq42
                0x10000110                isr_irq22
                0x10000110                isr_irq35
                0x10000110                isr_irq17
                0x10000110                isr_irq38
                0x10000110                isr_irq14
                0x10000110                __vectors_end
                0x10000110                __default_isrs_start
                0x10000110                isr_irq2
                0x10000110                isr_irq10
                0x10000110                isr_irq8
                0x10000110                isr_debugmonitor
                0x10000110                isr_irq24
                0x10000110                isr_irq46
                0x10000110                isr_irq1
                0x10000110                isr_irq47
                0x10000110                isr_irq51
                0x10000110                isr_irq7
                0x10000110                isr_irq21
                0x10000110                isr_irq39
                0x10000110                isr_irq20
                0x10000110                isr_irq15
                0x10000110                isr_irq25
                0x10000110                isr_irq34
                0x10000110                isr_irq44
                0x10000110                isr_securefault
                0x10000110                isr_irq4
                0x10000110                isr_busfault
                0x10000110                isr_irq16
                0x10000110                isr_irq9
                0x10000116                unhandled_user_irq_num_in_r0
                0x10000118                isr_invalid
                0x1000011a                isr_nmi
                0x1000011c                isr_hardfault
                0x1000011e                isr_svcall
                0x10000120                isr_pendsv
                0x10000122                isr_systick
                0x10000124                __default_isrs_end
 *(.binary_info_header)
 .binary_info_header
                0x10000124       0x14 CMakeFiles/pico_sensors_minimal.dir/_deps/pico_sdk-src/src/rp2_common/pico_crt0/crt0.S.obj
                0x10000138                        __binary_info_header_end = .
 *(.embedded_block)
 .embedded_block
                0x10000138       0x14 CMakeFiles/pico_sensors_minimal.dir/_deps/pico_sdk-src/src/rp2_common/pico_crt0/crt0.S.obj
                0x1000014c                        __embedded_block_end = .
 *(.reset)
 .reset         0x1000014c       0x98 CMakeFiles/pico_sensors_minimal.dir/_deps/pico_sdk-src/src/rp2_common/pico_crt0/crt0.S.obj
                0x1000014c                _entry_point
 *(.init)
 .init          0x100001e4        0x4 c:/progra~2/armgnu~1/12977f~1.2mp/bin/../lib/gcc/arm-none-eabi/12.2.1/thumb/v8-m.main+fp/softfp/crti.o
                0x100001e4                _init
 *libgcc.a:cmse_nonsecure_call.o()
 *(EXCLUDE_FILE(*libm.a: *libc.a:*lib_a-mem*.o *libgcc.a:) .text*)
 .text.register_tm_clones
                0x100001e8       0x28 c:/progra~2/armgnu~1/12977f~1.2mp/bin/../lib/gcc/arm-none-eabi/12.2.1/thumb/v8-m.main+fp/softfp/crtbegin.o
 .text.frame_dummy
                0x10000210       0x24 c:/progra~2/armgnu~1/12977f~1.2mp/bin/../lib/gcc/arm-none-eabi/12.2.1/thumb/v8-m.main+fp/softfp/crtbegin.o
 .text.startup.main
                0x10000234       0x24 CMakeFiles/pico_sensors_minimal.dir/src/main_minimal.c.obj
                0x10000234                main
 .text.panic    0x10000258       0x30 CMakeFiles/pico_sensors_minimal.dir/_deps/pico_sdk-src/src/rp2_common/pico_platform_panic/panic.c.obj
                0x10000258                panic
 .text.hw_claim_or_assert
                0x10000288       0x58 CMakeFiles/pico_sensors_minimal.dir/_deps/pico_sdk-src/src/common/hardware_claim/claim.c.obj
                0x10000288                hw_claim_or_assert
 .text.hw_claim_unused_from_range
                0x100002e0       0x9c CMakeFiles/pico_sensors_minimal.dir/_deps/pico_sdk-src/src/common/hardware_claim/claim.c.obj
                0x100002e0                hw_claim_unused_from_range
 .text.next_striped_spin_lock_num
                0x1000037c       0x18 CMakeFiles/pico_sensors_minimal.dir/_deps/pico_sdk-src/src/rp2_common/hardware_sync/sync.c.obj
                0x1000037c                next_striped_spin_lock_num
 .text.spin_lock_claim_unused
                0x10000394       0x20 CMakeFiles/pico_sensors_minimal.dir/_deps/pico_sdk-src/src/rp2_common/hardware_sync/sync.c.obj
                0x10000394                spin_lock_claim_unused
 .text.spinlock_set_extexclall
                0x100003b4       0x10 CMakeFiles/pico_sensors_minimal.dir/_deps/pico_sdk-src/src/rp2_common/hardware_sync_spin_lock/sync_spin_lock.c.obj
 .text.spin_locks_reset
                0x100003c4       0x18 CMakeFiles/pico_sensors_minimal.dir/_deps/pico_sdk-src/src/rp2_common/hardware_sync_spin_lock/sync_spin_lock.c.obj
                0x100003c4                spin_locks_reset
 .text.runtime_init_per_core_irq_priorities
                0x100003dc       0x40 CMakeFiles/pico_sensors_minimal.dir/_deps/pico_sdk-src/src/rp2_common/hardware_irq/irq.c.obj
                0x100003dc                runtime_init_per_core_irq_priorities
 .text.irq_set_enabled
                0x1000041c       0x2c CMakeFiles/pico_sensors_minimal.dir/_deps/pico_sdk-src/src/rp2_common/hardware_irq/irq.c.obj
                0x1000041c                irq_set_enabled
 .text.irq_is_enabled
                0x10000448       0x20 CMakeFiles/pico_sensors_minimal.dir/_deps/pico_sdk-src/src/rp2_common/hardware_irq/irq.c.obj
                0x10000448                irq_is_enabled
 .text.irq_set_pending
                0x10000468       0x18 CMakeFiles/pico_sensors_minimal.dir/_deps/pico_sdk-src/src/rp2_common/hardware_irq/irq.c.obj
                0x10000468                irq_set_pending
 .text.irq_has_shared_handler
                0x10000480       0x20 CMakeFiles/pico_sensors_minimal.dir/_deps/pico_sdk-src/src/rp2_common/hardware_irq/irq.c.obj
                0x10000480                irq_has_shared_handler
 .text.irq_set_exclusive_handler
                0x100004a0       0x60 CMakeFiles/pico_sensors_minimal.dir/_deps/pico_sdk-src/src/rp2_common/hardware_irq/irq.c.obj
                0x100004a0                irq_set_exclusive_handler
 .text.irq_add_shared_handler
                0x10000500      0x1e8 CMakeFiles/pico_sensors_minimal.dir/_deps/pico_sdk-src/src/rp2_common/hardware_irq/irq.c.obj
                0x10000500                irq_add_shared_handler
 .text.irq_add_tail_to_free_list
                0x100006e8       0xbc CMakeFiles/pico_sensors_minimal.dir/_deps/pico_sdk-src/src/rp2_common/hardware_irq/irq.c.obj
                0x100006e8                irq_add_tail_to_free_list
 .text.user_irq_claim_unused
                0x100007a4       0x28 CMakeFiles/pico_sensors_minimal.dir/_deps/pico_sdk-src/src/rp2_common/hardware_irq/irq.c.obj
                0x100007a4                user_irq_claim_unused
 .text.lock_init
                0x100007cc        0xc CMakeFiles/pico_sensors_minimal.dir/_deps/pico_sdk-src/src/common/pico_sync/lock_core.c.obj
                0x100007cc                lock_init
 .text.runtime_init_mutex
                0x100007d8       0x5c CMakeFiles/pico_sensors_minimal.dir/_deps/pico_sdk-src/src/common/pico_sync/mutex.c.obj
                0x100007d8                runtime_init_mutex
 .text.mutex_init
                0x10000834       0x1c CMakeFiles/pico_sensors_minimal.dir/_deps/pico_sdk-src/src/common/pico_sync/mutex.c.obj
                0x10000834                mutex_init
 .text.critical_section_init
                0x10000850       0x1c CMakeFiles/pico_sensors_minimal.dir/_deps/pico_sdk-src/src/common/pico_sync/critical_section.c.obj
                0x10000850                critical_section_init
 .text.critical_section_init_with_lock_num
                0x1000086c       0x10 CMakeFiles/pico_sensors_minimal.dir/_deps/pico_sdk-src/src/common/pico_sync/critical_section.c.obj
                0x1000086c                critical_section_init_with_lock_num
 .text.sleep_until_callback
                0x1000087c       0x3c CMakeFiles/pico_sensors_minimal.dir/_deps/pico_sdk-src/src/common/pico_time/time.c.obj
 .text.alarm_pool_irq_handler
                0x100008b8      0x2e8 CMakeFiles/pico_sensors_minimal.dir/_deps/pico_sdk-src/src/common/pico_time/time.c.obj
 .text.runtime_init_default_alarm_pool
                0x10000ba0      0x100 CMakeFiles/pico_sensors_minimal.dir/_deps/pico_sdk-src/src/common/pico_time/time.c.obj
                0x10000ba0                runtime_init_default_alarm_pool
 .text.alarm_pool_get_default
                0x10000ca0        0x8 CMakeFiles/pico_sensors_minimal.dir/_deps/pico_sdk-src/src/common/pico_time/time.c.obj
                0x10000ca0                alarm_pool_get_default
 .text.alarm_pool_add_alarm_at
                0x10000ca8       0xdc CMakeFiles/pico_sensors_minimal.dir/_deps/pico_sdk-src/src/common/pico_time/time.c.obj
                0x10000ca8                alarm_pool_add_alarm_at
 .text.alarm_pool_add_alarm_at_force_in_context
                0x10000d84       0xc8 CMakeFiles/pico_sensors_minimal.dir/_deps/pico_sdk-src/src/common/pico_time/time.c.obj
                0x10000d84                alarm_pool_add_alarm_at_force_in_context
 .text.alarm_pool_cancel_alarm
                0x10000e4c       0x80 CMakeFiles/pico_sensors_minimal.dir/_deps/pico_sdk-src/src/common/pico_time/time.c.obj
                0x10000e4c                alarm_pool_cancel_alarm
 .text.alarm_pool_core_num
                0x10000ecc        0x4 CMakeFiles/pico_sensors_minimal.dir/_deps/pico_sdk-src/src/common/pico_time/time.c.obj
                0x10000ecc                alarm_pool_core_num
 .text.sleep_until
                0x10000ed0       0xbc CMakeFiles/pico_sensors_minimal.dir/_deps/pico_sdk-src/src/common/pico_time/time.c.obj
                0x10000ed0                sleep_until
 .text.sleep_ms
                0x10000f8c       0x2c CMakeFiles/pico_sensors_minimal.dir/_deps/pico_sdk-src/src/common/pico_time/time.c.obj
                0x10000f8c                sleep_ms
 .text.best_effort_wfe_or_timeout
                0x10000fb8       0xbc CMakeFiles/pico_sensors_minimal.dir/_deps/pico_sdk-src/src/common/pico_time/time.c.obj
                0x10000fb8                best_effort_wfe_or_timeout
 .text.timer_hardware_alarm_claim
                0x10001074       0x24 CMakeFiles/pico_sensors_minimal.dir/_deps/pico_sdk-src/src/rp2_common/hardware_timer/timer.c.obj
                0x10001074                timer_hardware_alarm_claim
 .text.timer_time_us_64
                0x10001098       0x10 CMakeFiles/pico_sensors_minimal.dir/_deps/pico_sdk-src/src/rp2_common/hardware_timer/timer.c.obj
                0x10001098                timer_time_us_64
 .text.time_us_64
                0x100010a8       0x14 CMakeFiles/pico_sensors_minimal.dir/_deps/pico_sdk-src/src/rp2_common/hardware_timer/timer.c.obj
                0x100010a8                time_us_64
 .text.busy_wait_until
                0x100010bc       0x24 CMakeFiles/pico_sensors_minimal.dir/_deps/pico_sdk-src/src/rp2_common/hardware_timer/timer.c.obj
                0x100010bc                busy_wait_until
 .text.clock_configure_undivided
                0x100010e0       0xcc CMakeFiles/pico_sensors_minimal.dir/_deps/pico_sdk-src/src/rp2_common/hardware_clocks/clocks.c.obj
                0x100010e0                clock_configure_undivided
 .text.clock_get_hz
                0x100011ac        0xc CMakeFiles/pico_sensors_minimal.dir/_deps/pico_sdk-src/src/rp2_common/hardware_clocks/clocks.c.obj
                0x100011ac                clock_get_hz
 .text.pll_init
                0x100011b8       0x8c CMakeFiles/pico_sensors_minimal.dir/_deps/pico_sdk-src/src/rp2_common/hardware_pll/pll.c.obj
                0x100011b8                pll_init
 .text.watchdog_reboot
                0x10001244       0x98 CMakeFiles/pico_sensors_minimal.dir/_deps/pico_sdk-src/src/rp2_common/hardware_watchdog/watchdog.c.obj
                0x10001244                watchdog_reboot
 .text.tick_start
                0x100012dc       0x18 CMakeFiles/pico_sensors_minimal.dir/_deps/pico_sdk-src/src/rp2_common/hardware_ticks/ticks.c.obj
                0x100012dc                tick_start
 .text.rom_reboot.constprop.0.isra.0
                0x100012f4       0x34 CMakeFiles/pico_sensors_minimal.dir/_deps/pico_sdk-src/src/rp2_common/pico_bootrom/bootrom.c.obj
 .text.rom_func_lookup
                0x10001328       0x18 CMakeFiles/pico_sensors_minimal.dir/_deps/pico_sdk-src/src/rp2_common/pico_bootrom/bootrom.c.obj
                0x10001328                rom_func_lookup
 .text.rom_reset_usb_boot_extra
                0x10001340       0x1c CMakeFiles/pico_sensors_minimal.dir/_deps/pico_sdk-src/src/rp2_common/pico_bootrom/bootrom.c.obj
                0x10001340                rom_reset_usb_boot_extra
 .text.runtime_init_bootrom_locking_enable
                0x1000135c       0x14 CMakeFiles/pico_sensors_minimal.dir/_deps/pico_sdk-src/src/rp2_common/pico_bootrom/bootrom_lock.c.obj
                0x1000135c                runtime_init_bootrom_locking_enable
 .text.runtime_init_boot_locks_reset
                0x10001370       0x1c CMakeFiles/pico_sensors_minimal.dir/_deps/pico_sdk-src/src/rp2_common/hardware_boot_lock/boot_lock.c.obj
                0x10001370                runtime_init_boot_locks_reset
 .text.xosc_init
                0x1000138c       0x30 CMakeFiles/pico_sensors_minimal.dir/_deps/pico_sdk-src/src/rp2_common/hardware_xosc/xosc.c.obj
                0x1000138c                xosc_init
 .text.first_per_core_initializer
                0x100013bc        0x4 CMakeFiles/pico_sensors_minimal.dir/_deps/pico_sdk-src/src/rp2_common/pico_runtime/runtime.c.obj
 .text.hard_assertion_failure
                0x100013c0        0xc CMakeFiles/pico_sensors_minimal.dir/_deps/pico_sdk-src/src/rp2_common/pico_runtime/runtime.c.obj
                0x100013c0                hard_assertion_failure
 .text.runtime_run_initializers
                0x100013cc       0x20 CMakeFiles/pico_sensors_minimal.dir/_deps/pico_sdk-src/src/rp2_common/pico_runtime/runtime.c.obj
                0x100013cc                runtime_run_initializers
 .text.runtime_init_early_resets
                0x100013ec       0x34 CMakeFiles/pico_sensors_minimal.dir/_deps/pico_sdk-src/src/rp2_common/pico_runtime_init/runtime_init.c.obj
                0x100013ec                runtime_init_early_resets
 .text.runtime_init_usb_power_down
                0x10001420       0x1c CMakeFiles/pico_sensors_minimal.dir/_deps/pico_sdk-src/src/rp2_common/pico_runtime_init/runtime_init.c.obj
                0x10001420                runtime_init_usb_power_down
 .text.runtime_init_per_core_enable_coprocessors
                0x1000143c       0x1c CMakeFiles/pico_sensors_minimal.dir/_deps/pico_sdk-src/src/rp2_common/pico_runtime_init/runtime_init.c.obj
                0x1000143c                runtime_init_per_core_enable_coprocessors
 .text.runtime_init_post_clock_resets
                0x10001458       0x20 CMakeFiles/pico_sensors_minimal.dir/_deps/pico_sdk-src/src/rp2_common/pico_runtime_init/runtime_init.c.obj
                0x10001458                runtime_init_post_clock_resets
 .text.runtime_init_bootrom_reset
                0x10001478       0x14 CMakeFiles/pico_sensors_minimal.dir/_deps/pico_sdk-src/src/rp2_common/pico_runtime_init/runtime_init.c.obj
                0x10001478                runtime_init_bootrom_reset
 .text.runtime_init_per_core_bootrom_reset
                0x1000148c       0x14 CMakeFiles/pico_sensors_minimal.dir/_deps/pico_sdk-src/src/rp2_common/pico_runtime_init/runtime_init.c.obj
                0x1000148c                runtime_init_per_core_bootrom_reset
 .text.runtime_init_spin_locks_reset
                0x100014a0        0x4 CMakeFiles/pico_sensors_minimal.dir/_deps/pico_sdk-src/src/rp2_common/pico_runtime_init/runtime_init.c.obj
                0x100014a0                runtime_init_spin_locks_reset
 .text.runtime_init_install_ram_vector_table
                0x100014a4       0x74 CMakeFiles/pico_sensors_minimal.dir/_deps/pico_sdk-src/src/rp2_common/pico_runtime_init/runtime_init.c.obj
                0x100014a4                runtime_init_install_ram_vector_table
 .text.runtime_init_clocks
                0x10001518       0xdc CMakeFiles/pico_sensors_minimal.dir/_deps/pico_sdk-src/src/rp2_common/pico_runtime_init/runtime_init_clocks.c.obj
                0x10001518                runtime_init_clocks
 .text.__rp2350_dcp_engaged_state_save_restore
                0x100015f4       0x3a CMakeFiles/pico_sensors_minimal.dir/_deps/pico_sdk-src/src/rp2_common/pico_double/double_aeabi_dcp.S.obj
 *fill*         0x1000162e        0x2 
 .text.__wrap___aeabi_dadd
                0x10001630       0x28 CMakeFiles/pico_sensors_minimal.dir/_deps/pico_sdk-src/src/rp2_common/pico_double/double_aeabi_dcp.S.obj
                0x10001638                __wrap___aeabi_dadd
 .text.__wrap___aeabi_dsub
                0x10001658       0x28 CMakeFiles/pico_sensors_minimal.dir/_deps/pico_sdk-src/src/rp2_common/pico_double/double_aeabi_dcp.S.obj
                0x10001660                __wrap___aeabi_dsub
 .text.__wrap___aeabi_dmul
                0x10001680       0x4c CMakeFiles/pico_sensors_minimal.dir/_deps/pico_sdk-src/src/rp2_common/pico_double/double_aeabi_dcp.S.obj
                0x10001688                __wrap___aeabi_dmul
 .text.__wrap___aeabi_ddiv
                0x100016cc       0x9c CMakeFiles/pico_sensors_minimal.dir/_deps/pico_sdk-src/src/rp2_common/pico_double/double_aeabi_dcp.S.obj
                0x100016d4                __wrap___aeabi_ddiv
 .text.__wrap___aeabi_i2d
                0x10001768       0x24 CMakeFiles/pico_sensors_minimal.dir/_deps/pico_sdk-src/src/rp2_common/pico_double/double_aeabi_dcp.S.obj
                0x10001770                int2double
                0x10001770                __wrap___aeabi_i2d
 .text.__wrap___aeabi_ui2d
                0x1000178c       0x24 CMakeFiles/pico_sensors_minimal.dir/_deps/pico_sdk-src/src/rp2_common/pico_double/double_aeabi_dcp.S.obj
                0x10001794                uint2double
                0x10001794                __wrap___aeabi_ui2d
 .text.__wrap___aeabi_d2iz
                0x100017b0       0x24 CMakeFiles/pico_sensors_minimal.dir/_deps/pico_sdk-src/src/rp2_common/pico_double/double_aeabi_dcp.S.obj
                0x100017b8                double2int_z
                0x100017b8                __wrap___aeabi_d2iz
 .text.__wrap___aeabi_d2uiz
                0x100017d4       0x24 CMakeFiles/pico_sensors_minimal.dir/_deps/pico_sdk-src/src/rp2_common/pico_double/double_aeabi_dcp.S.obj
                0x100017dc                double2uint
                0x100017dc                __wrap___aeabi_d2uiz
                0x100017dc                double2uint_z
 .text.__wrap___aeabi_dcmpun
                0x100017f8       0x24 CMakeFiles/pico_sensors_minimal.dir/_deps/pico_sdk-src/src/rp2_common/pico_double/double_aeabi_dcp.S.obj
                0x10001800                __wrap___aeabi_dcmpun
 .text.__wrap___aeabi_dcmplt
                0x1000181c       0x28 CMakeFiles/pico_sensors_minimal.dir/_deps/pico_sdk-src/src/rp2_common/pico_double/double_aeabi_dcp.S.obj
                0x10001824                __wrap___aeabi_dcmplt
 .text.__wrap___aeabi_dcmpge
                0x10001844       0x28 CMakeFiles/pico_sensors_minimal.dir/_deps/pico_sdk-src/src/rp2_common/pico_double/double_aeabi_dcp.S.obj
                0x1000184c                __wrap___aeabi_dcmpge
 .text.__wrap___aeabi_dcmpgt
                0x1000186c       0x28 CMakeFiles/pico_sensors_minimal.dir/_deps/pico_sdk-src/src/rp2_common/pico_double/double_aeabi_dcp.S.obj
                0x10001874                __wrap___aeabi_dcmpgt
 .text._out_null
                0x10001894        0x4 CMakeFiles/pico_sensors_minimal.dir/_deps/pico_sdk-src/src/rp2_common/pico_printf/printf.c.obj
 .text._out_rev
                0x10001898       0x98 CMakeFiles/pico_sensors_minimal.dir/_deps/pico_sdk-src/src/rp2_common/pico_printf/printf.c.obj
 .text._ntoa_format
                0x10001930      0x2ac CMakeFiles/pico_sensors_minimal.dir/_deps/pico_sdk-src/src/rp2_common/pico_printf/printf.c.obj
 .text._out_char
                0x10001bdc        0x8 CMakeFiles/pico_sensors_minimal.dir/_deps/pico_sdk-src/src/rp2_common/pico_printf/printf.c.obj
 .text._out_fct
                0x10001be4        0xc CMakeFiles/pico_sensors_minimal.dir/_deps/pico_sdk-src/src/rp2_common/pico_printf/printf.c.obj
 .text._etoa    0x10001bf0      0x460 CMakeFiles/pico_sensors_minimal.dir/_deps/pico_sdk-src/src/rp2_common/pico_printf/printf.c.obj
 .text._ftoa    0x10002050      0x3f8 CMakeFiles/pico_sensors_minimal.dir/_deps/pico_sdk-src/src/rp2_common/pico_printf/printf.c.obj
 .text._vsnprintf
                0x10002448      0x9e4 CMakeFiles/pico_sensors_minimal.dir/_deps/pico_sdk-src/src/rp2_common/pico_printf/printf.c.obj
 .text.vfctprintf
                0x10002e2c       0x28 CMakeFiles/pico_sensors_minimal.dir/_deps/pico_sdk-src/src/rp2_common/pico_printf/printf.c.obj
                0x10002e2c                vfctprintf
 .text.weak_raw_vprintf
                0x10002e54       0x30 CMakeFiles/pico_sensors_minimal.dir/_deps/pico_sdk-src/src/rp2_common/pico_printf/printf.c.obj
                0x10002e54                weak_raw_vprintf
 .text._exit    0x10002e84        0x4 CMakeFiles/pico_sensors_minimal.dir/_deps/pico_sdk-src/src/rp2_common/pico_clib_interface/newlib_interface.c.obj
                0x10002e84                _exit
 .text.exit     0x10002e88        0x8 CMakeFiles/pico_sensors_minimal.dir/_deps/pico_sdk-src/src/rp2_common/pico_clib_interface/newlib_interface.c.obj
                0x10002e88                exit
 .text.runtime_init
                0x10002e90       0x24 CMakeFiles/pico_sensors_minimal.dir/_deps/pico_sdk-src/src/rp2_common/pico_clib_interface/newlib_interface.c.obj
                0x10002e90                runtime_init
 .text.stdio_out_chars_no_crlf
                0x10002eb4        0x8 CMakeFiles/pico_sensors_minimal.dir/_deps/pico_sdk-src/src/rp2_common/pico_stdio/stdio.c.obj
 .text.stdio_out_chars_crlf
                0x10002ebc       0xa4 CMakeFiles/pico_sensors_minimal.dir/_deps/pico_sdk-src/src/rp2_common/pico_stdio/stdio.c.obj
 .text.stdio_buffered_printer
                0x10002f60       0x60 CMakeFiles/pico_sensors_minimal.dir/_deps/pico_sdk-src/src/rp2_common/pico_stdio/stdio.c.obj
 .text.stdio_put_string
                0x10002fc0       0xf0 CMakeFiles/pico_sensors_minimal.dir/_deps/pico_sdk-src/src/rp2_common/pico_stdio/stdio.c.obj
                0x10002fc0                stdio_put_string
 .text.stdio_set_driver_enabled
                0x100030b0       0x28 CMakeFiles/pico_sensors_minimal.dir/_deps/pico_sdk-src/src/rp2_common/pico_stdio/stdio.c.obj
                0x100030b0                stdio_set_driver_enabled
 .text.stdio_init_all
                0x100030d8        0x4 CMakeFiles/pico_sensors_minimal.dir/_deps/pico_sdk-src/src/rp2_common/pico_stdio/stdio.c.obj
                0x100030d8                stdio_init_all
 .text.__wrap_putchar
                0x100030dc       0x84 CMakeFiles/pico_sensors_minimal.dir/_deps/pico_sdk-src/src/rp2_common/pico_stdio/stdio.c.obj
                0x100030dc                __wrap_putchar
                0x100030dc                stdio_putchar
 .text.__wrap_puts
                0x10003160       0x3c CMakeFiles/pico_sensors_minimal.dir/_deps/pico_sdk-src/src/rp2_common/pico_stdio/stdio.c.obj
                0x10003160                stdio_puts
                0x10003160                __wrap_puts
 .text.__wrap_vprintf
                0x1000319c       0xc8 CMakeFiles/pico_sensors_minimal.dir/_deps/pico_sdk-src/src/rp2_common/pico_stdio/stdio.c.obj
                0x1000319c                stdio_vprintf
                0x1000319c                __wrap_vprintf
 .text.__wrap_printf
                0x10003264       0x1c CMakeFiles/pico_sensors_minimal.dir/_deps/pico_sdk-src/src/rp2_common/pico_stdio/stdio.c.obj
                0x10003264                __wrap_printf
                0x10003264                stdio_printf
 .text.resetd_init
                0x10003280        0x4 CMakeFiles/pico_sensors_minimal.dir/_deps/pico_sdk-src/src/rp2_common/pico_stdio_usb/reset_interface.c.obj
 .text.resetd_reset
                0x10003284        0xc CMakeFiles/pico_sensors_minimal.dir/_deps/pico_sdk-src/src/rp2_common/pico_stdio_usb/reset_interface.c.obj
 .text.resetd_open
                0x10003290       0x28 CMakeFiles/pico_sensors_minimal.dir/_deps/pico_sdk-src/src/rp2_common/pico_stdio_usb/reset_interface.c.obj
 .text.resetd_xfer_cb
                0x100032b8        0x4 CMakeFiles/pico_sensors_minimal.dir/_deps/pico_sdk-src/src/rp2_common/pico_stdio_usb/reset_interface.c.obj
 .text.resetd_control_xfer_cb
                0x100032bc       0x50 CMakeFiles/pico_sensors_minimal.dir/_deps/pico_sdk-src/src/rp2_common/pico_stdio_usb/reset_interface.c.obj
 .text.tud_descriptor_bos_cb
                0x1000330c        0x8 CMakeFiles/pico_sensors_minimal.dir/_deps/pico_sdk-src/src/rp2_common/pico_stdio_usb/reset_interface.c.obj
                0x1000330c                tud_descriptor_bos_cb
 .text.tud_vendor_control_xfer_cb
                0x10003314       0x28 CMakeFiles/pico_sensors_minimal.dir/_deps/pico_sdk-src/src/rp2_common/pico_stdio_usb/reset_interface.c.obj
                0x10003314                tud_vendor_control_xfer_cb
 .text.usbd_app_driver_get_cb
                0x1000333c       0x10 CMakeFiles/pico_sensors_minimal.dir/_deps/pico_sdk-src/src/rp2_common/pico_stdio_usb/reset_interface.c.obj
                0x1000333c                usbd_app_driver_get_cb
 .text.tud_cdc_line_coding_cb
                0x1000334c       0x18 CMakeFiles/pico_sensors_minimal.dir/_deps/pico_sdk-src/src/rp2_common/pico_stdio_usb/reset_interface.c.obj
                0x1000334c                tud_cdc_line_coding_cb
 .text.stdio_usb_set_chars_available_callback
                0x10003364       0x14 CMakeFiles/pico_sensors_minimal.dir/_deps/pico_sdk-src/src/rp2_common/pico_stdio_usb/stdio_usb.c.obj
                0x10003364                stdio_usb_set_chars_available_callback
 .text.timer_task
                0x10003378       0x70 CMakeFiles/pico_sensors_minimal.dir/_deps/pico_sdk-src/src/rp2_common/pico_stdio_usb/stdio_usb.c.obj
 .text.usb_irq  0x100033e8        0xc CMakeFiles/pico_sensors_minimal.dir/_deps/pico_sdk-src/src/rp2_common/pico_stdio_usb/stdio_usb.c.obj
 .text.stdio_usb_in_chars
                0x100033f4       0x88 CMakeFiles/pico_sensors_minimal.dir/_deps/pico_sdk-src/src/rp2_common/pico_stdio_usb/stdio_usb.c.obj
                0x100033f4                stdio_usb_in_chars
 .text.stdio_usb_out_flush
                0x1000347c       0x54 CMakeFiles/pico_sensors_minimal.dir/_deps/pico_sdk-src/src/rp2_common/pico_stdio_usb/stdio_usb.c.obj
 .text.stdio_usb_out_chars
                0x100034d0       0xf8 CMakeFiles/pico_sensors_minimal.dir/_deps/pico_sdk-src/src/rp2_common/pico_stdio_usb/stdio_usb.c.obj
 .text.low_priority_worker_irq
                0x100035c8       0xd8 CMakeFiles/pico_sensors_minimal.dir/_deps/pico_sdk-src/src/rp2_common/pico_stdio_usb/stdio_usb.c.obj
 .text.stdio_usb_init
                0x100036a0       0xe8 CMakeFiles/pico_sensors_minimal.dir/_deps/pico_sdk-src/src/rp2_common/pico_stdio_usb/stdio_usb.c.obj
                0x100036a0                stdio_usb_init
 .text.tud_descriptor_device_cb
                0x10003788        0x8 CMakeFiles/pico_sensors_minimal.dir/_deps/pico_sdk-src/src/rp2_common/pico_stdio_usb/stdio_usb_descriptors.c.obj
                0x10003788                tud_descriptor_device_cb
 .text.tud_descriptor_configuration_cb
                0x10003790        0x8 CMakeFiles/pico_sensors_minimal.dir/_deps/pico_sdk-src/src/rp2_common/pico_stdio_usb/stdio_usb_descriptors.c.obj
                0x10003790                tud_descriptor_configuration_cb
 .text.tud_descriptor_string_cb
                0x10003798       0x70 CMakeFiles/pico_sensors_minimal.dir/_deps/pico_sdk-src/src/rp2_common/pico_stdio_usb/stdio_usb_descriptors.c.obj
                0x10003798                tud_descriptor_string_cb
 .text.startup._retrieve_unique_id_on_boot
                0x10003808       0x30 CMakeFiles/pico_sensors_minimal.dir/_deps/pico_sdk-src/src/rp2_common/pico_unique_id/unique_id.c.obj
 .text.pico_get_unique_board_id_string
                0x10003838      0x184 CMakeFiles/pico_sensors_minimal.dir/_deps/pico_sdk-src/src/rp2_common/pico_unique_id/unique_id.c.obj
                0x10003838                pico_get_unique_board_id_string
 .text.dcd_init
                0x100039bc       0x94 CMakeFiles/pico_sensors_minimal.dir/_deps/pico_sdk-src/lib/tinyusb/src/portable/raspberrypi/rp2040/dcd_rp2040.c.obj
                0x100039bc                dcd_init
 .text.dcd_int_enable
                0x10003a50        0x8 CMakeFiles/pico_sensors_minimal.dir/_deps/pico_sdk-src/lib/tinyusb/src/portable/raspberrypi/rp2040/dcd_rp2040.c.obj
                0x10003a50                dcd_int_enable
 .text.dcd_set_address
                0x10003a58       0x10 CMakeFiles/pico_sensors_minimal.dir/_deps/pico_sdk-src/lib/tinyusb/src/portable/raspberrypi/rp2040/dcd_rp2040.c.obj
                0x10003a58                dcd_set_address
 .text.dcd_sof_enable
                0x10003a68       0x1c CMakeFiles/pico_sensors_minimal.dir/_deps/pico_sdk-src/lib/tinyusb/src/portable/raspberrypi/rp2040/dcd_rp2040.c.obj
                0x10003a68                dcd_sof_enable
 .text.dcd_edpt0_status_complete
                0x10003a84       0x1c CMakeFiles/pico_sensors_minimal.dir/_deps/pico_sdk-src/lib/tinyusb/src/portable/raspberrypi/rp2040/dcd_rp2040.c.obj
                0x10003a84                dcd_edpt0_status_complete
 .text.dcd_edpt_open
                0x10003aa0      0x108 CMakeFiles/pico_sensors_minimal.dir/_deps/pico_sdk-src/lib/tinyusb/src/portable/raspberrypi/rp2040/dcd_rp2040.c.obj
                0x10003aa0                dcd_edpt_open
 .text.dcd_edpt_close_all
                0x10003ba8        0x4 CMakeFiles/pico_sensors_minimal.dir/_deps/pico_sdk-src/lib/tinyusb/src/portable/raspberrypi/rp2040/dcd_rp2040.c.obj
                0x10003ba8                dcd_edpt_close_all
 .text.dcd_edpt_xfer
                0x10003bac       0x28 CMakeFiles/pico_sensors_minimal.dir/_deps/pico_sdk-src/lib/tinyusb/src/portable/raspberrypi/rp2040/dcd_rp2040.c.obj
                0x10003bac                dcd_edpt_xfer
 .text.dcd_edpt_stall
                0x10003bd4       0x2c CMakeFiles/pico_sensors_minimal.dir/_deps/pico_sdk-src/lib/tinyusb/src/portable/raspberrypi/rp2040/dcd_rp2040.c.obj
                0x10003bd4                dcd_edpt_stall
 .text.dcd_edpt_clear_stall
                0x10003c00       0x2c CMakeFiles/pico_sensors_minimal.dir/_deps/pico_sdk-src/lib/tinyusb/src/portable/raspberrypi/rp2040/dcd_rp2040.c.obj
                0x10003c00                dcd_edpt_clear_stall
 .text.rp2040_usb_init
                0x10003c2c       0x40 CMakeFiles/pico_sensors_minimal.dir/_deps/pico_sdk-src/lib/tinyusb/src/portable/raspberrypi/rp2040/rp2040_usb.c.obj
                0x10003c2c                rp2040_usb_init
 .text.hw_endpoint_xfer_start
                0x10003c6c       0x40 CMakeFiles/pico_sensors_minimal.dir/_deps/pico_sdk-src/lib/tinyusb/src/portable/raspberrypi/rp2040/rp2040_usb.c.obj
                0x10003c6c                hw_endpoint_xfer_start
 .text.configuration_reset
                0x10003cac       0x8c CMakeFiles/pico_sensors_minimal.dir/_deps/pico_sdk-src/lib/tinyusb/src/device/usbd.c.obj
 .text.tud_event_hook_cb
                0x10003d38        0x4 CMakeFiles/pico_sensors_minimal.dir/_deps/pico_sdk-src/lib/tinyusb/src/device/usbd.c.obj
                0x10003d38                tud_event_hook_cb
 .text.tud_sof_cb
                0x10003d3c        0x4 CMakeFiles/pico_sensors_minimal.dir/_deps/pico_sdk-src/lib/tinyusb/src/device/usbd.c.obj
                0x10003d3c                tud_sof_cb
 .text.tud_descriptor_device_qualifier_cb
                0x10003d40        0x4 CMakeFiles/pico_sensors_minimal.dir/_deps/pico_sdk-src/lib/tinyusb/src/device/usbd.c.obj
                0x10003d40                tud_descriptor_device_qualifier_cb
 .text.tud_descriptor_other_speed_configuration_cb
                0x10003d44        0x4 CMakeFiles/pico_sensors_minimal.dir/_deps/pico_sdk-src/lib/tinyusb/src/device/usbd.c.obj
                0x10003d44                tud_descriptor_other_speed_configuration_cb
 .text.tud_mount_cb
                0x10003d48        0x4 CMakeFiles/pico_sensors_minimal.dir/_deps/pico_sdk-src/lib/tinyusb/src/device/usbd.c.obj
                0x10003d48                tud_mount_cb
 .text.tud_umount_cb
                0x10003d4c        0x4 CMakeFiles/pico_sensors_minimal.dir/_deps/pico_sdk-src/lib/tinyusb/src/device/usbd.c.obj
                0x10003d4c                tud_umount_cb
 .text.tud_suspend_cb
                0x10003d50        0x4 CMakeFiles/pico_sensors_minimal.dir/_deps/pico_sdk-src/lib/tinyusb/src/device/usbd.c.obj
                0x10003d50                tud_suspend_cb
 .text.tud_resume_cb
                0x10003d54        0x4 CMakeFiles/pico_sensors_minimal.dir/_deps/pico_sdk-src/lib/tinyusb/src/device/usbd.c.obj
                0x10003d54                tud_resume_cb
 .text.tud_mounted
                0x10003d58       0x10 CMakeFiles/pico_sensors_minimal.dir/_deps/pico_sdk-src/lib/tinyusb/src/device/usbd.c.obj
                0x10003d58                tud_mounted
 .text.tud_suspended
                0x10003d68       0x10 CMakeFiles/pico_sensors_minimal.dir/_deps/pico_sdk-src/lib/tinyusb/src/device/usbd.c.obj
                0x10003d68                tud_suspended
 .text.tud_rhport_init
                0x10003d78       0xf8 CMakeFiles/pico_sensors_minimal.dir/_deps/pico_sdk-src/lib/tinyusb/src/device/usbd.c.obj
                0x10003d78                tud_rhport_init
 .text.tud_task_ext
                0x10003e70      0x7a4 CMakeFiles/pico_sensors_minimal.dir/_deps/pico_sdk-src/lib/tinyusb/src/device/usbd.c.obj
                0x10003e70                tud_task_ext
 .text.usbd_open_edpt_pair
                0x10004614       0x9c CMakeFiles/pico_sensors_minimal.dir/_deps/pico_sdk-src/lib/tinyusb/src/device/usbd.c.obj
                0x10004614                usbd_open_edpt_pair
 .text.usbd_edpt_open
                0x100046b0       0x44 CMakeFiles/pico_sensors_minimal.dir/_deps/pico_sdk-src/lib/tinyusb/src/device/usbd.c.obj
                0x100046b0                usbd_edpt_open
 .text.usbd_edpt_claim
                0x100046f4       0x24 CMakeFiles/pico_sensors_minimal.dir/_deps/pico_sdk-src/lib/tinyusb/src/device/usbd.c.obj
                0x100046f4                usbd_edpt_claim
 .text.usbd_edpt_release
                0x10004718       0x24 CMakeFiles/pico_sensors_minimal.dir/_deps/pico_sdk-src/lib/tinyusb/src/device/usbd.c.obj
                0x10004718                usbd_edpt_release
 .text.usbd_edpt_xfer
                0x1000473c       0x70 CMakeFiles/pico_sensors_minimal.dir/_deps/pico_sdk-src/lib/tinyusb/src/device/usbd.c.obj
                0x1000473c                usbd_edpt_xfer
 .text.tud_control_status
                0x100047ac       0x34 CMakeFiles/pico_sensors_minimal.dir/_deps/pico_sdk-src/lib/tinyusb/src/device/usbd_control.c.obj
                0x100047ac                tud_control_status
 .text.tud_control_xfer
                0x100047e0       0xac CMakeFiles/pico_sensors_minimal.dir/_deps/pico_sdk-src/lib/tinyusb/src/device/usbd_control.c.obj
                0x100047e0                tud_control_xfer
 .text.usbd_control_reset
                0x1000488c       0x14 CMakeFiles/pico_sensors_minimal.dir/_deps/pico_sdk-src/lib/tinyusb/src/device/usbd_control.c.obj
                0x1000488c                usbd_control_reset
 .text.usbd_control_set_complete_callback
                0x100048a0        0xc CMakeFiles/pico_sensors_minimal.dir/_deps/pico_sdk-src/lib/tinyusb/src/device/usbd_control.c.obj
                0x100048a0                usbd_control_set_complete_callback
 .text.usbd_control_set_request
                0x100048ac       0x1c CMakeFiles/pico_sensors_minimal.dir/_deps/pico_sdk-src/lib/tinyusb/src/device/usbd_control.c.obj
                0x100048ac                usbd_control_set_request
 .text.usbd_control_xfer_cb
                0x100048c8       0xfc CMakeFiles/pico_sensors_minimal.dir/_deps/pico_sdk-src/lib/tinyusb/src/device/usbd_control.c.obj
                0x100048c8                usbd_control_xfer_cb
 .text._prep_out_transaction.isra.0
                0x100049c4       0x74 CMakeFiles/pico_sensors_minimal.dir/_deps/pico_sdk-src/lib/tinyusb/src/class/cdc/cdc_device.c.obj
 .text.tud_cdc_n_connected
                0x10004a38       0x2c CMakeFiles/pico_sensors_minimal.dir/_deps/pico_sdk-src/lib/tinyusb/src/class/cdc/cdc_device.c.obj
                0x10004a38                tud_cdc_n_connected
 .text.tud_cdc_n_available
                0x10004a64       0x18 CMakeFiles/pico_sensors_minimal.dir/_deps/pico_sdk-src/lib/tinyusb/src/class/cdc/cdc_device.c.obj
                0x10004a64                tud_cdc_n_available
 .text.tud_cdc_n_read
                0x10004a7c       0x8c CMakeFiles/pico_sensors_minimal.dir/_deps/pico_sdk-src/lib/tinyusb/src/class/cdc/cdc_device.c.obj
                0x10004a7c                tud_cdc_n_read
 .text.tud_cdc_n_write_flush
                0x10004b08       0x8c CMakeFiles/pico_sensors_minimal.dir/_deps/pico_sdk-src/lib/tinyusb/src/class/cdc/cdc_device.c.obj
                0x10004b08                tud_cdc_n_write_flush
 .text.tud_cdc_n_write
                0x10004b94       0x44 CMakeFiles/pico_sensors_minimal.dir/_deps/pico_sdk-src/lib/tinyusb/src/class/cdc/cdc_device.c.obj
                0x10004b94                tud_cdc_n_write
 .text.tud_cdc_n_write_available
                0x10004bd8       0x18 CMakeFiles/pico_sensors_minimal.dir/_deps/pico_sdk-src/lib/tinyusb/src/class/cdc/cdc_device.c.obj
                0x10004bd8                tud_cdc_n_write_available
 .text.cdcd_init
                0x10004bf0       0x70 CMakeFiles/pico_sensors_minimal.dir/_deps/pico_sdk-src/lib/tinyusb/src/class/cdc/cdc_device.c.obj
                0x10004bf0                cdcd_init
 .text.cdcd_deinit
                0x10004c60       0x2c CMakeFiles/pico_sensors_minimal.dir/_deps/pico_sdk-src/lib/tinyusb/src/class/cdc/cdc_device.c.obj
                0x10004c60                cdcd_deinit
 .text.cdcd_reset
                0x10004c8c       0x4c CMakeFiles/pico_sensors_minimal.dir/_deps/pico_sdk-src/lib/tinyusb/src/class/cdc/cdc_device.c.obj
                0x10004c8c                cdcd_reset
 .text.cdcd_open
                0x10004cd8       0xbc CMakeFiles/pico_sensors_minimal.dir/_deps/pico_sdk-src/lib/tinyusb/src/class/cdc/cdc_device.c.obj
                0x10004cd8                cdcd_open
 .text.cdcd_control_xfer_cb
                0x10004d94       0xc0 CMakeFiles/pico_sensors_minimal.dir/_deps/pico_sdk-src/lib/tinyusb/src/class/cdc/cdc_device.c.obj
                0x10004d94                cdcd_control_xfer_cb
 .text.cdcd_xfer_cb
                0x10004e54       0xfc CMakeFiles/pico_sensors_minimal.dir/_deps/pico_sdk-src/lib/tinyusb/src/class/cdc/cdc_device.c.obj
                0x10004e54                cdcd_xfer_cb
 .text.vendord_init
                0x10004f50       0x5c CMakeFiles/pico_sensors_minimal.dir/_deps/pico_sdk-src/lib/tinyusb/src/class/vendor/vendor_device.c.obj
                0x10004f50                vendord_init
 .text.vendord_deinit
                0x10004fac       0x1c CMakeFiles/pico_sensors_minimal.dir/_deps/pico_sdk-src/lib/tinyusb/src/class/vendor/vendor_device.c.obj
                0x10004fac                vendord_deinit
 .text.vendord_reset
                0x10004fc8       0x24 CMakeFiles/pico_sensors_minimal.dir/_deps/pico_sdk-src/lib/tinyusb/src/class/vendor/vendor_device.c.obj
                0x10004fc8                vendord_reset
 .text.vendord_open
                0x10004fec      0x100 CMakeFiles/pico_sensors_minimal.dir/_deps/pico_sdk-src/lib/tinyusb/src/class/vendor/vendor_device.c.obj
                0x10004fec                vendord_open
 .text.vendord_xfer_cb
                0x100050ec       0x88 CMakeFiles/pico_sensors_minimal.dir/_deps/pico_sdk-src/lib/tinyusb/src/class/vendor/vendor_device.c.obj
                0x100050ec                vendord_xfer_cb
 .text.tusb_rhport_init
                0x10005174       0x60 CMakeFiles/pico_sensors_minimal.dir/_deps/pico_sdk-src/lib/tinyusb/src/tusb.c.obj
                0x10005174                tusb_rhport_init
 .text.tu_edpt_claim
                0x100051d4       0x54 CMakeFiles/pico_sensors_minimal.dir/_deps/pico_sdk-src/lib/tinyusb/src/tusb.c.obj
                0x100051d4                tu_edpt_claim
 .text.tu_edpt_release
                0x10005228       0x38 CMakeFiles/pico_sensors_minimal.dir/_deps/pico_sdk-src/lib/tinyusb/src/tusb.c.obj
                0x10005228                tu_edpt_release
 .text.tu_edpt_validate
                0x10005260       0x64 CMakeFiles/pico_sensors_minimal.dir/_deps/pico_sdk-src/lib/tinyusb/src/tusb.c.obj
                0x10005260                tu_edpt_validate
 .text.tu_edpt_bind_driver
                0x100052c4       0x58 CMakeFiles/pico_sensors_minimal.dir/_deps/pico_sdk-src/lib/tinyusb/src/tusb.c.obj
                0x100052c4                tu_edpt_bind_driver
 .text.tu_edpt_stream_init
                0x1000531c       0x58 CMakeFiles/pico_sensors_minimal.dir/_deps/pico_sdk-src/lib/tinyusb/src/tusb.c.obj
                0x1000531c                tu_edpt_stream_init
 .text.tu_edpt_stream_deinit
                0x10005374        0x4 CMakeFiles/pico_sensors_minimal.dir/_deps/pico_sdk-src/lib/tinyusb/src/tusb.c.obj
                0x10005374                tu_edpt_stream_deinit
 .text.tu_edpt_stream_write_zlp_if_needed
                0x10005378       0x68 CMakeFiles/pico_sensors_minimal.dir/_deps/pico_sdk-src/lib/tinyusb/src/tusb.c.obj
                0x10005378                tu_edpt_stream_write_zlp_if_needed
 .text.tu_edpt_stream_write_xfer
                0x100053e0       0x70 CMakeFiles/pico_sensors_minimal.dir/_deps/pico_sdk-src/lib/tinyusb/src/tusb.c.obj
                0x100053e0                tu_edpt_stream_write_xfer
 .text.tu_edpt_stream_read_xfer
                0x10005450       0xd0 CMakeFiles/pico_sensors_minimal.dir/_deps/pico_sdk-src/lib/tinyusb/src/tusb.c.obj
                0x10005450                tu_edpt_stream_read_xfer
 .text.tu_fifo_config
                0x10005520       0x60 CMakeFiles/pico_sensors_minimal.dir/_deps/pico_sdk-src/lib/tinyusb/src/common/tusb_fifo.c.obj
                0x10005520                tu_fifo_config
 .text.tu_fifo_count
                0x10005580       0x20 CMakeFiles/pico_sensors_minimal.dir/_deps/pico_sdk-src/lib/tinyusb/src/common/tusb_fifo.c.obj
                0x10005580                tu_fifo_count
 .text.tu_fifo_empty
                0x100055a0       0x14 CMakeFiles/pico_sensors_minimal.dir/_deps/pico_sdk-src/lib/tinyusb/src/common/tusb_fifo.c.obj
                0x100055a0                tu_fifo_empty
 .text.tu_fifo_remaining
                0x100055b4       0x24 CMakeFiles/pico_sensors_minimal.dir/_deps/pico_sdk-src/lib/tinyusb/src/common/tusb_fifo.c.obj
                0x100055b4                tu_fifo_remaining
 .text.tu_fifo_read
                0x100055d8       0x94 CMakeFiles/pico_sensors_minimal.dir/_deps/pico_sdk-src/lib/tinyusb/src/common/tusb_fifo.c.obj
                0x100055d8                tu_fifo_read
 .text.tu_fifo_read_n
                0x1000566c       0xd8 CMakeFiles/pico_sensors_minimal.dir/_deps/pico_sdk-src/lib/tinyusb/src/common/tusb_fifo.c.obj
                0x1000566c                tu_fifo_read_n
 .text.tu_fifo_write
                0x10005744       0x84 CMakeFiles/pico_sensors_minimal.dir/_deps/pico_sdk-src/lib/tinyusb/src/common/tusb_fifo.c.obj
                0x10005744                tu_fifo_write
 .text.tu_fifo_write_n
                0x100057c8      0x158 CMakeFiles/pico_sensors_minimal.dir/_deps/pico_sdk-src/lib/tinyusb/src/common/tusb_fifo.c.obj
                0x100057c8                tu_fifo_write_n
 .text.tu_fifo_clear
                0x10005920       0x38 CMakeFiles/pico_sensors_minimal.dir/_deps/pico_sdk-src/lib/tinyusb/src/common/tusb_fifo.c.obj
                0x10005920                tu_fifo_clear
 .text.tu_fifo_set_overwritable
                0x10005958       0x3c CMakeFiles/pico_sensors_minimal.dir/_deps/pico_sdk-src/lib/tinyusb/src/common/tusb_fifo.c.obj
                0x10005958                tu_fifo_set_overwritable
 .text.memset   0x10005994       0xa8 c:/progra~2/armgnu~1/12977f~1.2mp/bin/../lib/gcc/arm-none-eabi/12.2.1/thumb/v8-m.main+fp/softfp\libg.a(libc_a-memset.o)
                0x10005994                memset
 .text          0x10005a3c       0xec c:/progra~2/armgnu~1/12977f~1.2mp/bin/../lib/gcc/arm-none-eabi/12.2.1/thumb/v8-m.main+fp/softfp\libg.a(libc_a-memcpy.o)
                0x10005a3c                memcpy
 .text.strlen   0x10005b28       0x5c c:/progra~2/armgnu~1/12977f~1.2mp/bin/../lib/gcc/arm-none-eabi/12.2.1/thumb/v8-m.main+fp/softfp\libg.a(libc_a-strlen-stub.o)
                0x10005b28                strlen
 *(.fini)
 .fini          0x10005b84        0x4 c:/progra~2/armgnu~1/12977f~1.2mp/bin/../lib/gcc/arm-none-eabi/12.2.1/thumb/v8-m.main+fp/softfp/crti.o
                0x10005b84                _fini
 .fini.__stub   0x10005b88       0x50 linker stubs
 *crtbegin.o(.ctors)
 *crtbegin?.o(.ctors)
 *(EXCLUDE_FILE(*crtend.o *crtend?.o) .ctors)
 *(SORT_BY_NAME(.ctors.*))
 *(.ctors)
 *crtbegin.o(.dtors)
 *crtbegin?.o(.dtors)
 *(EXCLUDE_FILE(*crtend.o *crtend?.o) .dtors)
 *(SORT_BY_NAME(.dtors.*))
 *(.dtors)
                0x10005bd8                        . = ALIGN (0x4)
                0x10005bd8                        PROVIDE (__preinit_array_start = .)
 *(SORT_BY_NAME(.preinit_array.*))
 .preinit_array.00050
                0x10005bd8        0x4 CMakeFiles/pico_sensors_minimal.dir/_deps/pico_sdk-src/src/rp2_common/pico_runtime_init/runtime_init.c.obj
                0x10005bd8                __pre_init_runtime_init_bootrom_reset
 .preinit_array.00100
                0x10005bdc        0x4 CMakeFiles/pico_sensors_minimal.dir/_deps/pico_sdk-src/src/rp2_common/pico_runtime_init/runtime_init.c.obj
                0x10005bdc                __pre_init_runtime_init_early_resets
 .preinit_array.00101
                0x10005be0        0x4 CMakeFiles/pico_sensors_minimal.dir/_deps/pico_sdk-src/src/rp2_common/pico_runtime_init/runtime_init.c.obj
                0x10005be0                __pre_init_runtime_init_usb_power_down
 .preinit_array.00500
                0x10005be4        0x4 CMakeFiles/pico_sensors_minimal.dir/_deps/pico_sdk-src/src/rp2_common/pico_runtime_init/runtime_init.c.obj
                0x10005be4                __pre_init_runtime_init_clocks
 .preinit_array.00600
                0x10005be8        0x4 CMakeFiles/pico_sensors_minimal.dir/_deps/pico_sdk-src/src/rp2_common/pico_runtime_init/runtime_init.c.obj
                0x10005be8                __pre_init_runtime_init_post_clock_resets
 .preinit_array.01000
                0x10005bec        0x4 CMakeFiles/pico_sensors_minimal.dir/_deps/pico_sdk-src/src/rp2_common/hardware_boot_lock/boot_lock.c.obj
                0x10005bec                __pre_init_runtime_init_boot_locks_reset
 .preinit_array.01000
                0x10005bf0        0x4 CMakeFiles/pico_sensors_minimal.dir/_deps/pico_sdk-src/src/rp2_common/pico_runtime_init/runtime_init.c.obj
                0x10005bf0                __pre_init_runtime_init_spin_locks_reset
 .preinit_array.01010
                0x10005bf4        0x4 CMakeFiles/pico_sensors_minimal.dir/_deps/pico_sdk-src/src/rp2_common/pico_bootrom/bootrom_lock.c.obj
                0x10005bf4                __pre_init_runtime_init_bootrom_locking_enable
 .preinit_array.01100
                0x10005bf8        0x4 CMakeFiles/pico_sensors_minimal.dir/_deps/pico_sdk-src/src/common/pico_sync/mutex.c.obj
                0x10005bf8                __pre_init_runtime_init_mutex
 .preinit_array.10080
                0x10005bfc        0x4 CMakeFiles/pico_sensors_minimal.dir/_deps/pico_sdk-src/src/rp2_common/pico_runtime_init/runtime_init.c.obj
                0x10005bfc                __pre_init_runtime_init_install_ram_vector_table
 .preinit_array.11000
                0x10005c00        0x4 CMakeFiles/pico_sensors_minimal.dir/_deps/pico_sdk-src/src/common/pico_time/time.c.obj
                0x10005c00                __pre_init_runtime_init_default_alarm_pool
 .preinit_array.YYYYY
                0x10005c04        0x4 CMakeFiles/pico_sensors_minimal.dir/_deps/pico_sdk-src/src/rp2_common/pico_runtime/runtime.c.obj
                0x10005c04                __pre_init_first_per_core_initializer
 .preinit_array.ZZZZZ.00051
                0x10005c08        0x4 CMakeFiles/pico_sensors_minimal.dir/_deps/pico_sdk-src/src/rp2_common/pico_runtime_init/runtime_init.c.obj
                0x10005c08                __pre_init_runtime_init_per_core_bootrom_reset
 .preinit_array.ZZZZZ.00200
                0x10005c0c        0x4 CMakeFiles/pico_sensors_minimal.dir/_deps/pico_sdk-src/src/rp2_common/pico_runtime_init/runtime_init.c.obj
                0x10005c0c                __pre_init_runtime_init_per_core_enable_coprocessors
 .preinit_array.ZZZZZ.01000
                0x10005c10        0x4 CMakeFiles/pico_sensors_minimal.dir/_deps/pico_sdk-src/src/rp2_common/hardware_sync_spin_lock/sync_spin_lock.c.obj
                0x10005c10                __pre_init_spinlock_set_extexclall
 .preinit_array.ZZZZZ.01200
                0x10005c14        0x4 CMakeFiles/pico_sensors_minimal.dir/_deps/pico_sdk-src/src/rp2_common/hardware_irq/irq.c.obj
                0x10005c14                __pre_init_runtime_init_per_core_irq_priorities
 *(.preinit_array)
                0x10005c18                        PROVIDE (__preinit_array_end = .)
                0x10005c18                        . = ALIGN (0x4)
                0x10005c18                        PROVIDE (__init_array_start = .)
 *(SORT_BY_NAME(.init_array.*))
 .init_array.01000
                0x10005c18        0x4 CMakeFiles/pico_sensors_minimal.dir/_deps/pico_sdk-src/src/rp2_common/pico_unique_id/unique_id.c.obj
 *(.init_array)
 .init_array    0x10005c1c        0x4 c:/progra~2/armgnu~1/12977f~1.2mp/bin/../lib/gcc/arm-none-eabi/12.2.1/thumb/v8-m.main+fp/softfp/crtbegin.o
                0x10005c20                        PROVIDE (__init_array_end = .)
                0x10005c20                        . = ALIGN (0x4)
                [!provide]                        PROVIDE (__fini_array_start = .)
 *(SORT_BY_NAME(.fini_array.*))
 *(.fini_array)
                [!provide]                        PROVIDE (__fini_array_end = .)
 *(.eh_frame*)
 .eh_frame      0x10005c20        0x0 c:/progra~2/armgnu~1/12977f~1.2mp/bin/../lib/gcc/arm-none-eabi/12.2.1/thumb/v8-m.main+fp/softfp/crtbegin.o
                0x10005c20                        . = ALIGN (0x4)

.glue_7         0x10005c20        0x0
 .glue_7        0x10005c20        0x0 linker stubs

.glue_7t        0x10005c20        0x0
 .glue_7t       0x10005c20        0x0 linker stubs

.vfp11_veneer   0x10005c20        0x0
 .vfp11_veneer  0x10005c20        0x0 linker stubs

.v4_bx          0x10005c20        0x0
 .v4_bx         0x10005c20        0x0 linker stubs

.iplt           0x10005c20        0x0
 .iplt          0x10005c20        0x0 c:/progra~2/armgnu~1/12977f~1.2mp/bin/../lib/gcc/arm-none-eabi/12.2.1/thumb/v8-m.main+fp/softfp/crtbegin.o

.boot2          0x10005c20        0x0
                0x10005c20                        __boot2_start__ = .
 *(.boot2)
                0x10005c20                        __boot2_end__ = .
                0x00000001                        ASSERT (((__boot2_end__ - __boot2_start__) <= 0x100), ERROR: Pico second stage bootloader must be no more than 256 bytes in size)

.rodata         0x10005c20      0x3e8
 *(EXCLUDE_FILE(*libm.a: *libc.a:*lib_a-mem*.o *libgcc.a:) .rodata*)
 .rodata.main.str1.4
                0x10005c20        0xc CMakeFiles/pico_sensors_minimal.dir/src/main_minimal.c.obj
 .rodata.panic.str1.4
                0x10005c2c       0x12 CMakeFiles/pico_sensors_minimal.dir/_deps/pico_sdk-src/src/rp2_common/pico_platform_panic/panic.c.obj
 *fill*         0x10005c3e        0x2 
 .rodata.spin_lock_claim_unused.str1.4
                0x10005c40       0x1b CMakeFiles/pico_sensors_minimal.dir/_deps/pico_sdk-src/src/rp2_common/hardware_sync/sync.c.obj
 *fill*         0x10005c5b        0x1 
 .rodata.user_irq_claim_unused.str1.4
                0x10005c5c       0x1b CMakeFiles/pico_sensors_minimal.dir/_deps/pico_sdk-src/src/rp2_common/hardware_irq/irq.c.obj
 *fill*         0x10005c77        0x1 
 .rodata.timer_hardware_alarm_claim.str1.4
                0x10005c78       0x22 CMakeFiles/pico_sensors_minimal.dir/_deps/pico_sdk-src/src/rp2_common/hardware_timer/timer.c.obj
 *fill*         0x10005c9a        0x2 
 .rodata.hard_assertion_failure.str1.4
                0x10005c9c        0xc CMakeFiles/pico_sensors_minimal.dir/_deps/pico_sdk-src/src/rp2_common/pico_runtime/runtime.c.obj
 .rodata.str1.4
                0x10005ca8       0x4c CMakeFiles/pico_sensors_minimal.dir/_deps/pico_sdk-src/src/rp2_common/pico_standard_binary_info/standard_binary_info.c.obj
 .rodata.__bi_84
                0x10005cf4        0xc CMakeFiles/pico_sensors_minimal.dir/_deps/pico_sdk-src/src/rp2_common/pico_standard_binary_info/standard_binary_info.c.obj
 .rodata.__bi_78
                0x10005d00        0xc CMakeFiles/pico_sensors_minimal.dir/_deps/pico_sdk-src/src/rp2_common/pico_standard_binary_info/standard_binary_info.c.obj
 .rodata.__bi_54
                0x10005d0c        0xc CMakeFiles/pico_sensors_minimal.dir/_deps/pico_sdk-src/src/rp2_common/pico_standard_binary_info/standard_binary_info.c.obj
 .rodata.__bi_48
                0x10005d18        0xc CMakeFiles/pico_sensors_minimal.dir/_deps/pico_sdk-src/src/rp2_common/pico_standard_binary_info/standard_binary_info.c.obj
 .rodata.__bi_42
                0x10005d24        0xc CMakeFiles/pico_sensors_minimal.dir/_deps/pico_sdk-src/src/rp2_common/pico_standard_binary_info/standard_binary_info.c.obj
 .rodata.__bi_34
                0x10005d30        0xc CMakeFiles/pico_sensors_minimal.dir/_deps/pico_sdk-src/src/rp2_common/pico_standard_binary_info/standard_binary_info.c.obj
 .rodata.__bi_26
                0x10005d3c        0xc CMakeFiles/pico_sensors_minimal.dir/_deps/pico_sdk-src/src/rp2_common/pico_standard_binary_info/standard_binary_info.c.obj
 .rodata._ftoa.str1.4
                0x10005d48       0x15 CMakeFiles/pico_sensors_minimal.dir/_deps/pico_sdk-src/src/rp2_common/pico_printf/printf.c.obj
 *fill*         0x10005d5d        0x3 
 .rodata.pow10.0
                0x10005d60       0x50 CMakeFiles/pico_sensors_minimal.dir/_deps/pico_sdk-src/src/rp2_common/pico_printf/printf.c.obj
 .rodata.crlf_str.0
                0x10005db0        0x2 CMakeFiles/pico_sensors_minimal.dir/_deps/pico_sdk-src/src/rp2_common/pico_stdio/stdio.c.obj
 *fill*         0x10005db2        0x2 
 .rodata._resetd_driver
                0x10005db4       0x20 CMakeFiles/pico_sensors_minimal.dir/_deps/pico_sdk-src/src/rp2_common/pico_stdio_usb/reset_interface.c.obj
 .rodata.desc_ms_os_20
                0x10005dd4       0xa6 CMakeFiles/pico_sensors_minimal.dir/_deps/pico_sdk-src/src/rp2_common/pico_stdio_usb/reset_interface.c.obj
 *fill*         0x10005e7a        0x2 
 .rodata.desc_bos
                0x10005e7c       0x21 CMakeFiles/pico_sensors_minimal.dir/_deps/pico_sdk-src/src/rp2_common/pico_stdio_usb/reset_interface.c.obj
                0x10005e7c                desc_bos
 *fill*         0x10005e9d        0x3 
 .rodata.str1.4
                0x10005ea0       0x13 CMakeFiles/pico_sensors_minimal.dir/_deps/pico_sdk-src/src/rp2_common/pico_stdio_usb/stdio_usb.c.obj
 *fill*         0x10005eb3        0x1 
 .rodata.__bi_202.0
                0x10005eb4        0xc CMakeFiles/pico_sensors_minimal.dir/_deps/pico_sdk-src/src/rp2_common/pico_stdio_usb/stdio_usb.c.obj
 .rodata.str1.4
                0x10005ec0       0x2a CMakeFiles/pico_sensors_minimal.dir/_deps/pico_sdk-src/src/rp2_common/pico_stdio_usb/stdio_usb_descriptors.c.obj
 *fill*         0x10005eea        0x2 
 .rodata.usbd_desc_str
                0x10005eec       0x18 CMakeFiles/pico_sensors_minimal.dir/_deps/pico_sdk-src/src/rp2_common/pico_stdio_usb/stdio_usb_descriptors.c.obj
 .rodata.usbd_desc_cfg
                0x10005f04       0x54 CMakeFiles/pico_sensors_minimal.dir/_deps/pico_sdk-src/src/rp2_common/pico_stdio_usb/stdio_usb_descriptors.c.obj
 .rodata.usbd_desc_device
                0x10005f58       0x12 CMakeFiles/pico_sensors_minimal.dir/_deps/pico_sdk-src/src/rp2_common/pico_stdio_usb/stdio_usb_descriptors.c.obj
 *fill*         0x10005f6a        0x2 
 .rodata.str1.4
                0x10005f6c       0x14 CMakeFiles/pico_sensors_minimal.dir/_deps/pico_sdk-src/lib/tinyusb/src/portable/raspberrypi/rp2040/dcd_rp2040.c.obj
 .rodata.str1.4
                0x10005f80       0x48 CMakeFiles/pico_sensors_minimal.dir/_deps/pico_sdk-src/lib/tinyusb/src/portable/raspberrypi/rp2040/rp2040_usb.c.obj
 .rodata._usbd_driver
                0x10005fc8       0x40 CMakeFiles/pico_sensors_minimal.dir/_deps/pico_sdk-src/lib/tinyusb/src/device/usbd.c.obj
 *(.srodata*)
                0x10006008                        . = ALIGN (0x4)
 *(SORT_BY_ALIGNMENT(SORT_BY_NAME(.flashdata*)))
                0x10006008                        . = ALIGN (0x4)

.ARM.extab
 *(.ARM.extab* .gnu.linkonce.armextab.*)
                0x10006008                        __exidx_start = .

.ARM.exidx      0x10006008        0x8
 *(.ARM.exidx* .gnu.linkonce.armexidx.*)
 .ARM.exidx     0x10006008        0x8 c:/progra~2/armgnu~1/12977f~1.2mp/bin/../lib/gcc/arm-none-eabi/12.2.1/thumb/v8-m.main+fp/softfp\libg.a(libc_a-memcpy.o)
 .ARM.exidx.text.__udivmoddi4
                0x10006010        0x0 c:/progra~2/armgnu~1/12977f~1.2mp/bin/../lib/gcc/arm-none-eabi/12.2.1/thumb/v8-m.main+fp/softfp\libgcc.a(_udivmoddi4.o)
                                  0x8 (size before relaxing)
                0x10006010                        __exidx_end = .
                0x10006010                        . = ALIGN (0x4)
                0x10006010                        __binary_info_start = .

.binary_info    0x10006010       0x20
 *(.binary_info.keep.*)
 .binary_info.keep.__bi_ptr84
                0x10006010        0x4 CMakeFiles/pico_sensors_minimal.dir/_deps/pico_sdk-src/src/rp2_common/pico_standard_binary_info/standard_binary_info.c.obj
 .binary_info.keep.__bi_ptr78
                0x10006014        0x4 CMakeFiles/pico_sensors_minimal.dir/_deps/pico_sdk-src/src/rp2_common/pico_standard_binary_info/standard_binary_info.c.obj
 .binary_info.keep.__bi_ptr54
                0x10006018        0x4 CMakeFiles/pico_sensors_minimal.dir/_deps/pico_sdk-src/src/rp2_common/pico_standard_binary_info/standard_binary_info.c.obj
 .binary_info.keep.__bi_ptr48
                0x1000601c        0x4 CMakeFiles/pico_sensors_minimal.dir/_deps/pico_sdk-src/src/rp2_common/pico_standard_binary_info/standard_binary_info.c.obj
 .binary_info.keep.__bi_ptr42
                0x10006020        0x4 CMakeFiles/pico_sensors_minimal.dir/_deps/pico_sdk-src/src/rp2_common/pico_standard_binary_info/standard_binary_info.c.obj
 .binary_info.keep.__bi_ptr34
                0x10006024        0x4 CMakeFiles/pico_sensors_minimal.dir/_deps/pico_sdk-src/src/rp2_common/pico_standard_binary_info/standard_binary_info.c.obj
 .binary_info.keep.__bi_ptr26
                0x10006028        0x4 CMakeFiles/pico_sensors_minimal.dir/_deps/pico_sdk-src/src/rp2_common/pico_standard_binary_info/standard_binary_info.c.obj
 *(.binary_info.*)
 .binary_info.__bi_ptr202
                0x1000602c        0x4 CMakeFiles/pico_sensors_minimal.dir/_deps/pico_sdk-src/src/rp2_common/pico_stdio_usb/stdio_usb.c.obj
                0x10006030                        __binary_info_end = .
                0x10006030                        . = ALIGN (0x4)

.ram_vector_table
                0x20000000      0x110
 *(.ram_vector_table)
 .ram_vector_table
                0x20000000      0x110 CMakeFiles/pico_sensors_minimal.dir/_deps/pico_sdk-src/src/rp2_common/pico_runtime_init/runtime_init.c.obj
                0x20000000                ram_vector_table

.uninitialized_data
                0x20000110        0x0
                0x20000110                        . = ALIGN (0x4)
 *(.uninitialized_data*)

.data           0x20000110     0x10bc load address 0x10006030
                0x20000110                        __data_start__ = .
 *(vtable)
 *(.time_critical*)
 .time_critical.mutex_try_enter
                0x20000110       0x50 CMakeFiles/pico_sensors_minimal.dir/_deps/pico_sdk-src/src/common/pico_sync/mutex.c.obj
                0x20000110                mutex_try_enter
 .time_critical.mutex_enter_block_until
                0x20000160       0x70 CMakeFiles/pico_sensors_minimal.dir/_deps/pico_sdk-src/src/common/pico_sync/mutex.c.obj
                0x20000160                mutex_enter_block_until
 .time_critical.mutex_try_enter_block_until
                0x200001d0       0x6c CMakeFiles/pico_sensors_minimal.dir/_deps/pico_sdk-src/src/common/pico_sync/mutex.c.obj
                0x200001d0                mutex_try_enter_block_until
 .time_critical.mutex_enter_timeout_ms
                0x2000023c       0x38 CMakeFiles/pico_sensors_minimal.dir/_deps/pico_sdk-src/src/common/pico_sync/mutex.c.obj
                0x2000023c                mutex_enter_timeout_ms
 .time_critical.mutex_exit
                0x20000274       0x3c CMakeFiles/pico_sensors_minimal.dir/_deps/pico_sdk-src/src/common/pico_sync/mutex.c.obj
                0x20000274                mutex_exit
 .time_critical.reset_non_control_endpoints
                0x200002b0       0x64 CMakeFiles/pico_sensors_minimal.dir/_deps/pico_sdk-src/lib/tinyusb/src/portable/raspberrypi/rp2040/dcd_rp2040.c.obj
 .time_critical.hw_handle_buff_status
                0x20000314       0xa0 CMakeFiles/pico_sensors_minimal.dir/_deps/pico_sdk-src/lib/tinyusb/src/portable/raspberrypi/rp2040/dcd_rp2040.c.obj
 .time_critical.dcd_rp2040_irq
                0x200003b4      0x510 CMakeFiles/pico_sensors_minimal.dir/_deps/pico_sdk-src/lib/tinyusb/src/portable/raspberrypi/rp2040/dcd_rp2040.c.obj
 .time_critical.prepare_ep_buffer
                0x200008c4       0xd0 CMakeFiles/pico_sensors_minimal.dir/_deps/pico_sdk-src/lib/tinyusb/src/portable/raspberrypi/rp2040/rp2040_usb.c.obj
 .time_critical.sync_ep_buffer
                0x20000994       0xb8 CMakeFiles/pico_sensors_minimal.dir/_deps/pico_sdk-src/lib/tinyusb/src/portable/raspberrypi/rp2040/rp2040_usb.c.obj
 .time_critical._hw_endpoint_xfer_sync
                0x20000a4c       0x2c CMakeFiles/pico_sensors_minimal.dir/_deps/pico_sdk-src/lib/tinyusb/src/portable/raspberrypi/rp2040/rp2040_usb.c.obj
 .time_critical.e15_is_bulkin_ep
                0x20000a78       0x28 CMakeFiles/pico_sensors_minimal.dir/_deps/pico_sdk-src/lib/tinyusb/src/portable/raspberrypi/rp2040/rp2040_usb.c.obj
 .time_critical.e15_is_critical_frame_period
                0x20000aa0       0x28 CMakeFiles/pico_sensors_minimal.dir/_deps/pico_sdk-src/lib/tinyusb/src/portable/raspberrypi/rp2040/rp2040_usb.c.obj
 .time_critical.hw_endpoint_reset_transfer
                0x20000ac8        0xc CMakeFiles/pico_sensors_minimal.dir/_deps/pico_sdk-src/lib/tinyusb/src/portable/raspberrypi/rp2040/rp2040_usb.c.obj
                0x20000ac8                hw_endpoint_reset_transfer
 .time_critical._hw_endpoint_buffer_control_update32
                0x20000ad4       0x44 CMakeFiles/pico_sensors_minimal.dir/_deps/pico_sdk-src/lib/tinyusb/src/portable/raspberrypi/rp2040/rp2040_usb.c.obj
                0x20000ad4                _hw_endpoint_buffer_control_update32
 .time_critical.hw_endpoint_start_next_buffer
                0x20000b18       0x64 CMakeFiles/pico_sensors_minimal.dir/_deps/pico_sdk-src/lib/tinyusb/src/portable/raspberrypi/rp2040/rp2040_usb.c.obj
                0x20000b18                hw_endpoint_start_next_buffer
 .time_critical.hw_endpoint_xfer_continue
                0x20000b7c       0x3c CMakeFiles/pico_sensors_minimal.dir/_deps/pico_sdk-src/lib/tinyusb/src/portable/raspberrypi/rp2040/rp2040_usb.c.obj
                0x20000b7c                hw_endpoint_xfer_continue
 .time_critical.tinyusb
                0x20000bb8      0x224 CMakeFiles/pico_sensors_minimal.dir/_deps/pico_sdk-src/lib/tinyusb/src/device/usbd.c.obj
                0x20000bb8                dcd_event_handler
 *(.text*)
 .text          0x20000ddc       0x30 c:/progra~2/armgnu~1/12977f~1.2mp/bin/../lib/gcc/arm-none-eabi/12.2.1/thumb/v8-m.main+fp/softfp\libgcc.a(_aeabi_uldivmod.o)
                0x20000ddc                __aeabi_uldivmod
 .text.__udivmoddi4
                0x20000e0c      0x2e4 c:/progra~2/armgnu~1/12977f~1.2mp/bin/../lib/gcc/arm-none-eabi/12.2.1/thumb/v8-m.main+fp/softfp\libgcc.a(_udivmoddi4.o)
                0x20000e0c                __udivmoddi4
 .text          0x200010f0        0x4 c:/progra~2/armgnu~1/12977f~1.2mp/bin/../lib/gcc/arm-none-eabi/12.2.1/thumb/v8-m.main+fp/softfp\libgcc.a(_dvmd_tls.o)
                0x200010f0                __aeabi_idiv0
                0x200010f0                __aeabi_ldiv0
 *fill*         0x200010f4        0x4 
 .text.__stub   0x200010f8       0x30 linker stubs
                0x20001128                        . = ALIGN (0x4)
 *(.rodata*)
                0x20001128                        . = ALIGN (0x4)
 *(.data*)
 .data.striped_spin_lock_num
                0x20001128        0x1 CMakeFiles/pico_sensors_minimal.dir/_deps/pico_sdk-src/src/rp2_common/hardware_sync/sync.c.obj
 *fill*         0x20001129        0x3 
 .data          0x2000112c       0x48 CMakeFiles/pico_sensors_minimal.dir/_deps/pico_sdk-src/src/rp2_common/hardware_irq/irq_handler_chain.S.obj
                0x2000112c                irq_handler_chain_slots
                0x2000115c                irq_handler_chain_first_slot
                0x20001166                irq_handler_chain_remove_tail
 .data.default_alarm_pool
                0x20001174       0x18 CMakeFiles/pico_sensors_minimal.dir/_deps/pico_sdk-src/src/common/pico_time/time.c.obj
 .data.stdio_usb
                0x2000118c       0x18 CMakeFiles/pico_sensors_minimal.dir/_deps/pico_sdk-src/src/rp2_common/pico_stdio_usb/stdio_usb.c.obj
                0x2000118c                stdio_usb
 .data._usbd_qdef
                0x200011a4       0x1c CMakeFiles/pico_sensors_minimal.dir/_deps/pico_sdk-src/lib/tinyusb/src/device/usbd.c.obj
                0x200011a4                _usbd_qdef
 .data._usbd_rhport
                0x200011c0        0x1 CMakeFiles/pico_sensors_minimal.dir/_deps/pico_sdk-src/lib/tinyusb/src/device/usbd.c.obj
 *(.sdata*)
                0x200011c4                        . = ALIGN (0x4)
 *fill*         0x200011c1        0x3 
 *(.after_data.*)
                0x200011c4                        . = ALIGN (0x4)
                0x200011c4                        PROVIDE (__mutex_array_start = .)
 *(SORT_BY_NAME(.mutex_array.*))
 *(.mutex_array)
 .mutex_array   0x200011c4        0x8 CMakeFiles/pico_sensors_minimal.dir/_deps/pico_sdk-src/src/rp2_common/pico_stdio/stdio.c.obj
                0x200011cc                        PROVIDE (__mutex_array_end = .)
 *(.jcr)
                0x200011cc                        . = ALIGN (0x4)

.tm_clone_table
                0x200011cc        0x0 load address 0x100070ec
 .tm_clone_table
                0x200011cc        0x0 c:/progra~2/armgnu~1/12977f~1.2mp/bin/../lib/gcc/arm-none-eabi/12.2.1/thumb/v8-m.main+fp/softfp/crtbegin.o
 .tm_clone_table
                0x200011cc        0x0 c:/progra~2/armgnu~1/12977f~1.2mp/bin/../lib/gcc/arm-none-eabi/12.2.1/thumb/v8-m.main+fp/softfp/crtend.o

.igot.plt       0x200011cc        0x0 load address 0x100070ec
 .igot.plt      0x200011cc        0x0 c:/progra~2/armgnu~1/12977f~1.2mp/bin/../lib/gcc/arm-none-eabi/12.2.1/thumb/v8-m.main+fp/softfp/crtbegin.o

.tdata          0x200011cc        0x0 load address 0x100070ec
                0x200011cc                        . = ALIGN (0x4)
 *(.tdata .tdata.* .gnu.linkonce.td.*)
                0x200011cc                        __tdata_end = .
                0x200011cc                        PROVIDE (__data_end__ = .)
                0x10006030                        __etext = LOADADDR (.data)

.tbss           0x200011cc        0x0 load address 0x100070ec
                0x200011cc                        . = ALIGN (0x4)
                0x200011cc                        __bss_start__ = .
                0x200011cc                        __tls_base = .
 *(.tbss .tbss.* .gnu.linkonce.tb.*)
 *(.tcommon)
                0x200011cc                        __tls_end = .

.bss            0x200011d0      0xc28 load address 0x100070ec
                0x200011d0                        . = ALIGN (0x4)
                0x200011d0                        __tbss_end = .
 *(SORT_BY_ALIGNMENT(SORT_BY_NAME(.bss*)))
 .bss._cdcd_itf
                0x200011d0       0xc8 CMakeFiles/pico_sensors_minimal.dir/_deps/pico_sdk-src/lib/tinyusb/src/class/cdc/cdc_device.c.obj
 .bss.default_alarm_pool_entries
                0x20001298      0x180 CMakeFiles/pico_sensors_minimal.dir/_deps/pico_sdk-src/src/common/pico_time/time.c.obj
 .bss.last_avail_time.1
                0x20001418        0x8 CMakeFiles/pico_sensors_minimal.dir/_deps/pico_sdk-src/src/rp2_common/pico_stdio_usb/stdio_usb.c.obj
 .bss._app_driver
                0x20001420        0x4 CMakeFiles/pico_sensors_minimal.dir/_deps/pico_sdk-src/lib/tinyusb/src/device/usbd.c.obj
 .bss._cdcd_epbuf
                0x20001424       0x80 CMakeFiles/pico_sensors_minimal.dir/_deps/pico_sdk-src/lib/tinyusb/src/class/cdc/cdc_device.c.obj
 .bss._cdcd_fifo_cfg
                0x200014a4        0x1 CMakeFiles/pico_sensors_minimal.dir/_deps/pico_sdk-src/lib/tinyusb/src/class/cdc/cdc_device.c.obj
 *fill*         0x200014a5        0x3 
 .bss._ctrl_epbuf
                0x200014a8       0x40 CMakeFiles/pico_sensors_minimal.dir/_deps/pico_sdk-src/lib/tinyusb/src/device/usbd_control.c.obj
 .bss._ctrl_xfer
                0x200014e8       0x14 CMakeFiles/pico_sensors_minimal.dir/_deps/pico_sdk-src/lib/tinyusb/src/device/usbd_control.c.obj
 .bss._sw_spin_locks
                0x200014fc       0x20 CMakeFiles/pico_sensors_minimal.dir/_deps/pico_sdk-src/src/rp2_common/hardware_sync_spin_lock/sync_spin_lock.c.obj
                0x200014fc                _sw_spin_locks
 .bss._tusb_rhport_role
                0x2000151c        0x2 CMakeFiles/pico_sensors_minimal.dir/_deps/pico_sdk-src/lib/tinyusb/src/tusb.c.obj
                0x2000151c                _tusb_rhport_role
 *fill*         0x2000151e        0x2 
 .bss._ubsd_mutexdef
                0x20001520        0x8 CMakeFiles/pico_sensors_minimal.dir/_deps/pico_sdk-src/lib/tinyusb/src/device/usbd.c.obj
 .bss._usbd_dev
                0x20001528       0x54 CMakeFiles/pico_sensors_minimal.dir/_deps/pico_sdk-src/lib/tinyusb/src/device/usbd.c.obj
 .bss._usbd_mutex
                0x2000157c        0x4 CMakeFiles/pico_sensors_minimal.dir/_deps/pico_sdk-src/lib/tinyusb/src/device/usbd.c.obj
 .bss._usbd_q   0x20001580        0x4 CMakeFiles/pico_sensors_minimal.dir/_deps/pico_sdk-src/lib/tinyusb/src/device/usbd.c.obj
 .bss._usbd_qdef_buf
                0x20001584       0xc0 CMakeFiles/pico_sensors_minimal.dir/_deps/pico_sdk-src/lib/tinyusb/src/device/usbd.c.obj
                0x20001584                _usbd_qdef_buf
 .bss._vendord_epbuf
                0x20001644       0x80 CMakeFiles/pico_sensors_minimal.dir/_deps/pico_sdk-src/lib/tinyusb/src/class/vendor/vendor_device.c.obj
 .bss._vendord_itf
                0x200016c4      0x24c CMakeFiles/pico_sensors_minimal.dir/_deps/pico_sdk-src/lib/tinyusb/src/class/vendor/vendor_device.c.obj
 .bss.chars_available_callback
                0x20001910        0x4 CMakeFiles/pico_sensors_minimal.dir/_deps/pico_sdk-src/src/rp2_common/pico_stdio_usb/stdio_usb.c.obj
 .bss.chars_available_param
                0x20001914        0x4 CMakeFiles/pico_sensors_minimal.dir/_deps/pico_sdk-src/src/rp2_common/pico_stdio_usb/stdio_usb.c.obj
 .bss.claimed   0x20001918        0x4 CMakeFiles/pico_sensors_minimal.dir/_deps/pico_sdk-src/src/rp2_common/hardware_sync/sync.c.obj
 .bss.claimed   0x2000191c        0x2 CMakeFiles/pico_sensors_minimal.dir/_deps/pico_sdk-src/src/rp2_common/hardware_timer/timer.c.obj
 *fill*         0x2000191e        0x2 
 .bss.configured_freq
                0x20001920       0x28 CMakeFiles/pico_sensors_minimal.dir/_deps/pico_sdk-src/src/rp2_common/hardware_clocks/clocks.c.obj
 .bss.desc_str.0
                0x20001948       0x28 CMakeFiles/pico_sensors_minimal.dir/_deps/pico_sdk-src/src/rp2_common/pico_stdio_usb/stdio_usb_descriptors.c.obj
 .bss.drivers   0x20001970        0x4 CMakeFiles/pico_sensors_minimal.dir/_deps/pico_sdk-src/src/rp2_common/pico_stdio/stdio.c.obj
 .bss.e15_last_sof
                0x20001974        0x4 CMakeFiles/pico_sensors_minimal.dir/_deps/pico_sdk-src/lib/tinyusb/src/portable/raspberrypi/rp2040/rp2040_usb.c.obj
                0x20001974                e15_last_sof
 .bss.filter    0x20001978        0x4 CMakeFiles/pico_sensors_minimal.dir/_deps/pico_sdk-src/src/rp2_common/pico_stdio/stdio.c.obj
 .bss.hw_endpoints
                0x2000197c      0x400 CMakeFiles/pico_sensors_minimal.dir/_deps/pico_sdk-src/lib/tinyusb/src/portable/raspberrypi/rp2040/dcd_rp2040.c.obj
 .bss.lazy_vsnprintf
                0x20001d7c        0x4 CMakeFiles/pico_sensors_minimal.dir/_deps/pico_sdk-src/src/rp2_common/pico_printf/printf.c.obj
 .bss.load_value
                0x20001d80        0x4 CMakeFiles/pico_sensors_minimal.dir/_deps/pico_sdk-src/src/rp2_common/hardware_watchdog/watchdog.c.obj
 .bss.next_buffer_ptr
                0x20001d84        0x4 CMakeFiles/pico_sensors_minimal.dir/_deps/pico_sdk-src/lib/tinyusb/src/portable/raspberrypi/rp2040/dcd_rp2040.c.obj
 .bss.object.0  0x20001d88       0x18 c:/progra~2/armgnu~1/12977f~1.2mp/bin/../lib/gcc/arm-none-eabi/12.2.1/thumb/v8-m.main+fp/softfp/crtbegin.o
 .bss.one_shot_timer_crit_sec
                0x20001da0        0x8 CMakeFiles/pico_sensors_minimal.dir/_deps/pico_sdk-src/src/rp2_common/pico_stdio_usb/stdio_usb.c.obj
 .bss.pools     0x20001da8       0x20 CMakeFiles/pico_sensors_minimal.dir/_deps/pico_sdk-src/src/common/pico_time/time.c.obj
 .bss.retrieved_id
                0x20001dc8        0x8 CMakeFiles/pico_sensors_minimal.dir/_deps/pico_sdk-src/src/rp2_common/pico_unique_id/unique_id.c.obj
 .bss.sleep_notifier
                0x20001dd0        0x4 CMakeFiles/pico_sensors_minimal.dir/_deps/pico_sdk-src/src/common/pico_time/time.c.obj
 .bss.stdio_usb_mutex
                0x20001dd4        0x8 CMakeFiles/pico_sensors_minimal.dir/_deps/pico_sdk-src/src/rp2_common/pico_stdio_usb/stdio_usb.c.obj
 .bss.usbd_serial_str
                0x20001ddc       0x11 CMakeFiles/pico_sensors_minimal.dir/_deps/pico_sdk-src/src/rp2_common/pico_stdio_usb/stdio_usb_descriptors.c.obj
 .bss._app_driver_count
                0x20001ded        0x1 CMakeFiles/pico_sensors_minimal.dir/_deps/pico_sdk-src/lib/tinyusb/src/device/usbd.c.obj
 .bss._sof_enable
                0x20001dee        0x1 CMakeFiles/pico_sensors_minimal.dir/_deps/pico_sdk-src/lib/tinyusb/src/portable/raspberrypi/rp2040/dcd_rp2040.c.obj
 .bss._usbd_queued_setup
                0x20001def        0x1 CMakeFiles/pico_sensors_minimal.dir/_deps/pico_sdk-src/lib/tinyusb/src/device/usbd.c.obj
 .bss.irq_handler_chain_free_slot_head
                0x20001df0        0x1 CMakeFiles/pico_sensors_minimal.dir/_deps/pico_sdk-src/src/rp2_common/hardware_irq/irq.c.obj
 .bss.itf_num   0x20001df1        0x1 CMakeFiles/pico_sensors_minimal.dir/_deps/pico_sdk-src/src/rp2_common/pico_stdio_usb/reset_interface.c.obj
 .bss.low_priority_irq_num
                0x20001df2        0x1 CMakeFiles/pico_sensors_minimal.dir/_deps/pico_sdk-src/src/rp2_common/pico_stdio_usb/stdio_usb.c.obj
 .bss.one_shot_timer_pending
                0x20001df3        0x1 CMakeFiles/pico_sensors_minimal.dir/_deps/pico_sdk-src/src/rp2_common/pico_stdio_usb/stdio_usb.c.obj
 .bss.user_irq_claimed
                0x20001df4        0x1 CMakeFiles/pico_sensors_minimal.dir/_deps/pico_sdk-src/src/rp2_common/hardware_irq/irq.c.obj
 *(COMMON)
                [!provide]                        PROVIDE (__global_pointer$ = (. + 0x800))
 *(.sbss*)
                0x20001df8                        . = ALIGN (0x4)
 *fill*         0x20001df5        0x3 
                0x20001df8                        __bss_end__ = .

.heap           0x20001df8      0x800 load address 0x100070ec
                0x20001df8                        __end__ = .
                0x20001df8                        end = __end__
 *(.heap*)
 .heap          0x20001df8      0x800 CMakeFiles/pico_sensors_minimal.dir/_deps/pico_sdk-src/src/rp2_common/pico_crt0/crt0.S.obj
                0x20080000                        __HeapLimit = (ORIGIN (RAM) + LENGTH (RAM))

.scratch_x      0x20080000        0x0 load address 0x100070ec
                0x20080000                        __scratch_x_start__ = .
 *(.scratch_x.*)
                0x20080000                        . = ALIGN (0x4)
                0x20080000                        __scratch_x_end__ = .
                0x100070ec                        __scratch_x_source__ = LOADADDR (.scratch_x)

.scratch_y      0x20081000        0x0 load address 0x100070ec
                0x20081000                        __scratch_y_start__ = .
 *(.scratch_y.*)
                0x20081000                        . = ALIGN (0x4)
                0x20081000                        __scratch_y_end__ = .
                0x100070ec                        __scratch_y_source__ = LOADADDR (.scratch_y)

.stack1_dummy
 *(.stack1*)

.stack_dummy    0x20081000      0x800
 *(.stack*)
 .stack         0x20081000      0x800 CMakeFiles/pico_sensors_minimal.dir/_deps/pico_sdk-src/src/rp2_common/pico_crt0/crt0.S.obj

.flash_end      0x100070ec       0x14
 *(.embedded_end_block*)
 .embedded_end_block
                0x100070ec       0x14 CMakeFiles/pico_sensors_minimal.dir/_deps/pico_sdk-src/src/rp2_common/pico_crt0/crt0.S.obj
                0x10007100                        PROVIDE (__flash_binary_end = .)
                0x20080000                        __StackLimit = (ORIGIN (RAM) + LENGTH (RAM))
                0x20081000                        __StackOneTop = (ORIGIN (SCRATCH_X) + LENGTH (SCRATCH_X))
                0x20082000                        __StackTop = (ORIGIN (SCRATCH_Y) + LENGTH (SCRATCH_Y))
                0x20081000                        __StackOneBottom = (__StackOneTop - SIZEOF (.stack1_dummy))
                0x20081800                        __StackBottom = (__StackTop - SIZEOF (.stack_dummy))
                0x20082000                        PROVIDE (__stack = __StackTop)
                [!provide]                        PROVIDE (__heap_start = __end__)
                [!provide]                        PROVIDE (__heap_end = __HeapLimit)
                [!provide]                        PROVIDE (__tls_align = MAX (ALIGNOF (.tdata), ALIGNOF (.tbss)))
                [!provide]                        PROVIDE (__tls_size_align = (((__tls_size + __tls_align) - 0x1) & ~ ((__tls_align - 0x1))))
                [!provide]                        PROVIDE (__arm32_tls_tcb_offset = MAX (0x8, __tls_align))
                [!provide]                        PROVIDE (_end = __end__)
                [!provide]                        PROVIDE (__llvm_libc_heap_limit = __HeapLimit)
                0x00000001                        ASSERT ((__StackLimit >= __HeapLimit), region RAM overflowed)
                0x00000001                        ASSERT (((__binary_info_header_end - __logical_binary_start) <= 0x400), Binary info must be in first 1024 bytes of the binary)
                0x00000001                        ASSERT (((__embedded_block_end - __logical_binary_start) <= 0x1000), Embedded block must be in first 4096 bytes of the binary)
LOAD CMakeFiles/pico_sensors_minimal.dir/src/main_minimal.c.obj
LOAD CMakeFiles/pico_sensors_minimal.dir/_deps/pico_sdk-src/src/rp2_common/pico_stdlib/stdlib.c.obj
LOAD CMakeFiles/pico_sensors_minimal.dir/_deps/pico_sdk-src/src/rp2_common/hardware_gpio/gpio.c.obj
LOAD CMakeFiles/pico_sensors_minimal.dir/_deps/pico_sdk-src/src/rp2350/pico_platform/platform.c.obj
LOAD CMakeFiles/pico_sensors_minimal.dir/_deps/pico_sdk-src/src/rp2_common/pico_platform_common/common.c.obj
LOAD CMakeFiles/pico_sensors_minimal.dir/_deps/pico_sdk-src/src/rp2_common/pico_platform_panic/panic.c.obj
LOAD CMakeFiles/pico_sensors_minimal.dir/_deps/pico_sdk-src/src/common/hardware_claim/claim.c.obj
LOAD CMakeFiles/pico_sensors_minimal.dir/_deps/pico_sdk-src/src/rp2_common/hardware_sync/sync.c.obj
LOAD CMakeFiles/pico_sensors_minimal.dir/_deps/pico_sdk-src/src/rp2_common/hardware_sync_spin_lock/sync_spin_lock.c.obj
LOAD CMakeFiles/pico_sensors_minimal.dir/_deps/pico_sdk-src/src/rp2_common/hardware_irq/irq.c.obj
LOAD CMakeFiles/pico_sensors_minimal.dir/_deps/pico_sdk-src/src/rp2_common/hardware_irq/irq_handler_chain.S.obj
LOAD CMakeFiles/pico_sensors_minimal.dir/_deps/pico_sdk-src/src/common/pico_sync/sem.c.obj
LOAD CMakeFiles/pico_sensors_minimal.dir/_deps/pico_sdk-src/src/common/pico_sync/lock_core.c.obj
LOAD CMakeFiles/pico_sensors_minimal.dir/_deps/pico_sdk-src/src/common/pico_sync/mutex.c.obj
LOAD CMakeFiles/pico_sensors_minimal.dir/_deps/pico_sdk-src/src/common/pico_sync/critical_section.c.obj
LOAD CMakeFiles/pico_sensors_minimal.dir/_deps/pico_sdk-src/src/common/pico_time/time.c.obj
LOAD CMakeFiles/pico_sensors_minimal.dir/_deps/pico_sdk-src/src/common/pico_time/timeout_helper.c.obj
LOAD CMakeFiles/pico_sensors_minimal.dir/_deps/pico_sdk-src/src/rp2_common/hardware_timer/timer.c.obj
LOAD CMakeFiles/pico_sensors_minimal.dir/_deps/pico_sdk-src/src/common/pico_util/datetime.c.obj
LOAD CMakeFiles/pico_sensors_minimal.dir/_deps/pico_sdk-src/src/common/pico_util/pheap.c.obj
LOAD CMakeFiles/pico_sensors_minimal.dir/_deps/pico_sdk-src/src/common/pico_util/queue.c.obj
LOAD CMakeFiles/pico_sensors_minimal.dir/_deps/pico_sdk-src/src/rp2_common/hardware_uart/uart.c.obj
LOAD CMakeFiles/pico_sensors_minimal.dir/_deps/pico_sdk-src/src/rp2_common/hardware_clocks/clocks.c.obj
LOAD CMakeFiles/pico_sensors_minimal.dir/_deps/pico_sdk-src/src/rp2_common/hardware_pll/pll.c.obj
LOAD CMakeFiles/pico_sensors_minimal.dir/_deps/pico_sdk-src/src/rp2_common/hardware_vreg/vreg.c.obj
LOAD CMakeFiles/pico_sensors_minimal.dir/_deps/pico_sdk-src/src/rp2_common/hardware_watchdog/watchdog.c.obj
LOAD CMakeFiles/pico_sensors_minimal.dir/_deps/pico_sdk-src/src/rp2_common/hardware_ticks/ticks.c.obj
LOAD CMakeFiles/pico_sensors_minimal.dir/_deps/pico_sdk-src/src/rp2_common/pico_bootrom/bootrom.c.obj
LOAD CMakeFiles/pico_sensors_minimal.dir/_deps/pico_sdk-src/src/rp2_common/pico_bootrom/bootrom_lock.c.obj
LOAD CMakeFiles/pico_sensors_minimal.dir/_deps/pico_sdk-src/src/rp2_common/hardware_boot_lock/boot_lock.c.obj
LOAD CMakeFiles/pico_sensors_minimal.dir/_deps/pico_sdk-src/src/rp2_common/pico_flash/flash.c.obj
LOAD CMakeFiles/pico_sensors_minimal.dir/_deps/pico_sdk-src/src/rp2_common/hardware_xosc/xosc.c.obj
LOAD CMakeFiles/pico_sensors_minimal.dir/_deps/pico_sdk-src/src/rp2_common/hardware_divider/divider.c.obj
LOAD CMakeFiles/pico_sensors_minimal.dir/_deps/pico_sdk-src/src/rp2_common/pico_runtime/runtime.c.obj
LOAD CMakeFiles/pico_sensors_minimal.dir/_deps/pico_sdk-src/src/rp2_common/pico_runtime_init/runtime_init.c.obj
LOAD CMakeFiles/pico_sensors_minimal.dir/_deps/pico_sdk-src/src/rp2_common/pico_runtime_init/runtime_init_clocks.c.obj
LOAD CMakeFiles/pico_sensors_minimal.dir/_deps/pico_sdk-src/src/rp2_common/pico_runtime_init/runtime_init_stack_guard.c.obj
LOAD CMakeFiles/pico_sensors_minimal.dir/_deps/pico_sdk-src/src/rp2_common/pico_bit_ops/bit_ops_aeabi.S.obj
LOAD CMakeFiles/pico_sensors_minimal.dir/_deps/pico_sdk-src/src/rp2_common/pico_divider/divider_compiler.c.obj
LOAD CMakeFiles/pico_sensors_minimal.dir/_deps/pico_sdk-src/src/rp2_common/pico_double/double_math.c.obj
LOAD CMakeFiles/pico_sensors_minimal.dir/_deps/pico_sdk-src/src/rp2_common/pico_double/double_aeabi_dcp.S.obj
LOAD CMakeFiles/pico_sensors_minimal.dir/_deps/pico_sdk-src/src/rp2_common/pico_double/double_fma_dcp.S.obj
LOAD CMakeFiles/pico_sensors_minimal.dir/_deps/pico_sdk-src/src/rp2_common/pico_double/double_sci_m33.S.obj
LOAD CMakeFiles/pico_sensors_minimal.dir/_deps/pico_sdk-src/src/rp2_common/pico_double/double_conv_m33.S.obj
LOAD CMakeFiles/pico_sensors_minimal.dir/_deps/pico_sdk-src/src/rp2_common/pico_float/float_math.c.obj
LOAD CMakeFiles/pico_sensors_minimal.dir/_deps/pico_sdk-src/src/rp2_common/pico_float/float_conv32_vfp.S.obj
LOAD CMakeFiles/pico_sensors_minimal.dir/_deps/pico_sdk-src/src/rp2_common/pico_float/float_common_m33.S.obj
LOAD CMakeFiles/pico_sensors_minimal.dir/_deps/pico_sdk-src/src/rp2_common/pico_float/float_sci_m33_vfp.S.obj
LOAD CMakeFiles/pico_sensors_minimal.dir/_deps/pico_sdk-src/src/rp2_common/pico_malloc/malloc.c.obj
LOAD CMakeFiles/pico_sensors_minimal.dir/_deps/pico_sdk-src/src/rp2_common/pico_atomic/atomic.c.obj
LOAD CMakeFiles/pico_sensors_minimal.dir/_deps/pico_sdk-src/src/rp2_common/pico_cxx_options/new_delete.cpp.obj
LOAD CMakeFiles/pico_sensors_minimal.dir/_deps/pico_sdk-src/src/rp2_common/pico_standard_binary_info/standard_binary_info.c.obj
LOAD CMakeFiles/pico_sensors_minimal.dir/_deps/pico_sdk-src/src/rp2_common/pico_printf/printf.c.obj
LOAD CMakeFiles/pico_sensors_minimal.dir/_deps/pico_sdk-src/src/rp2_common/pico_crt0/crt0.S.obj
LOAD CMakeFiles/pico_sensors_minimal.dir/_deps/pico_sdk-src/src/rp2_common/pico_clib_interface/newlib_interface.c.obj
LOAD CMakeFiles/pico_sensors_minimal.dir/_deps/pico_sdk-src/src/rp2_common/pico_stdio/stdio.c.obj
LOAD CMakeFiles/pico_sensors_minimal.dir/_deps/pico_sdk-src/src/rp2_common/pico_stdio_usb/reset_interface.c.obj
LOAD CMakeFiles/pico_sensors_minimal.dir/_deps/pico_sdk-src/src/rp2_common/pico_stdio_usb/stdio_usb.c.obj
LOAD CMakeFiles/pico_sensors_minimal.dir/_deps/pico_sdk-src/src/rp2_common/pico_stdio_usb/stdio_usb_descriptors.c.obj
LOAD CMakeFiles/pico_sensors_minimal.dir/_deps/pico_sdk-src/src/rp2_common/pico_unique_id/unique_id.c.obj
LOAD CMakeFiles/pico_sensors_minimal.dir/_deps/pico_sdk-src/src/rp2_common/hardware_flash/flash.c.obj
LOAD CMakeFiles/pico_sensors_minimal.dir/_deps/pico_sdk-src/src/rp2_common/hardware_xip_cache/xip_cache.c.obj
LOAD CMakeFiles/pico_sensors_minimal.dir/_deps/pico_sdk-src/lib/tinyusb/src/portable/raspberrypi/rp2040/dcd_rp2040.c.obj
LOAD CMakeFiles/pico_sensors_minimal.dir/_deps/pico_sdk-src/lib/tinyusb/src/portable/raspberrypi/rp2040/rp2040_usb.c.obj
LOAD CMakeFiles/pico_sensors_minimal.dir/_deps/pico_sdk-src/lib/tinyusb/src/device/usbd.c.obj
LOAD CMakeFiles/pico_sensors_minimal.dir/_deps/pico_sdk-src/lib/tinyusb/src/device/usbd_control.c.obj
LOAD CMakeFiles/pico_sensors_minimal.dir/_deps/pico_sdk-src/lib/tinyusb/src/class/audio/audio_device.c.obj
LOAD CMakeFiles/pico_sensors_minimal.dir/_deps/pico_sdk-src/lib/tinyusb/src/class/cdc/cdc_device.c.obj
LOAD CMakeFiles/pico_sensors_minimal.dir/_deps/pico_sdk-src/lib/tinyusb/src/class/dfu/dfu_device.c.obj
LOAD CMakeFiles/pico_sensors_minimal.dir/_deps/pico_sdk-src/lib/tinyusb/src/class/dfu/dfu_rt_device.c.obj
LOAD CMakeFiles/pico_sensors_minimal.dir/_deps/pico_sdk-src/lib/tinyusb/src/class/hid/hid_device.c.obj
LOAD CMakeFiles/pico_sensors_minimal.dir/_deps/pico_sdk-src/lib/tinyusb/src/class/midi/midi_device.c.obj
LOAD CMakeFiles/pico_sensors_minimal.dir/_deps/pico_sdk-src/lib/tinyusb/src/class/msc/msc_device.c.obj
LOAD CMakeFiles/pico_sensors_minimal.dir/_deps/pico_sdk-src/lib/tinyusb/src/class/net/ecm_rndis_device.c.obj
LOAD CMakeFiles/pico_sensors_minimal.dir/_deps/pico_sdk-src/lib/tinyusb/src/class/net/ncm_device.c.obj
LOAD CMakeFiles/pico_sensors_minimal.dir/_deps/pico_sdk-src/lib/tinyusb/src/class/usbtmc/usbtmc_device.c.obj
LOAD CMakeFiles/pico_sensors_minimal.dir/_deps/pico_sdk-src/lib/tinyusb/src/class/vendor/vendor_device.c.obj
LOAD CMakeFiles/pico_sensors_minimal.dir/_deps/pico_sdk-src/lib/tinyusb/src/class/video/video_device.c.obj
LOAD CMakeFiles/pico_sensors_minimal.dir/_deps/pico_sdk-src/lib/tinyusb/src/tusb.c.obj
LOAD CMakeFiles/pico_sensors_minimal.dir/_deps/pico_sdk-src/lib/tinyusb/src/common/tusb_fifo.c.obj
LOAD CMakeFiles/pico_sensors_minimal.dir/_deps/pico_sdk-src/src/rp2_common/pico_fix/rp2040_usb_device_enumeration/rp2040_usb_device_enumeration.c.obj
LOAD pico-sdk/src/rp2350/boot_stage2/CMakeFiles/bs2_default_library.dir/./bs2_default_padded_checksummed.S.obj
LOAD c:/progra~2/armgnu~1/12977f~1.2mp/bin/../lib/gcc/arm-none-eabi/12.2.1/thumb/v8-m.main+fp/softfp\libstdc++.a
LOAD c:/progra~2/armgnu~1/12977f~1.2mp/bin/../lib/gcc/arm-none-eabi/12.2.1/thumb/v8-m.main+fp/softfp\libm.a
START GROUP
LOAD c:/progra~2/armgnu~1/12977f~1.2mp/bin/../lib/gcc/arm-none-eabi/12.2.1/thumb/v8-m.main+fp/softfp\libgcc.a
LOAD c:/progra~2/armgnu~1/12977f~1.2mp/bin/../lib/gcc/arm-none-eabi/12.2.1/thumb/v8-m.main+fp/softfp\libg.a
LOAD c:/progra~2/armgnu~1/12977f~1.2mp/bin/../lib/gcc/arm-none-eabi/12.2.1/thumb/v8-m.main+fp/softfp\libc.a
END GROUP
START GROUP
LOAD c:/progra~2/armgnu~1/12977f~1.2mp/bin/../lib/gcc/arm-none-eabi/12.2.1/thumb/v8-m.main+fp/softfp\libgcc.a
LOAD c:/progra~2/armgnu~1/12977f~1.2mp/bin/../lib/gcc/arm-none-eabi/12.2.1/thumb/v8-m.main+fp/softfp\libc.a
LOAD c:/progra~2/armgnu~1/12977f~1.2mp/bin/../lib/gcc/arm-none-eabi/12.2.1/thumb/v8-m.main+fp/softfp\libnosys.a
END GROUP
LOAD c:/progra~2/armgnu~1/12977f~1.2mp/bin/../lib/gcc/arm-none-eabi/12.2.1/thumb/v8-m.main+fp/softfp/crtend.o
LOAD c:/progra~2/armgnu~1/12977f~1.2mp/bin/../lib/gcc/arm-none-eabi/12.2.1/thumb/v8-m.main+fp/softfp/crtn.o
OUTPUT(pico_sensors_minimal.elf elf32-littlearm)
LOAD linker stubs

.rel.dyn        0x10007100        0x0
 .rel.iplt      0x10007100        0x0 c:/progra~2/armgnu~1/12977f~1.2mp/bin/../lib/gcc/arm-none-eabi/12.2.1/thumb/v8-m.main+fp/softfp/crtbegin.o

.ARM.attributes
                0x00000000       0x34
 .ARM.attributes
                0x00000000       0x26 c:/progra~2/armgnu~1/12977f~1.2mp/bin/../lib/gcc/arm-none-eabi/12.2.1/thumb/v8-m.main+fp/softfp/crti.o
 .ARM.attributes
                0x00000026       0x36 c:/progra~2/armgnu~1/12977f~1.2mp/bin/../lib/gcc/arm-none-eabi/12.2.1/thumb/v8-m.main+fp/softfp/crtbegin.o
 .ARM.attributes
                0x0000005c       0x38 CMakeFiles/pico_sensors_minimal.dir/src/main_minimal.c.obj
 .ARM.attributes
                0x00000094       0x38 CMakeFiles/pico_sensors_minimal.dir/_deps/pico_sdk-src/src/rp2_common/pico_platform_panic/panic.c.obj
 .ARM.attributes
                0x000000cc       0x38 CMakeFiles/pico_sensors_minimal.dir/_deps/pico_sdk-src/src/common/hardware_claim/claim.c.obj
 .ARM.attributes
                0x00000104       0x38 CMakeFiles/pico_sensors_minimal.dir/_deps/pico_sdk-src/src/rp2_common/hardware_sync/sync.c.obj
 .ARM.attributes
                0x0000013c       0x38 CMakeFiles/pico_sensors_minimal.dir/_deps/pico_sdk-src/src/rp2_common/hardware_sync_spin_lock/sync_spin_lock.c.obj
 .ARM.attributes
                0x00000174       0x38 CMakeFiles/pico_sensors_minimal.dir/_deps/pico_sdk-src/src/rp2_common/hardware_irq/irq.c.obj
 .ARM.attributes
                0x000001ac       0x28 CMakeFiles/pico_sensors_minimal.dir/_deps/pico_sdk-src/src/rp2_common/hardware_irq/irq_handler_chain.S.obj
 .ARM.attributes